Component: ARM Compiler 5.06 update 6 (build 750) Tool: armlink [4d35ed]

==============================================================================

Section Cross References

    startup_stm32f407xx.o(RESET) refers to startup_stm32f407xx.o(STACK) for __initial_sp
    startup_stm32f407xx.o(RESET) refers to startup_stm32f407xx.o(.text) for Reset_Handler
    startup_stm32f407xx.o(RESET) refers to stm32f4xx_it.o(i.NMI_Handler) for NMI_Handler
    startup_stm32f407xx.o(RESET) refers to stm32f4xx_it.o(i.HardFault_Handler) for HardFault_Handler
    startup_stm32f407xx.o(RESET) refers to stm32f4xx_it.o(i.MemManage_Handler) for MemManage_Handler
    startup_stm32f407xx.o(RESET) refers to stm32f4xx_it.o(i.BusFault_Handler) for BusFault_Handler
    startup_stm32f407xx.o(RESET) refers to stm32f4xx_it.o(i.UsageFault_Handler) for UsageFault_Handler
    startup_stm32f407xx.o(RESET) refers to port.o(.emb_text) for SVC_Handler
    startup_stm32f407xx.o(RESET) refers to stm32f4xx_it.o(i.DebugMon_Handler) for DebugMon_Handler
    startup_stm32f407xx.o(RESET) refers to port.o(i.SysTick_Handler) for SysTick_Handler
    startup_stm32f407xx.o(RESET) refers to stm32f4xx_it.o(i.DMA1_Stream0_IRQHandler) for DMA1_Stream0_IRQHandler
    startup_stm32f407xx.o(RESET) refers to stm32f4xx_it.o(i.DMA1_Stream1_IRQHandler) for DMA1_Stream1_IRQHandler
    startup_stm32f407xx.o(RESET) refers to stm32f4xx_it.o(i.DMA1_Stream2_IRQHandler) for DMA1_Stream2_IRQHandler
    startup_stm32f407xx.o(RESET) refers to stm32f4xx_it.o(i.DMA1_Stream3_IRQHandler) for DMA1_Stream3_IRQHandler
    startup_stm32f407xx.o(RESET) refers to stm32f4xx_it.o(i.DMA1_Stream4_IRQHandler) for DMA1_Stream4_IRQHandler
    startup_stm32f407xx.o(RESET) refers to stm32f4xx_it.o(i.DMA1_Stream5_IRQHandler) for DMA1_Stream5_IRQHandler
    startup_stm32f407xx.o(RESET) refers to stm32f4xx_it.o(i.DMA1_Stream6_IRQHandler) for DMA1_Stream6_IRQHandler
    startup_stm32f407xx.o(RESET) refers to stm32f4xx_it.o(i.CAN1_TX_IRQHandler) for CAN1_TX_IRQHandler
    startup_stm32f407xx.o(RESET) refers to stm32f4xx_it.o(i.CAN1_RX0_IRQHandler) for CAN1_RX0_IRQHandler
    startup_stm32f407xx.o(RESET) refers to stm32f4xx_it.o(i.CAN1_RX1_IRQHandler) for CAN1_RX1_IRQHandler
    startup_stm32f407xx.o(RESET) refers to stm32f4xx_it.o(i.CAN1_SCE_IRQHandler) for CAN1_SCE_IRQHandler
    startup_stm32f407xx.o(RESET) refers to stm32f4xx_it.o(i.TIM1_BRK_TIM9_IRQHandler) for TIM1_BRK_TIM9_IRQHandler
    startup_stm32f407xx.o(RESET) refers to stm32f4xx_it.o(i.TIM1_UP_TIM10_IRQHandler) for TIM1_UP_TIM10_IRQHandler
    startup_stm32f407xx.o(RESET) refers to stm32f4xx_it.o(i.TIM2_IRQHandler) for TIM2_IRQHandler
    startup_stm32f407xx.o(RESET) refers to stm32f4xx_it.o(i.TIM3_IRQHandler) for TIM3_IRQHandler
    startup_stm32f407xx.o(RESET) refers to stm32f4xx_it.o(i.TIM4_IRQHandler) for TIM4_IRQHandler
    startup_stm32f407xx.o(RESET) refers to stm32f4xx_it.o(i.USART1_IRQHandler) for USART1_IRQHandler
    startup_stm32f407xx.o(RESET) refers to stm32f4xx_it.o(i.USART2_IRQHandler) for USART2_IRQHandler
    startup_stm32f407xx.o(RESET) refers to stm32f4xx_it.o(i.USART3_IRQHandler) for USART3_IRQHandler
    startup_stm32f407xx.o(RESET) refers to stm32f4xx_it.o(i.TIM8_BRK_TIM12_IRQHandler) for TIM8_BRK_TIM12_IRQHandler
    startup_stm32f407xx.o(RESET) refers to stm32f4xx_it.o(i.DMA1_Stream7_IRQHandler) for DMA1_Stream7_IRQHandler
    startup_stm32f407xx.o(RESET) refers to stm32f4xx_it.o(i.TIM5_IRQHandler) for TIM5_IRQHandler
    startup_stm32f407xx.o(RESET) refers to stm32f4xx_it.o(i.UART4_IRQHandler) for UART4_IRQHandler
    startup_stm32f407xx.o(RESET) refers to stm32f4xx_it.o(i.UART5_IRQHandler) for UART5_IRQHandler
    startup_stm32f407xx.o(RESET) refers to stm32f4xx_it.o(i.DMA2_Stream1_IRQHandler) for DMA2_Stream1_IRQHandler
    startup_stm32f407xx.o(RESET) refers to stm32f4xx_it.o(i.DMA2_Stream2_IRQHandler) for DMA2_Stream2_IRQHandler
    startup_stm32f407xx.o(RESET) refers to stm32f4xx_it.o(i.CAN2_TX_IRQHandler) for CAN2_TX_IRQHandler
    startup_stm32f407xx.o(RESET) refers to stm32f4xx_it.o(i.CAN2_RX0_IRQHandler) for CAN2_RX0_IRQHandler
    startup_stm32f407xx.o(RESET) refers to stm32f4xx_it.o(i.CAN2_RX1_IRQHandler) for CAN2_RX1_IRQHandler
    startup_stm32f407xx.o(RESET) refers to stm32f4xx_it.o(i.CAN2_SCE_IRQHandler) for CAN2_SCE_IRQHandler
    startup_stm32f407xx.o(RESET) refers to stm32f4xx_it.o(i.DMA2_Stream6_IRQHandler) for DMA2_Stream6_IRQHandler
    startup_stm32f407xx.o(RESET) refers to stm32f4xx_it.o(i.DMA2_Stream7_IRQHandler) for DMA2_Stream7_IRQHandler
    startup_stm32f407xx.o(RESET) refers to stm32f4xx_it.o(i.USART6_IRQHandler) for USART6_IRQHandler
    startup_stm32f407xx.o(.text) refers to system_stm32f4xx.o(i.SystemInit) for SystemInit
    startup_stm32f407xx.o(.text) refers to entry.o(.ARM.Collect$$$$00000000) for __main
    main.o(i.HAL_TIM_PeriodElapsedCallback) refers to micro_swicth.o(i.MicroSwicth_Callback) for MicroSwicth_Callback
[...]
    HAL_Init                                 0x08003171   Thumb Code    54  stm32f4xx_hal.o(i.HAL_Init)
    HAL_InitTick                             0x080031ad   Thumb Code   162  stm32f4xx_hal_timebase_tim.o(i.HAL_InitTick)
    HAL_MspInit                              0x08003261   Thumb Code    78  stm32f4xx_hal_msp.o(i.HAL_MspInit)
    HAL_NVIC_EnableIRQ                       0x080032b5   Thumb Code    40  stm32f4xx_hal_cortex.o(i.HAL_NVIC_EnableIRQ)
    HAL_NVIC_SetPriority                     0x080032dd   Thumb Code   124  stm32f4xx_hal_cortex.o(i.HAL_NVIC_SetPriority)
    HAL_NVIC_SetPriorityGrouping             0x08003359   Thumb Code    32  stm32f4xx_hal_cortex.o(i.HAL_NVIC_SetPriorityGrouping)
    HAL_NVIC_SystemReset                     0x08003381   Thumb Code    36  stm32f4xx_hal_cortex.o(i.HAL_NVIC_SystemReset)
    HAL_RCC_ClockConfig                      0x080033ad   Thumb Code   368  stm32f4xx_hal_rcc.o(i.HAL_RCC_ClockConfig)
    HAL_RCC_GetClockConfig                   0x08003531   Thumb Code    58  stm32f4xx_hal_rcc.o(i.HAL_RCC_GetClockConfig)
    HAL_RCC_GetHCLKFreq                      0x08003575   Thumb Code     6  stm32f4xx_hal_rcc.o(i.HAL_RCC_GetHCLKFreq)
    HAL_RCC_GetPCLK1Freq                     0x08003581   Thumb Code    22  stm32f4xx_hal_rcc.o(i.HAL_RCC_GetPCLK1Freq)
    HAL_RCC_GetPCLK2Freq                     0x080035a1   Thumb Code    22  stm32f4xx_hal_rcc.o(i.HAL_RCC_GetPCLK2Freq)
    HAL_RCC_GetSysClockFreq                  0x080035c1   Thumb Code   162  stm32f4xx_hal_rcc.o(i.HAL_RCC_GetSysClockFreq)
    HAL_RCC_OscConfig                        0x0800366d   Thumb Code  1172  stm32f4xx_hal_rcc.o(i.HAL_RCC_OscConfig)
    HAL_TIMEx_BreakCallback                  0x08003b09   Thumb Code     2  stm32f4xx_hal_tim_ex.o(i.HAL_TIMEx_BreakCallback)
    HAL_TIMEx_CommutCallback                 0x08003b0b   Thumb Code     2  stm32f4xx_hal_tim_ex.o(i.HAL_TIMEx_CommutCallback)
    HAL_TIMEx_MasterConfigSynchronization    0x08003b0d   Thumb Code   150  stm32f4xx_hal_tim_ex.o(i.HAL_TIMEx_MasterConfigSynchronization)
    HAL_TIM_Base_Init                        0x08003bc1   Thumb Code   102  stm32f4xx_hal_tim.o(i.HAL_TIM_Base_Init)
    HAL_TIM_Base_MspInit                     0x08003c29   Thumb Code   360  tim.o(i.HAL_TIM_Base_MspInit)
    HAL_TIM_Base_Start_IT                    0x08003dad   Thumb Code   138  stm32f4xx_hal_tim.o(i.HAL_TIM_Base_Start_IT)
    HAL_TIM_ConfigClockSource                0x08003e55   Thumb Code   268  stm32f4xx_hal_tim.o(i.HAL_TIM_ConfigClockSource)
    HAL_TIM_IC_CaptureCallback               0x08003f61   Thumb Code     2  stm32f4xx_hal_tim.o(i.HAL_TIM_IC_CaptureCallback)
    HAL_TIM_IRQHandler                       0x08003f63   Thumb Code   364  stm32f4xx_hal_tim.o(i.HAL_TIM_IRQHandler)
    HAL_TIM_MspPostInit                      0x080040d1   Thumb Code   282  tim.o(i.HAL_TIM_MspPostInit)
    HAL_TIM_OC_DelayElapsedCallback          0x08004209   Thumb Code     2  stm32f4xx_hal_tim.o(i.HAL_TIM_OC_DelayElapsedCallback)
    HAL_TIM_PWM_ConfigChannel                0x0800420b   Thumb Code   260  stm32f4xx_hal_tim.o(i.HAL_TIM_PWM_ConfigChannel)
    HAL_TIM_PWM_Init                         0x0800430f   Thumb Code   102  stm32f4xx_hal_tim.o(i.HAL_TIM_PWM_Init)
    HAL_TIM_PWM_MspInit                      0x08004375   Thumb Code     2  stm32f4xx_hal_tim.o(i.HAL_TIM_PWM_MspInit)
    HAL_TIM_PWM_PulseFinishedCallback        0x08004377   Thumb Code     2  stm32f4xx_hal_tim.o(i.HAL_TIM_PWM_PulseFinishedCallback)
    HAL_TIM_PeriodElapsedCallback            0x08004379   Thumb Code    56  main.o(i.HAL_TIM_PeriodElapsedCallback)
    HAL_TIM_TriggerCallback                  0x080043b9   Thumb Code     2  stm32f4xx_hal_tim.o(i.HAL_TIM_TriggerCallback)
    HAL_UARTEx_RxEventCallback               0x080043bb   Thumb Code     2  stm32f4xx_hal_uart.o(i.HAL_UARTEx_RxEventCallback)
    HAL_UART_AbortReceive                    0x080043bd   Thumb Code   196  stm32f4xx_hal_uart.o(i.HAL_UART_AbortReceive)
    HAL_UART_ErrorCallback                   0x08004481   Thumb Code     2  stm32f4xx_hal_uart.o(i.HAL_UART_ErrorCallback)
    HAL_UART_IRQHandler                      0x08004485   Thumb Code   740  stm32f4xx_hal_uart.o(i.HAL_UART_IRQHandler)
    HAL_UART_Init                            0x0800476d   Thumb Code   118  stm32f4xx_hal_uart.o(i.HAL_UART_Init)
    HAL_UART_MspInit                         0x080047e5   Thumb Code  1680  usart.o(i.HAL_UART_MspInit)
    HAL_UART_Receive_DMA                     0x08004ea5   Thumb Code    44  stm32f4xx_hal_uart.o(i.HAL_UART_Receive_DMA)
    HAL_UART_RxCpltCallback                  0x08004ed1   Thumb Code     2  stm32f4xx_hal_uart.o(i.HAL_UART_RxCpltCallback)
    HAL_UART_RxHalfCpltCallback              0x08004ed3   Thumb Code     2  stm32f4xx_hal_uart.o(i.HAL_UART_RxHalfCpltCallback)
    HAL_UART_Transmit_DMA                    0x08004ed5   Thumb Code   134  stm32f4xx_hal_uart.o(i.HAL_UART_Transmit_DMA)
    HAL_UART_TxCpltCallback                  0x08004f69   Thumb Code     2  stm32f4xx_hal_uart.o(i.HAL_UART_TxCpltCallback)
    HAL_UART_TxHalfCpltCallback              0x08004f6b   Thumb Code     2  stm32f4xx_hal_uart.o(i.HAL_UART_TxHalfCpltCallback)
    HardFault_Handler                        0x08004f6d   Thumb Code     4  stm32f4xx_it.o(i.HardFault_Handler)
    Judge_Read_Data                          0x08004f71   Thumb Code   428  bsp_judge.o(i.Judge_Read_Data)
    MX_CAN1_Init                             0x08005165   Thumb Code    60  can.o(i.MX_CAN1_Init)
    MX_CAN2_Init                             0x080051a9   Thumb Code    60  can.o(i.MX_CAN2_Init)
    MX_DMA_Init                              0x080051ed   Thumb Code   258  dma.o(i.MX_DMA_Init)
    MX_FREERTOS_Init                         0x080052f5   Thumb Code   206  freertos.o(i.MX_FREERTOS_Init)
    MX_GPIO_Init                             0x080053e9   Thumb Code   290  gpio.o(i.MX_GPIO_Init)
    MX_TIM10_Init                            0x08005519   Thumb Code    42  tim.o(i.MX_TIM10_Init)
    MX_TIM12_Init                            0x0800554d   Thumb Code   146  tim.o(i.MX_TIM12_Init)
    MX_TIM3_Init                             0x080055e9   Thumb Code   100  tim.o(i.MX_TIM3_Init)
    MX_TIM4_Init                             0x08005655   Thumb Code   202  tim.o(i.MX_TIM4_Init)
    MX_TIM5_Init                             0x08005729   Thumb Code   100  tim.o(i.MX_TIM5_Init)
    MX_TIM9_Init                             0x08005795   Thumb Code   146  tim.o(i.MX_TIM9_Init)
    MX_UART4_Init                            0x08005831   Thumb Code    46  usart.o(i.MX_UART4_Init)
    MX_UART5_Init                            0x08005869   Thumb Code    46  usart.o(i.MX_UART5_Init)
    MX_USART1_UART_Init                      0x080058a1   Thumb Code    52  usart.o(i.MX_USART1_UART_Init)
    MX_USART2_UART_Init                      0x080058e1   Thumb Code    46  usart.o(i.MX_USART2_UART_Init)
    MX_USART3_UART_Init                      0x08005919   Thumb Code    46  usart.o(i.MX_USART3_UART_Init)
    MX_USART6_UART_Init                      0x08005951   Thumb Code    46  usart.o(i.MX_USART6_UART_Init)
    MemManage_Handler                        0x08005989   Thumb Code     4  stm32f4xx_it.o(i.MemManage_Handler)
    MicroSwicth_Callback                     0x0800598d   Thumb Code    64  micro_swicth.o(i.MicroSwicth_Callback)
    ModeSwitch_Task                          0x080059dd   Thumb Code    96  modeswitch_task.o(i.ModeSwitch_Task)
    NMI_Handler                              0x08005a45   Thumb Code     4  stm32f4xx_it.o(i.NMI_Handler)
    PID_Calculate                            0x08005a49   Thumb Code   364  pid.o(i.PID_Calculate)
    PID_Init                                 0x08005bb9   Thumb Code   112  pid.o(i.PID_Init)
    Ramp_Calu                                0x08005c31   Thumb Code   214  reload_task.o(i.Ramp_Calu)
    Reload_Task                              0x0800611d   Thumb Code    44  reload_task.o(i.Reload_Task)
    Reload_Tick                              0x08006151   Thumb Code    52  reload_task.o(i.Reload_Tick)
    STMFLASH_ReadWord                        0x080063e1   Thumb Code     6  bsp_flash.o(i.STMFLASH_ReadWord)
    Serial_Screen_Handle                     0x0800672d   Thumb Code    62  bsp_serial_screen.o(i.Serial_Screen_Handle)
    Serial_Screen_Task                       0x08006771   Thumb Code   120  bsp_serial_screen.o(i.Serial_Screen_Task)
    Shoot_Task                               0x08006ac1   Thumb Code    48  shoot_task.o(i.Shoot_Task)
    StartDefaultTask                         0x08006b2d   Thumb Code    10  freertos.o(i.StartDefaultTask)
    SysTick_Handler                          0x08006b39   Thumb Code    46  port.o(i.SysTick_Handler)
    SystemClock_Config                       0x08006b6d   Thumb Code   170  main.o(i.SystemClock_Config)
    SystemInit                               0x08006c21   Thumb Code    14  system_stm32f4xx.o(i.SystemInit)
    TIM1_BRK_TIM9_IRQHandler                 0x08006c35   Thumb Code    10  stm32f4xx_it.o(i.TIM1_BRK_TIM9_IRQHandler)
    TIM1_UP_TIM10_IRQHandler                 0x08006c45   Thumb Code    10  stm32f4xx_it.o(i.TIM1_UP_TIM10_IRQHandler)
    TIM2_IRQHandler                          0x08006c55   Thumb Code    10  stm32f4xx_it.o(i.TIM2_IRQHandler)
    TIM3_IRQHandler                          0x08006c65   Thumb Code    10  stm32f4xx_it.o(i.TIM3_IRQHandler)
    TIM4_IRQHandler                          0x08006c75   Thumb Code    10  stm32f4xx_it.o(i.TIM4_IRQHandler)
    TIM5_IRQHandler                          0x08006c85   Thumb Code    10  stm32f4xx_it.o(i.TIM5_IRQHandler)
    TIM8_BRK_TIM12_IRQHandler                0x08006c95   Thumb Code    10  stm32f4xx_it.o(i.TIM8_BRK_TIM12_IRQHandler)
    TIM_Base_SetConfig                       0x08006ca5   Thumb Code   186  stm32f4xx_hal_tim.o(i.TIM_Base_SetConfig)
    TIM_ETR_SetConfig                        0x08006d8d   Thumb Code    22  stm32f4xx_hal_tim.o(i.TIM_ETR_SetConfig)
    TIM_OC2_SetConfig                        0x08006e25   Thumb Code   114  stm32f4xx_hal_tim.o(i.TIM_OC2_SetConfig)
    TOF_Tick                                 0x08006fbb   Thumb Code     2  tof.o(i.TOF_Tick)
    TOF_Usart_Handle                         0x08006fbd   Thumb Code   240  tof.o(i.TOF_Usart_Handle)
    UART4_IRQHandler                         0x080070d1   Thumb Code    16  stm32f4xx_it.o(i.UART4_IRQHandler)
    UART5_IRQHandler                         0x080070e5   Thumb Code    16  stm32f4xx_it.o(i.UART5_IRQHandler)
    UART_Start_Receive_DMA                   0x08007675   Thumb Code   186  stm32f4xx_hal_uart.o(i.UART_Start_Receive_DMA)
    USART1_IRQHandler                        0x0800779d   Thumb Code    16  stm32f4xx_it.o(i.USART1_IRQHandler)
    USART2_IRQHandler                        0x080077b1   Thumb Code    16  stm32f4xx_it.o(i.USART2_IRQHandler)
    USART3_IRQHandler                        0x080077c5   Thumb Code    16  stm32f4xx_it.o(i.USART3_IRQHandler)
    USART6_IRQHandler                        0x080077d9   Thumb Code    16  stm32f4xx_it.o(i.USART6_IRQHandler)
    USER_UART_IDLECallback                   0x080077ed   Thumb Code   136  bsp_usart.o(i.USER_UART_IDLECallback)
    USER_UART_IRQHandler                     0x080078a1   Thumb Code    50  bsp_usart.o(i.USER_UART_IRQHandler)
    USER_UART_Init                           0x080078d5   Thumb Code   264  bsp_usart.o(i.USER_UART_Init)
    Uart_printf                              0x08007a05   Thumb Code    44  bsp_usart.o(i.Uart_printf)
    UsageFault_Handler                       0x08007a35   Thumb Code     4  stm32f4xx_it.o(i.UsageFault_Handler)
    Verify_CRC16_Check_Sum                   0x08007c29   Thumb Code    60  crc.o(i.Verify_CRC16_Check_Sum)
    Verify_CRC8_Check_Sum                    0x08007c69   Thumb Code    48  crc.o(i.Verify_CRC8_Check_Sum)
    Vision_Usart_Handle                      0x08007c99   Thumb Code    74  bsp_vision.o(i.Vision_Usart_Handle)
    WriteFlashData                           0x08007cf5   Thumb Code   180  bsp_flash.o(i.WriteFlashData)
    __0vsnprintf                             0x08007dad   Thumb Code    40  printfa.o(i.__0vsnprintf)
    __1vsnprintf                             0x08007dad   Thumb Code     0  printfa.o(i.__0vsnprintf)
    __2vsnprintf                             0x08007dad   Thumb Code     0  printfa.o(i.__0vsnprintf)
    __c89vsnprintf                           0x08007dad   Thumb Code     0  printfa.o(i.__0vsnprintf)
    vsnprintf                                0x08007dad   Thumb Code     0  printfa.o(i.__0vsnprintf)
    __hardfp_fabs                            0x08007e11   Thumb Code    20  fabs.o(i.__hardfp_fabs)
    __scatterload_copy                       0x08007e25   Thumb Code    14  handlers.o(i.__scatterload_copy)
    __scatterload_null                       0x08007e33   Thumb Code     2  handlers.o(i.__scatterload_null)
    __scatterload_zeroinit                   0x08007e35   Thumb Code    14  handlers.o(i.__scatterload_zeroinit)
    can1_send_message                        0x0800870d   Thumb Code   152  bsp_can.o(i.can1_send_message)
    can2_send_message                        0x080087ad   Thumb Code   144  bsp_can.o(i.can2_send_message)
    canx_init                                0x08008845   Thumb Code    90  bsp_can.o(i.canx_init)
    encoder_data_handler                     0x080088b1   Thumb Code    92  dji_motor.o(i.encoder_data_handler)
    get_moto_offset                          0x08008cc9   Thumb Code    16  dji_motor.o(i.get_moto_offset)
    main                                     0x08008ce9   Thumb Code    98  main.o(i.main)
    osDelay                                  0x08008d5f   Thumb Code    24  cmsis_os.o(i.osDelay)
    osDelayUntil                             0x08008d77   Thumb Code    28  cmsis_os.o(i.osDelayUntil)
    osKernelStart                            0x08008d93   Thumb Code    10  cmsis_os.o(i.osKernelStart)
    osKernelSysTick                          0x08008d9d   Thumb Code    20  cmsis_os.o(i.osKernelSysTick)
    osSignalSet                              0x08008db1   Thumb Code    92  cmsis_os.o(i.osSignalSet)
    osSignalWait                             0x08008e11   Thumb Code    98  cmsis_os.o(i.osSignalWait)
    osThreadCreate                           0x08008e73   Thumb Code    94  cmsis_os.o(i.osThreadCreate)
    pvPortMalloc                             0x080098dd   Thumb Code   306  heap_4.o(i.pvPortMalloc)
    pxPortInitialiseStack                    0x08009a29   Thumb Code    38  port.o(i.pxPortInitialiseStack)
    sbus_callback_handler                    0x08009d0d   Thumb Code   316  bsp_remote_et08.o(i.sbus_callback_handler)
    uxListRemove                             0x0800a239   Thumb Code    40  list.o(i.uxListRemove)
    vApplicationGetIdleTaskMemory            0x0800a261   Thumb Code    14  freertos.o(i.vApplicationGetIdleTaskMemory)
    vApplicationGetTimerTaskMemory           0x0800a279   Thumb Code    16  freertos.o(i.vApplicationGetTimerTaskMemory)
    vListInitialise                          0x0800a291   Thumb Code    26  list.o(i.vListInitialise)
    vListInitialiseItem                      0x0800a2ab   Thumb Code     6  list.o(i.vListInitialiseItem)
    vListInsert                              0x0800a2b1   Thumb Code    52  list.o(i.vListInsert)
    vListInsertEnd                           0x0800a2e5   Thumb Code    24  list.o(i.vListInsertEnd)
    vPortEnterCritical                       0x0800a2fd   Thumb Code    76  port.o(i.vPortEnterCritical)
    vPortExitCritical                        0x0800a351   Thumb Code    56  port.o(i.vPortExitCritical)
    vPortFree                                0x0800a38d   Thumb Code   150  heap_4.o(i.vPortFree)
    vPortSetupTimerInterrupt                 0x0800a431   Thumb Code    36  port.o(i.vPortSetupTimerInterrupt)
    vPortValidateInterruptPriority           0x0800a459   Thumb Code   106  port.o(i.vPortValidateInterruptPriority)
    vQueueAddToRegistry                      0x0800a4d1   Thumb Code    38  queue.o(i.vQueueAddToRegistry)
    vQueueWaitForMessageRestricted           0x0800a4fd   Thumb Code    74  queue.o(i.vQueueWaitForMessageRestricted)
    vTaskDelay                               0x0800a549   Thumb Code    82  tasks.o(i.vTaskDelay)
    vTaskDelayUntil                          0x0800a5a5   Thumb Code   200  tasks.o(i.vTaskDelayUntil)
    vTaskInternalSetTimeOutState             0x0800a679   Thumb Code    14  tasks.o(i.vTaskInternalSetTimeOutState)
    vTaskMissedYield                         0x0800a691   Thumb Code     8  tasks.o(i.vTaskMissedYield)
    vTaskPlaceOnEventList                    0x0800a69d   Thumb Code    52  tasks.o(i.vTaskPlaceOnEventList)
    vTaskPlaceOnEventListRestricted          0x0800a6d5   Thumb Code    60  tasks.o(i.vTaskPlaceOnEventListRestricted)
    vTaskStartScheduler                      0x0800a715   Thumb Code   156  tasks.o(i.vTaskStartScheduler)
    vTaskSuspendAll                          0x0800a7cd   Thumb Code    12  tasks.o(i.vTaskSuspendAll)
    vTaskSwitchContext                       0x0800a7dd   Thumb Code   118  tasks.o(i.vTaskSwitchContext)
    xPortStartScheduler                      0x0800a869   Thumb Code   330  port.o(i.xPortStartScheduler)
    xQueueGenericCreateStatic                0x0800a9d1   Thumb Code   224  queue.o(i.xQueueGenericCreateStatic)
    xQueueGenericReset                       0x0800aab1   Thumb Code   146  queue.o(i.xQueueGenericReset)
    xQueueGenericSend                        0x0800ab49   Thumb Code   420  queue.o(i.xQueueGenericSend)
    xQueueGenericSendFromISR                 0x0800acf1   Thumb Code   252  queue.o(i.xQueueGenericSendFromISR)
    xQueueReceive                            0x0800aded   Thumb Code   356  queue.o(i.xQueueReceive)
    xTaskCheckForTimeOut                     0x0800af55   Thumb Code   132  tasks.o(i.xTaskCheckForTimeOut)
    xTaskCreate                              0x0800afe1   Thumb Code   100  tasks.o(i.xTaskCreate)
    xTaskCreateStatic                        0x0800b045   Thumb Code   186  tasks.o(i.xTaskCreateStatic)
    xTaskGenericNotify                       0x0800b101   Thumb Code   280  tasks.o(i.xTaskGenericNotify)
    xTaskGenericNotifyFromISR                0x0800b229   Thumb Code   334  tasks.o(i.xTaskGenericNotifyFromISR)
    xTaskGetSchedulerState                   0x0800b391   Thumb Code    24  tasks.o(i.xTaskGetSchedulerState)
    xTaskGetTickCount                        0x0800b3b1   Thumb Code     6  tasks.o(i.xTaskGetTickCount)
    xTaskGetTickCountFromISR                 0x0800b3bd   Thumb Code    16  tasks.o(i.xTaskGetTickCountFromISR)
    xTaskIncrementTick                       0x0800b3d1   Thumb Code   282  tasks.o(i.xTaskIncrementTick)
    xTaskNotifyWait                          0x0800b519   Thumb Code   150  tasks.o(i.xTaskNotifyWait)
    xTaskPriorityDisinherit                  0x0800b5b9   Thumb Code   188  tasks.o(i.xTaskPriorityDisinherit)
    xTaskRemoveFromEventList                 0x0800b681   Thumb Code   128  tasks.o(i.xTaskRemoveFromEventList)
    xTaskResumeAll                           0x0800b719   Thumb Code   224  tasks.o(i.xTaskResumeAll)
    xTimerCreateTimerTask                    0x0800b81d   Thumb Code   100  timers.o(i.xTimerCreateTimerTask)
    xTimerGenericCommand                     0x0800b895   Thumb Code   126  timers.o(i.xTimerGenericCommand)
    AHBPrescTable                            0x0800ba00   Data          16  system_stm32f4xx.o(.constdata)
    APBPrescTable                            0x0800ba10   Data           8  system_stm32f4xx.o(.constdata)
    CRC8_INIT                                0x0800ba44   Data           1  crc.o(.constdata)
    CRC8_TAB                                 0x0800ba45   Data         256  crc.o(.constdata)
    wCRC_Table                               0x0800bb46   Data         512  crc.o(.constdata)
    Region$$Table$$Base                      0x0800bdac   Number         0  anon$$obj.o(Region$$Table)
    Region$$Table$$Limit                     0x0800bdcc   Number         0  anon$$obj.o(Region$$Table)
    _1ms_cnt                                 0x20000000   Data           8  main.o(.data)
    defaultTaskHandle                        0x20000008   Data           4  freertos.o(.data)
    can_send_task_handle                     0x2000000c   Data           4  freertos.o(.data)
    tof_task_handle                          0x20000010   Data           4  freertos.o(.data)
    shoot_task_handle                        0x20000014   Data           4  freertos.o(.data)
    reload_task_handle                       0x20000018   Data           4  freertos.o(.data)
    giambal_task_handle                      0x2000001c   Data           4  freertos.o(.data)
    modeswitch_task_handle                   0x20000020   Data           4  freertos.o(.data)
    temp_task_handle                         0x20000024   Data           4  freertos.o(.data)
    serial_screen_task_handle                0x20000028   Data           4  freertos.o(.data)
    debug_task_handle                        0x2000002c   Data           4  freertos.o(.data)
    uwTick                                   0x20000034   Data           4  stm32f4xx_hal.o(.data)
    uwTickPrio                               0x20000038   Data           4  stm32f4xx_hal.o(.data)
    uwTickFreq                               0x2000003c   Data           1  stm32f4xx_hal.o(.data)
    SystemCoreClock                          0x20000040   Data           4  system_stm32f4xx.o(.data)
    pxCurrentTCB                             0x20000044   Data           4  tasks.o(.data)
    gimbal_remote_change_flag                0x200000d0   Data           1  bsp_serial_screen.o(.data)
    serial_fric_vel                          0x200000d2   Data           8  bsp_serial_screen.o(.data)
    serial_num                               0x200000da   Data           1  bsp_serial_screen.o(.data)
    serial_protect_flag                      0x200000db   Data           1  bsp_serial_screen.o(.data)
    flash_flag                               0x200000dc   Data           1  bsp_serial_screen.o(.data)
    screen_update_flag                       0x200000dd   Data           1  bsp_serial_screen.o(.data)
    screen_mode                              0x200000de   Data           1  bsp_serial_screen.o(.data)
    FrameHeader                              0x200000e0   Data           5  bsp_judge.o(.data)
    Game_Result                              0x200000e5   Data           1  bsp_judge.o(.data)
    Dart_Status                              0x200000e6   Data           3  bsp_judge.o(.data)
    Event_Data                               0x200000e9   Data           4  bsp_judge.o(.data)
    Supply_Projectile_Action                 0x200000ed   Data           4  bsp_judge.o(.data)
    Referee_Warning                          0x200000f1   Data           2  bsp_judge.o(.data)
    Dart_Info                                0x200000f3   Data           3  bsp_judge.o(.data)
    Buff                                     0x200000f6   Data           1  bsp_judge.o(.data)
    Aerial_Robot_Energy                      0x200000f7   Data           1  bsp_judge.o(.data)
    Robot_Hurt                               0x200000f8   Data           1  bsp_judge.o(.data)
    Shoot_Data                               0x200000f9   Data           7  bsp_judge.o(.data)
    Bullet_Remaining                         0x20000100   Data           6  bsp_judge.o(.data)
    RFID_Status                              0x20000106   Data           4  bsp_judge.o(.data)
    Dart_Client                              0x2000010a   Data           6  bsp_judge.o(.data)
    Robot_Self_HP                            0x20000110   Data           2  bsp_judge.o(.data)
    motor_current                            0x20000112   Data           8  can_comm.o(.data)
    gimbal_zero                              0x2000011c   Data           1  micro_swicth.o(.data)
    reload_zero                              0x2000011d   Data           1  micro_swicth.o(.data)
    gate_open_cnt                            0x20000120   Data           1  tof.o(.data)
    tof_data                                 0x20000121   Data           7  tof.o(.data)
    tof_gate_state                           0x20000128   Data           1  tof.o(.data)
    tof_close_time_cnt                       0x20000129   Data           1  tof.o(.data)
    tof_open_time_cnt                        0x2000012a   Data           1  tof.o(.data)
    shoot_fsm                                0x2000012c   Data           8  shoot_task.o(.data)
    shoot_step                               0x20000134   Data           2  shoot_task.o(.data)
    shoot_temp                               0x20000136   Data           4  shoot_task.o(.data)
    motor_type                               0x2000013b   Data           1  debug_task.o(.data)
    dart_num                                 0x2000013c   Data           1  reload_task.o(.data)
    last_dart_num                            0x2000013d   Data           1  reload_task.o(.data)
    one_dart_out_flag                        0x2000013e   Data           1  reload_task.o(.data)
    fric_run_flag                            0x2000013f   Data           1  reload_task.o(.data)
    reload_fsm                               0x20000140   Data           8  reload_task.o(.data)
    rel_one_flag                             0x20000148   Data           1  reload_task.o(.data)
    rel_all_flag                             0x20000149   Data           1  reload_task.o(.data)
    reload_tick_cnt                          0x2000014a   Data           2  reload_task.o(.data)
    reload_lanuch_flag                       0x2000014c   Data           1  reload_task.o(.data)
    reload_tick_start                        0x2000014d   Data           1  reload_task.o(.data)
    reload_init_finish_flag                  0x2000014e   Data           1  reload_task.o(.data)
    vision_nofound_pos                       0x20000150   Data           4  gimbal_task.o(.data)
    gimbal_auto_ready_flag                   0x20000154   Data           1  gimbal_task.o(.data)
    err_zero_cnt                             0x20000158   Data           4  gimbal_task.o(.data)
    k                                        0x2000015c   Data           4  gimbal_task.o(.data)
    vision_err                               0x20000160   Data           4  gimbal_task.o(.data)
    vision_turn                              0x20000164   Data           1  gimbal_task.o(.data)
    vision_step                              0x20000166   Data           2  gimbal_task.o(.data)
    gimbal_init_finish_flag                  0x20000168   Data           1  gimbal_task.o(.data)
    ctrl_mode                                0x20000169   Data           1  modeswitch_task.o(.data)
    lock_flag                                0x2000016a   Data           1  modeswitch_task.o(.data)
    CRC_INIT                                 0x2000016c   Data           2  crc.o(.data)
    vision_found_pos                         0x20000170   Data           4  bsp_vision.o(.data)
    vision_flag                              0x20000174   Data           1  bsp_vision.o(.data)
    hcan1                                    0x20000824   Data          40  can.o(.bss)
    hcan2                                    0x2000084c   Data          40  can.o(.bss)
    htim3                                    0x20000874   Data          72  tim.o(.bss)
    htim4                                    0x200008bc   Data          72  tim.o(.bss)
    htim5                                    0x20000904   Data          72  tim.o(.bss)
    htim9                                    0x2000094c   Data          72  tim.o(.bss)
    htim10                                   0x20000994   Data          72  tim.o(.bss)
    htim12                                   0x200009dc   Data          72  tim.o(.bss)
    huart4                                   0x20000a24   Data          72  usart.o(.bss)
    huart5                                   0x20000a6c   Data          72  usart.o(.bss)
    huart1                                   0x20000ab4   Data          72  usart.o(.bss)
    huart2                                   0x20000afc   Data          72  usart.o(.bss)
    huart3                                   0x20000b44   Data          72  usart.o(.bss)
    huart6                                   0x20000b8c   Data          72  usart.o(.bss)
    hdma_uart4_rx                            0x20000bd4   Data          96  usart.o(.bss)
    hdma_uart4_tx                            0x20000c34   Data          96  usart.o(.bss)
    hdma_uart5_rx                            0x20000c94   Data          96  usart.o(.bss)
    hdma_uart5_tx                            0x20000cf4   Data          96  usart.o(.bss)
    hdma_usart1_rx                           0x20000d54   Data          96  usart.o(.bss)
    hdma_usart1_tx                           0x20000db4   Data          96  usart.o(.bss)
    hdma_usart2_rx                           0x20000e14   Data          96  usart.o(.bss)
    hdma_usart2_tx                           0x20000e74   Data          96  usart.o(.bss)
    hdma_usart3_rx                           0x20000ed4   Data          96  usart.o(.bss)
    hdma_usart3_tx                           0x20000f34   Data          96  usart.o(.bss)
    hdma_usart6_tx                           0x20000f94   Data          96  usart.o(.bss)
    hdma_usart6_rx                           0x20000ff4   Data          96  usart.o(.bss)
    htim2                                    0x20001054   Data          72  stm32f4xx_hal_timebase_tim.o(.bss)
    pFlash                                   0x2000109c   Data          32  stm32f4xx_hal_flash.o(.bss)
    xQueueRegistry                           0x200010bc   Data          64  queue.o(.bss)
    can_rx_data                              0x20004ed4   Data          36  bsp_can.o(.bss)
    dma_dbus_buf                             0x20004ef8   Data          25  bsp_usart.o(.bss)
    dma_judge_buf                            0x20004f11   Data         100  bsp_usart.o(.bss)
    dma_vision_buf                           0x20004f75   Data          23  bsp_usart.o(.bss)
    dma_screen_buf                           0x20004f8c   Data          15  bsp_usart.o(.bss)
    dma_tof_buf                              0x20004f9b   Data           9  bsp_usart.o(.bss)
    buf                                      0x20004fa4   Data          80  bsp_usart.o(.bss)
    SBUS                                     0x20005036   Data          44  bsp_remote_et08.o(.bss)
    serial_gimbal_pos                        0x20005064   Data          16  bsp_serial_screen.o(.bss)
    serial_gimbal_vision_pos                 0x20005074   Data          16  bsp_serial_screen.o(.bss)
    flash_temp                               0x20005084   Data          40  bsp_serial_screen.o(.bss)
    Game_State                               0x200050ac   Data          11  bsp_judge.o(.bss)
    RobotHP                                  0x200050b7   Data          32  bsp_judge.o(.bss)
    Game_Robot_Status                        0x200050d7   Data          27  bsp_judge.o(.bss)
    Power_Heat_Data                          0x200050f2   Data          16  bsp_judge.o(.bss)
    Robot_Position                           0x20005102   Data          12  bsp_judge.o(.bss)
    Comm_getdata                             0x2000510e   Data          26  bsp_judge.o(.bss)
    fric_motor_data                          0x20005128   Data          48  can_comm.o(.bss)
    reload_motor_data                        0x20005158   Data          24  can_comm.o(.bss)
    gimbal_motor_data                        0x20005170   Data          24  can_comm.o(.bss)
    fric_motor_pid_t                         0x20005188   Data         272  shoot_task.o(.bss)
    shoot                                    0x20005298   Data          24  shoot_task.o(.bss)
    reload                                   0x200052b0   Data          28  reload_task.o(.bss)
    reload_spd_pid_t                         0x200052d0   Data         136  reload_task.o(.bss)
    reload_spd_Cpid_t                        0x20005358   Data         136  reload_task.o(.bss)
    reload_pos_Cpid_t                        0x200053e0   Data         136  reload_task.o(.bss)
    reload_ramp                              0x20005468   Data          12  reload_task.o(.bss)
    gimbal                                   0x20005478   Data          24  gimbal_task.o(.bss)
    gimbal_spd_pid_t                         0x20005490   Data         136  gimbal_task.o(.bss)
    gimbal_pos_pid_t                         0x20005518   Data         136  gimbal_task.o(.bss)
    __initial_sp                             0x20005ba0   Data           0  startup_stm32f407xx.o(STACK)



==============================================================================

Memory Map of the image

  Image Entry point : 0x08000189

  Load Region LR_IROM1 (Base: 0x08000000, Size: 0x0000bf48, Max: 0x00080000, ABSOLUTE, COMPRESSED[0x0000bdf0])

    Execution Region ER_IROM1 (Exec base: 0x08000000, Load base: 0x08000000, Size: 0x0000bdcc, Max: 0x00080000, ABSOLUTE)

    Exec Addr    Load Addr    Size         Type   Attr      Idx    E Section Name        Object

    0x08000000   0x08000000   0x00000188   Data   RO            3    RESET               startup_stm32f407xx.o
    0x08000188   0x08000188   0x00000000   Code   RO         6468  * .ARM.Collect$$$$00000000  mc_w.l(entry.o)
    0x08000188   0x08000188   0x00000004   Code   RO         6545    .ARM.Collect$$$$00000001  mc_w.l(entry2.o)
    0x0800018c   0x0800018c   0x00000004   Code   RO         6548    .ARM.Collect$$$$00000004  mc_w.l(entry5.o)
    0x08000190   0x08000190   0x00000000   Code   RO         6550    .ARM.Collect$$$$00000008  mc_w.l(entry7b.o)
    0x08000190   0x08000190   0x00000000   Code   RO         6552    .ARM.Collect$$$$0000000A  mc_w.l(entry8b.o)
    0x08000190   0x08000190   0x00000008   Code   RO         6553    .ARM.Collect$$$$0000000B  mc_w.l(entry9a.o)
    0x08000198   0x08000198   0x00000000   Code   RO         6555    .ARM.Collect$$$$0000000D  mc_w.l(entry10a.o)
    0x08000198   0x08000198   0x00000000   Code   RO         6557    .ARM.Collect$$$$0000000F  mc_w.l(entry11a.o)
    0x08000198   0x08000198   0x00000004   Code   RO         6546    .ARM.Collect$$$$00002712  mc_w.l(entry2.o)
    0x0800019c   0x0800019c   0x000000be   Code   RO         5116    .emb_text           port.o
    0x0800025a   0x0800025a   0x00000002   PAD
    0x0800025c   0x0800025c   0x00000024   Code   RO            4    .text               startup_stm32f407xx.o
    0x08000280   0x08000280   0x00000062   Code   RO         6471    .text               mc_w.l(uldiv.o)
    0x080002e2   0x080002e2   0x00000024   Code   RO         6473    .text               mc_w.l(memcpya.o)
    0x08000306   0x08000306   0x00000024   Code   RO         6477    .text               mc_w.l(memseta.o)
    0x0800032a   0x0800032a   0x0000014e   Code   RO         6509    .text               mf_w.l(dadd.o)
    0x08000478   0x08000478   0x000000e4   Code   RO         6511    .text               mf_w.l(dmul.o)
    0x0800055c   0x0800055c   0x000000de   Code   RO         6513    .text               mf_w.l(ddiv.o)
    0x0800063a   0x0800063a   0x0000001c   Code   RO         6515    .text               mf_w.l(ffltul.o)
    0x08000656   0x08000656   0x00000022   Code   RO         6517    .text               mf_w.l(dflti.o)
    0x08000678   0x08000678   0x0000003e   Code   RO         6519    .text               mf_w.l(dfixi.o)
    0x080006b6   0x080006b6   0x00000026   Code   RO         6521    .text               mf_w.l(f2d.o)
    0x080006dc   0x080006dc   0x00000030   Code   RO         6523    .text               mf_w.l(cdcmple.o)
    0x0800070c   0x0800070c   0x00000030   Code   RO         6525    .text               mf_w.l(cdrcmple.o)
    0x0800073c   0x0800073c   0x00000038   Code   RO         6527    .text               mf_w.l(d2f.o)
    0x08000774   0x08000774   0x0000002c   Code   RO         6562    .text               mc_w.l(uidiv.o)
    0x080007a0   0x080007a0   0x0000001e   Code   RO         6564    .text               mc_w.l(llshl.o)
    0x080007be   0x080007be   0x00000020   Code   RO         6566    .text               mc_w.l(llushr.o)
    0x080007de   0x080007de   0x00000024   Code   RO         6568    .text               mc_w.l(llsshr.o)
    0x08000802   0x08000802   0x00000000   Code   RO         6577    .text               mc_w.l(iusefp.o)
    0x08000802   0x08000802   0x0000006e   Code   RO         6578    .text               mf_w.l(fepilogue.o)
    0x08000870   0x08000870   0x000000ba   Code   RO         6580    .text               mf_w.l(depilogue.o)
    0x0800092a   0x0800092a   0x00000030   Code   RO         6582    .text               mf_w.l(dfixul.o)
    0x0800095a   0x0800095a   0x00000002   PAD
    0x0800095c   0x0800095c   0x00000024   Code   RO         6586    .text               mc_w.l(init.o)
    0x08000980   0x08000980   0x0000003a   Code   RO         6598    .text               mc_w.l(__dczerorl.o)
    0x080009ba   0x080009ba   0x00000004   Code   RO          568    i.BusFault_Handler  stm32f4xx_it.o
    0x080009be   0x080009be   0x00000026   Code   RO         5196    i.CAN1_FilterEnd_Config  bsp_can.o
    0x080009e4   0x080009e4   0x0000008c   Code   RO         5197    i.CAN1_IDList_Config  bsp_can.o
    0x08000a70   0x08000a70   0x00000010   Code   RO          569    i.CAN1_RX0_IRQHandler  stm32f4xx_it.o
    0x08000a80   0x08000a80   0x00000010   Code   RO          570    i.CAN1_RX1_IRQHandler  stm32f4xx_it.o
    0x08000a90   0x08000a90   0x00000010   Code   RO          571    i.CAN1_SCE_IRQHandler  stm32f4xx_it.o
    0x08000aa0   0x08000aa0   0x00000010   Code   RO          572    i.CAN1_TX_IRQHandler  stm32f4xx_it.o
    0x08000ab0   0x08000ab0   0x00000026   Code   RO         5198    i.CAN2_FilterEnd_Config  bsp_can.o
    0x08000ad6   0x08000ad6   0x0000008c   Code   RO         5199    i.CAN2_IDList_Config  bsp_can.o
    0x08000b62   0x08000b62   0x00000002   PAD
    0x08000b64   0x08000b64   0x00000010   Code   RO          573    i.CAN2_RX0_IRQHandler  stm32f4xx_it.o
    0x08000b74   0x08000b74   0x00000010   Code   RO          574    i.CAN2_RX1_IRQHandler  stm32f4xx_it.o
    0x08000b84   0x08000b84   0x00000010   Code   RO          575    i.CAN2_SCE_IRQHandler  stm32f4xx_it.o
    0x08000b94   0x08000b94   0x00000010   Code   RO          576    i.CAN2_TX_IRQHandler  stm32f4xx_it.o
    0x08000ba4   0x08000ba4   0x00000048   Code   RO         5200    i.CAN_Filter_IDList_Config  bsp_can.o
    0x08000bec   0x08000bec   0x00000048   Code   RO         5601    i.Can_Device_Init   can_comm.o
    0x08000c34   0x08000c34   0x00000074   Code   RO         5602    i.Can_Send_Task     can_comm.o
    0x08000ca8   0x08000ca8   0x00000010   Code   RO          577    i.DMA1_Stream0_IRQHandler  stm32f4xx_it.o
    0x08000cb8   0x08000cb8   0x00000010   Code   RO          578    i.DMA1_Stream1_IRQHandler  stm32f4xx_it.o
    0x08000cc8   0x08000cc8   0x00000010   Code   RO          579    i.DMA1_Stream2_IRQHandler  stm32f4xx_it.o
    0x08000cd8   0x08000cd8   0x00000010   Code   RO          580    i.DMA1_Stream3_IRQHandler  stm32f4xx_it.o
    0x08000ce8   0x08000ce8   0x00000010   Code   RO          581    i.DMA1_Stream4_IRQHandler  stm32f4xx_it.o
    0x08000cf8   0x08000cf8   0x00000010   Code   RO          582    i.DMA1_Stream5_IRQHandler  stm32f4xx_it.o
    0x08000d08   0x08000d08   0x00000010   Code   RO          583    i.DMA1_Stream6_IRQHandler  stm32f4xx_it.o
    0x08000d18   0x08000d18   0x00000010   Code   RO          584    i.DMA1_Stream7_IRQHandler  stm32f4xx_it.o
    0x08000d28   0x08000d28   0x00000010   Code   RO          585    i.DMA2_Stream1_IRQHandler  stm32f4xx_it.o
    0x08000d38   0x08000d38   0x00000010   Code   RO          586    i.DMA2_Stream2_IRQHandler  stm32f4xx_it.o
    0x08000d48   0x08000d48   0x00000010   Code   RO          587    i.DMA2_Stream6_IRQHandler  stm32f4xx_it.o
    0x08000d58   0x08000d58   0x00000010   Code   RO          588    i.DMA2_Stream7_IRQHandler  stm32f4xx_it.o
    0x08000d68   0x08000d68   0x00000034   Code   RO         2609    i.DMA_CalcBaseAndBitshift  stm32f4xx_hal_dma.o
    0x08000d9c   0x08000d9c   0x000000aa   Code   RO         2610    i.DMA_CheckFifoParam  stm32f4xx_hal_dma.o
    0x08000e46   0x08000e46   0x0000002c   Code   RO         2611    i.DMA_SetConfig     stm32f4xx_hal_dma.o
    0x08000e72   0x08000e72   0x00000002   PAD
    0x08000e74   0x08000e74   0x0000011c   Code   RO         5901    i.Dart_Num_Update   reload_task.o
    0x08000f90   0x08000f90   0x0000003c   Code   RO         5377    i.DataScope_Data_Generate  data_scope.o
    0x08000fcc   0x08000fcc   0x0000003c   Code   RO         5378    i.DataScope_Get_Channel_Data  data_scope.o
    0x08001008   0x08001008   0x00000038   Code   RO         5379    i.DataWave          data_scope.o
    0x08001040   0x08001040   0x00000250   Code   RO         5850    i.DataWavePkg       debug_task.o
    0x08001290   0x08001290   0x00000002   Code   RO          589    i.DebugMon_Handler  stm32f4xx_it.o
    0x08001292   0x08001292   0x00000002   PAD
    0x08001294   0x08001294   0x00000028   Code   RO         5851    i.Debug_Task        debug_task.o
    0x080012bc   0x080012bc   0x00000006   Code   RO           13    i.Error_Handler     main.o
    0x080012c2   0x080012c2   0x00000002   PAD
    0x080012c4   0x080012c4   0x0000005c   Code   RO         2379    i.FLASH_Erase_Sector  stm32f4xx_hal_flash_ex.o
    0x08001320   0x08001320   0x00000078   Code   RO         2380    i.FLASH_FlushCaches  stm32f4xx_hal_flash_ex.o
    0x08001398   0x08001398   0x00000030   Code   RO         2381    i.FLASH_MassErase   stm32f4xx_hal_flash_ex.o
    0x080013c8   0x080013c8   0x00000024   Code   RO         2261    i.FLASH_Program_Byte  stm32f4xx_hal_flash.o
    0x080013ec   0x080013ec   0x00000030   Code   RO         2262    i.FLASH_Program_DoubleWord  stm32f4xx_hal_flash.o
    0x0800141c   0x0800141c   0x00000028   Code   RO         2263    i.FLASH_Program_HalfWord  stm32f4xx_hal_flash.o
    0x08001444   0x08001444   0x00000028   Code   RO         2264    i.FLASH_Program_Word  stm32f4xx_hal_flash.o
    0x0800146c   0x0800146c   0x00000098   Code   RO         2265    i.FLASH_SetErrorCode  stm32f4xx_hal_flash.o
    0x08001504   0x08001504   0x00000064   Code   RO         2266    i.FLASH_WaitForLastOperation  stm32f4xx_hal_flash.o
    0x08001568   0x08001568   0x0000001c   Code   RO         5381    i.Float2Byte        data_scope.o
    0x08001584   0x08001584   0x00000014   Code   RO         5727    i.FricMotor_Mode_Change  shoot_task.o
    0x08001598   0x08001598   0x00000034   Code   RO         6359    i.Get_CRC16_Check_Sum  crc.o
    0x080015cc   0x080015cc   0x00000024   Code   RO         6360    i.Get_CRC8_Check_Sum  crc.o
    0x080015f0   0x080015f0   0x00000024   Code   RO         6054    i.GimbalAutoControl  gimbal_task.o
    0x08001614   0x08001614   0x000002f0   Code   RO         6055    i.Gimbal_Auto_Found_Ctrl  gimbal_task.o
    0x08001904   0x08001904   0x00000100   Code   RO         6056    i.Gimbal_Auto_NoFound_Ctrl  gimbal_task.o
    0x08001a04   0x08001a04   0x00000044   Code   RO         6057    i.Gimbal_Control    gimbal_task.o
    0x08001a48   0x08001a48   0x00000014   Code   RO         6058    i.Gimbal_Current_Set  gimbal_task.o
    0x08001a5c   0x08001a5c   0x00000030   Code   RO         6059    i.Gimbal_Data_Update  gimbal_task.o
    0x08001a8c   0x08001a8c   0x0000008c   Code   RO         6060    i.Gimbal_Found_Zero  gimbal_task.o
    0x08001b18   0x08001b18   0x000000b4   Code   RO         6061    i.Gimbal_Mode_Change  gimbal_task.o
    0x08001bcc   0x08001bcc   0x00000088   Code   RO         6062    i.Gimbal_Motor_Init  gimbal_task.o
    0x08001c54   0x08001c54   0x000000a4   Code   RO         6063    i.Gimbal_Pid_Cal    gimbal_task.o
    0x08001cf8   0x08001cf8   0x00000114   Code   RO         6064    i.Gimbal_Remote_Control  gimbal_task.o
    0x08001e0c   0x08001e0c   0x00000038   Code   RO         6065    i.Gimbal_Task       gimbal_task.o
    0x08001e44   0x08001e44   0x0000002a   Code   RO         1872    i.HAL_CAN_ActivateNotification  stm32f4xx_hal_can.o
    0x08001e6e   0x08001e6e   0x0000014a   Code   RO         1873    i.HAL_CAN_AddTxMessage  stm32f4xx_hal_can.o
    0x08001fb8   0x08001fb8   0x00000124   Code   RO         1874    i.HAL_CAN_ConfigFilter  stm32f4xx_hal_can.o
    0x080020dc   0x080020dc   0x00000002   Code   RO         1877    i.HAL_CAN_ErrorCallback  stm32f4xx_hal_can.o
    0x080020de   0x080020de   0x00000194   Code   RO         1880    i.HAL_CAN_GetRxMessage  stm32f4xx_hal_can.o
    0x08002272   0x08002272   0x00000036   Code   RO         1882    i.HAL_CAN_GetTxMailboxesFreeLevel  stm32f4xx_hal_can.o
    0x080022a8   0x080022a8   0x0000024e   Code   RO         1884    i.HAL_CAN_IRQHandler  stm32f4xx_hal_can.o
    0x080024f6   0x080024f6   0x00000174   Code   RO         1885    i.HAL_CAN_Init      stm32f4xx_hal_can.o
    0x0800266a   0x0800266a   0x00000002   PAD
    0x0800266c   0x0800266c   0x000001c4   Code   RO          346    i.HAL_CAN_MspInit   can.o
    0x08002830   0x08002830   0x00000002   Code   RO         1892    i.HAL_CAN_RxFifo0FullCallback  stm32f4xx_hal_can.o
    0x08002832   0x08002832   0x00000002   PAD
    0x08002834   0x08002834   0x00000038   Code   RO         5201    i.HAL_CAN_RxFifo0MsgPendingCallback  bsp_can.o
    0x0800286c   0x0800286c   0x00000002   Code   RO         1894    i.HAL_CAN_RxFifo1FullCallback  stm32f4xx_hal_can.o
    0x0800286e   0x0800286e   0x00000002   PAD
    0x08002870   0x08002870   0x00000038   Code   RO         5202    i.HAL_CAN_RxFifo1MsgPendingCallback  bsp_can.o
    0x080028a8   0x080028a8   0x00000002   Code   RO         1896    i.HAL_CAN_SleepCallback  stm32f4xx_hal_can.o
    0x080028aa   0x080028aa   0x0000005e   Code   RO         1897    i.HAL_CAN_Start     stm32f4xx_hal_can.o
    0x08002908   0x08002908   0x00000002   Code   RO         1899    i.HAL_CAN_TxMailbox0AbortCallback  stm32f4xx_hal_can.o
    0x0800290a   0x0800290a   0x00000002   Code   RO         1900    i.HAL_CAN_TxMailbox0CompleteCallback  stm32f4xx_hal_can.o
    0x0800290c   0x0800290c   0x00000002   Code   RO         1901    i.HAL_CAN_TxMailbox1AbortCallback  stm32f4xx_hal_can.o
    0x0800290e   0x0800290e   0x00000002   Code   RO         1902    i.HAL_CAN_TxMailbox1CompleteCallback  stm32f4xx_hal_can.o
    0x08002910   0x08002910   0x00000002   Code   RO         1903    i.HAL_CAN_TxMailbox2AbortCallback  stm32f4xx_hal_can.o
    0x08002912   0x08002912   0x00000002   Code   RO         1904    i.HAL_CAN_TxMailbox2CompleteCallback  stm32f4xx_hal_can.o
    0x08002914   0x08002914   0x00000002   Code   RO         1906    i.HAL_CAN_WakeUpFromRxMsgCallback  stm32f4xx_hal_can.o
    0x08002916   0x08002916   0x000000ac   Code   RO         2612    i.HAL_DMA_Abort     stm32f4xx_hal_dma.o
    0x080029c2   0x080029c2   0x00000028   Code   RO         2613    i.HAL_DMA_Abort_IT  stm32f4xx_hal_dma.o
    0x080029ea   0x080029ea   0x00000006   Code   RO         2615    i.HAL_DMA_GetError  stm32f4xx_hal_dma.o
    0x080029f0   0x080029f0   0x00000240   Code   RO         2617    i.HAL_DMA_IRQHandler  stm32f4xx_hal_dma.o
    0x08002c30   0x08002c30   0x000000ec   Code   RO         2618    i.HAL_DMA_Init      stm32f4xx_hal_dma.o
    0x08002d1c   0x08002d1c   0x00000092   Code   RO         2622    i.HAL_DMA_Start_IT  stm32f4xx_hal_dma.o
    0x08002dae   0x08002dae   0x00000002   PAD
    0x08002db0   0x08002db0   0x000000ac   Code   RO         2391    i.HAL_FLASHEx_Erase  stm32f4xx_hal_flash_ex.o
    0x08002e5c   0x08002e5c   0x00000014   Code   RO         2270    i.HAL_FLASH_Lock    stm32f4xx_hal_flash.o
    0x08002e70   0x08002e70   0x00000098   Code   RO         2275    i.HAL_FLASH_Program  stm32f4xx_hal_flash.o
    0x08002f08   0x08002f08   0x00000034   Code   RO         2277    i.HAL_FLASH_Unlock  stm32f4xx_hal_flash.o
    0x08002f3c   0x08002f3c   0x000001f4   Code   RO         2505    i.HAL_GPIO_Init     stm32f4xx_hal_gpio.o
    0x08003130   0x08003130   0x00000010   Code   RO         2507    i.HAL_GPIO_ReadPin  stm32f4xx_hal_gpio.o
    0x08003140   0x08003140   0x0000000c   Code   RO         2509    i.HAL_GPIO_WritePin  stm32f4xx_hal_gpio.o
    0x0800314c   0x0800314c   0x0000000c   Code   RO         3060    i.HAL_GetTick       stm32f4xx_hal.o
    0x08003158   0x08003158   0x00000018   Code   RO         3066    i.HAL_IncTick       stm32f4xx_hal.o
    0x08003170   0x08003170   0x0000003c   Code   RO         3067    i.HAL_Init          stm32f4xx_hal.o
    0x080031ac   0x080031ac   0x000000b4   Code   RO          848    i.HAL_InitTick      stm32f4xx_hal_timebase_tim.o
    0x08003260   0x08003260   0x00000054   Code   RO          824    i.HAL_MspInit       stm32f4xx_hal_msp.o
    0x080032b4   0x080032b4   0x00000028   Code   RO         2897    i.HAL_NVIC_EnableIRQ  stm32f4xx_hal_cortex.o
    0x080032dc   0x080032dc   0x0000007c   Code   RO         2903    i.HAL_NVIC_SetPriority  stm32f4xx_hal_cortex.o
    0x08003358   0x08003358   0x00000028   Code   RO         2904    i.HAL_NVIC_SetPriorityGrouping  stm32f4xx_hal_cortex.o
    0x08003380   0x08003380   0x0000002c   Code   RO         2905    i.HAL_NVIC_SystemReset  stm32f4xx_hal_cortex.o
    0x080033ac   0x080033ac   0x00000184   Code   RO         2106    i.HAL_RCC_ClockConfig  stm32f4xx_hal_rcc.o
    0x08003530   0x08003530   0x00000044   Code   RO         2110    i.HAL_RCC_GetClockConfig  stm32f4xx_hal_rcc.o
    0x08003574   0x08003574   0x0000000c   Code   RO         2111    i.HAL_RCC_GetHCLKFreq  stm32f4xx_hal_rcc.o
    0x08003580   0x08003580   0x00000020   Code   RO         2113    i.HAL_RCC_GetPCLK1Freq  stm32f4xx_hal_rcc.o
    0x080035a0   0x080035a0   0x00000020   Code   RO         2114    i.HAL_RCC_GetPCLK2Freq  stm32f4xx_hal_rcc.o
    0x080035c0   0x080035c0   0x000000ac   Code   RO         2115    i.HAL_RCC_GetSysClockFreq  stm32f4xx_hal_rcc.o
    0x0800366c   0x0800366c   0x0000049c   Code   RO         2118    i.HAL_RCC_OscConfig  stm32f4xx_hal_rcc.o
    0x08003b08   0x08003b08   0x00000002   Code   RO         1604    i.HAL_TIMEx_BreakCallback  stm32f4xx_hal_tim_ex.o
    0x08003b0a   0x08003b0a   0x00000002   Code   RO         1605    i.HAL_TIMEx_CommutCallback  stm32f4xx_hal_tim_ex.o
    0x08003b0c   0x08003b0c   0x000000b4   Code   RO         1623    i.HAL_TIMEx_MasterConfigSynchronization  stm32f4xx_hal_tim_ex.o
    0x08003bc0   0x08003bc0   0x00000066   Code   RO          889    i.HAL_TIM_Base_Init  stm32f4xx_hal_tim.o
    0x08003c26   0x08003c26   0x00000002   PAD
    0x08003c28   0x08003c28   0x00000184   Code   RO          419    i.HAL_TIM_Base_MspInit  tim.o
    0x08003dac   0x08003dac   0x000000a8   Code   RO          894    i.HAL_TIM_Base_Start_IT  stm32f4xx_hal_tim.o
    0x08003e54   0x08003e54   0x0000010c   Code   RO          898    i.HAL_TIM_ConfigClockSource  stm32f4xx_hal_tim.o
    0x08003f60   0x08003f60   0x00000002   Code   RO          923    i.HAL_TIM_IC_CaptureCallback  stm32f4xx_hal_tim.o
    0x08003f62   0x08003f62   0x0000016c   Code   RO          937    i.HAL_TIM_IRQHandler  stm32f4xx_hal_tim.o
    0x080040ce   0x080040ce   0x00000002   PAD
    0x080040d0   0x080040d0   0x00000138   Code   RO          420    i.HAL_TIM_MspPostInit  tim.o
    0x08004208   0x08004208   0x00000002   Code   RO          940    i.HAL_TIM_OC_DelayElapsedCallback  stm32f4xx_hal_tim.o
    0x0800420a   0x0800420a   0x00000104   Code   RO          961    i.HAL_TIM_PWM_ConfigChannel  stm32f4xx_hal_tim.o
    0x0800430e   0x0800430e   0x00000066   Code   RO          964    i.HAL_TIM_PWM_Init  stm32f4xx_hal_tim.o
    0x08004374   0x08004374   0x00000002   Code   RO          966    i.HAL_TIM_PWM_MspInit  stm32f4xx_hal_tim.o
    0x08004376   0x08004376   0x00000002   Code   RO          967    i.HAL_TIM_PWM_PulseFinishedCallback  stm32f4xx_hal_tim.o
    0x08004378   0x08004378   0x00000040   Code   RO           14    i.HAL_TIM_PeriodElapsedCallback  main.o
    0x080043b8   0x080043b8   0x00000002   Code   RO          980    i.HAL_TIM_TriggerCallback  stm32f4xx_hal_tim.o
    0x080043ba   0x080043ba   0x00000002   Code   RO         3317    i.HAL_UARTEx_RxEventCallback  stm32f4xx_hal_uart.o
    0x080043bc   0x080043bc   0x000000c4   Code   RO         3320    i.HAL_UART_AbortReceive  stm32f4xx_hal_uart.o
    0x08004480   0x08004480   0x00000002   Code   RO         3331    i.HAL_UART_ErrorCallback  stm32f4xx_hal_uart.o
    0x08004482   0x08004482   0x00000002   PAD
    0x08004484   0x08004484   0x000002e8   Code   RO         3334    i.HAL_UART_IRQHandler  stm32f4xx_hal_uart.o
    0x0800476c   0x0800476c   0x00000076   Code   RO         3335    i.HAL_UART_Init     stm32f4xx_hal_uart.o
    0x080047e2   0x080047e2   0x00000002   PAD
    0x080047e4   0x080047e4   0x000006c0   Code   RO          497    i.HAL_UART_MspInit  usart.o
    0x08004ea4   0x08004ea4   0x0000002c   Code   RO         3339    i.HAL_UART_Receive_DMA  stm32f4xx_hal_uart.o
    0x08004ed0   0x08004ed0   0x00000002   Code   RO         3341    i.HAL_UART_RxCpltCallback  stm32f4xx_hal_uart.o
    0x08004ed2   0x08004ed2   0x00000002   Code   RO         3342    i.HAL_UART_RxHalfCpltCallback  stm32f4xx_hal_uart.o
    0x08004ed4   0x08004ed4   0x00000094   Code   RO         3344    i.HAL_UART_Transmit_DMA  stm32f4xx_hal_uart.o
    0x08004f68   0x08004f68   0x00000002   Code   RO         3346    i.HAL_UART_TxCpltCallback  stm32f4xx_hal_uart.o
    0x08004f6a   0x08004f6a   0x00000002   Code   RO         3347    i.HAL_UART_TxHalfCpltCallback  stm32f4xx_hal_uart.o
    0x08004f6c   0x08004f6c   0x00000004   Code   RO          590    i.HardFault_Handler  stm32f4xx_it.o
    0x08004f70   0x08004f70   0x000001f4   Code   RO         5564    i.Judge_Read_Data   bsp_judge.o
    0x08005164   0x08005164   0x00000044   Code   RO          347    i.MX_CAN1_Init      can.o
    0x080051a8   0x080051a8   0x00000044   Code   RO          348    i.MX_CAN2_Init      can.o
    0x080051ec   0x080051ec   0x00000108   Code   RO          394    i.MX_DMA_Init       dma.o
    0x080052f4   0x080052f4   0x000000f4   Code   RO          268    i.MX_FREERTOS_Init  freertos.o
    0x080053e8   0x080053e8   0x00000130   Code   RO          244    i.MX_GPIO_Init      gpio.o
    0x08005518   0x08005518   0x00000034   Code   RO          421    i.MX_TIM10_Init     tim.o
    0x0800554c   0x0800554c   0x0000009c   Code   RO          422    i.MX_TIM12_Init     tim.o
    0x080055e8   0x080055e8   0x0000006c   Code   RO          423    i.MX_TIM3_Init      tim.o
    0x08005654   0x08005654   0x000000d4   Code   RO          424    i.MX_TIM4_Init      tim.o
    0x08005728   0x08005728   0x0000006c   Code   RO          425    i.MX_TIM5_Init      tim.o
    0x08005794   0x08005794   0x0000009c   Code   RO          426    i.MX_TIM9_Init      tim.o
    0x08005830   0x08005830   0x00000038   Code   RO          498    i.MX_UART4_Init     usart.o
    0x08005868   0x08005868   0x00000038   Code   RO          499    i.MX_UART5_Init     usart.o
    0x080058a0   0x080058a0   0x00000040   Code   RO          500    i.MX_USART1_UART_Init  usart.o
    0x080058e0   0x080058e0   0x00000038   Code   RO          501    i.MX_USART2_UART_Init  usart.o
    0x08005918   0x08005918   0x00000038   Code   RO          502    i.MX_USART3_UART_Init  usart.o
    0x08005950   0x08005950   0x00000038   Code   RO          503    i.MX_USART6_UART_Init  usart.o
    0x08005988   0x08005988   0x00000004   Code   RO          591    i.MemManage_Handler  stm32f4xx_it.o
    0x0800598c   0x0800598c   0x00000050   Code   RO         5652    i.MicroSwicth_Callback  micro_swicth.o
    0x080059dc   0x080059dc   0x00000068   Code   RO         6145    i.ModeSwitch_Task   modeswitch_task.o
    0x08005a44   0x08005a44   0x00000004   Code   RO          592    i.NMI_Handler       stm32f4xx_it.o
    0x08005a48   0x08005a48   0x00000170   Code   RO         6188    i.PID_Calculate     pid.o
    0x08005bb8   0x08005bb8   0x00000078   Code   RO         6189    i.PID_Init          pid.o
    0x08005c30   0x08005c30   0x000000d6   Code   RO         5902    i.Ramp_Calu         reload_task.o
    0x08005d06   0x08005d06   0x00000002   PAD
    0x08005d08   0x08005d08   0x00000070   Code   RO         5903    i.Relaod_Found_Zero  reload_task.o
    0x08005d78   0x08005d78   0x00000058   Code   RO         5904    i.Reload_Control    reload_task.o
    0x08005dd0   0x08005dd0   0x00000014   Code   RO         5905    i.Reload_Current_Set  reload_task.o
    0x08005de4   0x08005de4   0x0000002c   Code   RO         5906    i.Reload_Data_Update  reload_task.o
    0x08005e10   0x08005e10   0x0000000c   Code   RO         5907    i.Reload_Mode_Change  reload_task.o
    0x08005e1c   0x08005e1c   0x00000050   Code   RO         5908    i.Reload_Motor_Init  reload_task.o
    0x08005e6c   0x08005e6c   0x0000005c   Code   RO         5909    i.Reload_Pid_Cal    reload_task.o
    0x08005ec8   0x08005ec8   0x00000088   Code   RO         5910    i.Reload_Reinit     reload_task.o
    0x08005f50   0x08005f50   0x00000128   Code   RO         5911    i.Reload_Remote_Serial  reload_task.o
    0x08006078   0x08006078   0x0000008c   Code   RO         5912    i.Reload_Remote_Single  reload_task.o
    0x08006104   0x08006104   0x00000018   Code   RO         5913    i.Reload_Status_Init  reload_task.o
    0x0800611c   0x0800611c   0x00000034   Code   RO         5914    i.Reload_Task       reload_task.o
    0x08006150   0x08006150   0x00000040   Code   RO         5915    i.Reload_Tick       reload_task.o
    0x08006190   0x08006190   0x00000120   Code   RO         5916    i.Reload_Vision_Serial  reload_task.o
    0x080062b0   0x080062b0   0x00000090   Code   RO         5917    i.Reload_Vision_Single  reload_task.o
    0x08006340   0x08006340   0x000000a0   Code   RO         5463    i.STMFLASH_GetFlashSector  bsp_flash.o
    0x080063e0   0x080063e0   0x00000006   Code   RO         5464    i.STMFLASH_ReadWord  bsp_flash.o
    0x080063e6   0x080063e6   0x00000002   PAD
    0x080063e8   0x080063e8   0x000000cc   Code   RO         5501    i.Screen_Game_Handle  bsp_serial_screen.o
    0x080064b4   0x080064b4   0x00000104   Code   RO         5502    i.Screen_Game_Mode  bsp_serial_screen.o
    0x080065b8   0x080065b8   0x00000024   Code   RO         5503    i.Screen_Init_Mode  bsp_serial_screen.o
    0x080065dc   0x080065dc   0x0000009c   Code   RO         5504    i.Screen_Test_Handle  bsp_serial_screen.o
    0x08006678   0x08006678   0x000000b4   Code   RO         5505    i.Screen_Test_Mode  bsp_serial_screen.o
    0x0800672c   0x0800672c   0x00000044   Code   RO         5506    i.Serial_Screen_Handle  bsp_serial_screen.o
    0x08006770   0x08006770   0x0000008c   Code   RO         5507    i.Serial_Screen_Task  bsp_serial_screen.o
    0x080067fc   0x080067fc   0x00000104   Code   RO         5728    i.Shoot_Control     shoot_task.o
    0x08006900   0x08006900   0x00000018   Code   RO         5729    i.Shoot_Current_Set  shoot_task.o
    0x08006918   0x08006918   0x00000078   Code   RO         5730    i.Shoot_Motor_Init  shoot_task.o
    0x08006990   0x08006990   0x00000118   Code   RO         5731    i.Shoot_PID_calu    shoot_task.o
    0x08006aa8   0x08006aa8   0x00000018   Code   RO         5732    i.Shoot_Status_Init  shoot_task.o
    0x08006ac0   0x08006ac0   0x00000038   Code   RO         5733    i.Shoot_Task        shoot_task.o
    0x08006af8   0x08006af8   0x00000034   Code   RO         5734    i.Shoot_data_update  shoot_task.o
    0x08006b2c   0x08006b2c   0x0000000a   Code   RO          269    i.StartDefaultTask  freertos.o
    0x08006b36   0x08006b36   0x00000002   PAD
    0x08006b38   0x08006b38   0x00000034   Code   RO         5117    i.SysTick_Handler   port.o
    0x08006b6c   0x08006b6c   0x000000b4   Code   RO           15    i.SystemClock_Config  main.o
    0x08006c20   0x08006c20   0x00000014   Code   RO         3679    i.SystemInit        system_stm32f4xx.o
    0x08006c34   0x08006c34   0x00000010   Code   RO          593    i.TIM1_BRK_TIM9_IRQHandler  stm32f4xx_it.o
    0x08006c44   0x08006c44   0x00000010   Code   RO          594    i.TIM1_UP_TIM10_IRQHandler  stm32f4xx_it.o
    0x08006c54   0x08006c54   0x00000010   Code   RO          595    i.TIM2_IRQHandler   stm32f4xx_it.o
    0x08006c64   0x08006c64   0x00000010   Code   RO          596    i.TIM3_IRQHandler   stm32f4xx_it.o
    0x08006c74   0x08006c74   0x00000010   Code   RO          597    i.TIM4_IRQHandler   stm32f4xx_it.o
    0x08006c84   0x08006c84   0x00000010   Code   RO          598    i.TIM5_IRQHandler   stm32f4xx_it.o
    0x08006c94   0x08006c94   0x00000010   Code   RO          599    i.TIM8_BRK_TIM12_IRQHandler  stm32f4xx_it.o
    0x08006ca4   0x08006ca4   0x000000e8   Code   RO          982    i.TIM_Base_SetConfig  stm32f4xx_hal_tim.o
    0x08006d8c   0x08006d8c   0x00000016   Code   RO          993    i.TIM_ETR_SetConfig  stm32f4xx_hal_tim.o
    0x08006da2   0x08006da2   0x00000012   Code   RO          994    i.TIM_ITRx_SetConfig  stm32f4xx_hal_tim.o
    0x08006db4   0x08006db4   0x00000070   Code   RO          995    i.TIM_OC1_SetConfig  stm32f4xx_hal_tim.o
    0x08006e24   0x08006e24   0x0000007c   Code   RO          996    i.TIM_OC2_SetConfig  stm32f4xx_hal_tim.o
    0x08006ea0   0x08006ea0   0x00000078   Code   RO          997    i.TIM_OC3_SetConfig  stm32f4xx_hal_tim.o
    0x08006f18   0x08006f18   0x00000054   Code   RO          998    i.TIM_OC4_SetConfig  stm32f4xx_hal_tim.o
    0x08006f6c   0x08006f6c   0x00000026   Code   RO         1000    i.TIM_TI1_ConfigInputStage  stm32f4xx_hal_tim.o
    0x08006f92   0x08006f92   0x00000028   Code   RO         1002    i.TIM_TI2_ConfigInputStage  stm32f4xx_hal_tim.o
    0x08006fba   0x08006fba   0x00000002   Code   RO         5686    i.TOF_Tick          tof.o
    0x08006fbc   0x08006fbc   0x00000114   Code   RO         5687    i.TOF_Usart_Handle  tof.o
    0x080070d0   0x080070d0   0x00000014   Code   RO          600    i.UART4_IRQHandler  stm32f4xx_it.o
    0x080070e4   0x080070e4   0x00000014   Code   RO          601    i.UART5_IRQHandler  stm32f4xx_it.o
    0x080070f8   0x080070f8   0x00000014   Code   RO         3348    i.UART_DMAAbortOnError  stm32f4xx_hal_uart.o
    0x0800710c   0x0800710c   0x00000050   Code   RO         3349    i.UART_DMAError     stm32f4xx_hal_uart.o
    0x0800715c   0x0800715c   0x000000b4   Code   RO         3350    i.UART_DMAReceiveCplt  stm32f4xx_hal_uart.o
    0x08007210   0x08007210   0x00000024   Code   RO         3352    i.UART_DMARxHalfCplt  stm32f4xx_hal_uart.o
    0x08007234   0x08007234   0x00000058   Code   RO         3354    i.UART_DMATransmitCplt  stm32f4xx_hal_uart.o
    0x0800728c   0x0800728c   0x0000000e   Code   RO         3356    i.UART_DMATxHalfCplt  stm32f4xx_hal_uart.o
    0x0800729a   0x0800729a   0x0000006c   Code   RO         3358    i.UART_EndRxTransfer  stm32f4xx_hal_uart.o
    0x08007306   0x08007306   0x00000020   Code   RO         3359    i.UART_EndTransmit_IT  stm32f4xx_hal_uart.o
    0x08007326   0x08007326   0x00000026   Code   RO         3360    i.UART_EndTxTransfer  stm32f4xx_hal_uart.o
    0x0800734c   0x0800734c   0x000000fc   Code   RO         3361    i.UART_Receive_IT   stm32f4xx_hal_uart.o
    0x08007448   0x08007448   0x0000022c   Code   RO         3362    i.UART_SetConfig    stm32f4xx_hal_uart.o
    0x08007674   0x08007674   0x000000c8   Code   RO         3363    i.UART_Start_Receive_DMA  stm32f4xx_hal_uart.o
    0x0800773c   0x0800773c   0x00000060   Code   RO         3365    i.UART_Transmit_IT  stm32f4xx_hal_uart.o
    0x0800779c   0x0800779c   0x00000014   Code   RO          602    i.USART1_IRQHandler  stm32f4xx_it.o
    0x080077b0   0x080077b0   0x00000014   Code   RO          603    i.USART2_IRQHandler  stm32f4xx_it.o
    0x080077c4   0x080077c4   0x00000014   Code   RO          604    i.USART3_IRQHandler  stm32f4xx_it.o
    0x080077d8   0x080077d8   0x00000014   Code   RO          605    i.USART6_IRQHandler  stm32f4xx_it.o
    0x080077ec   0x080077ec   0x000000b4   Code   RO         5279    i.USER_UART_IDLECallback  bsp_usart.o
    0x080078a0   0x080078a0   0x00000032   Code   RO         5280    i.USER_UART_IRQHandler  bsp_usart.o
    0x080078d2   0x080078d2   0x00000002   PAD
    0x080078d4   0x080078d4   0x00000130   Code   RO         5281    i.USER_UART_Init    bsp_usart.o
    0x08007a04   0x08007a04   0x00000030   Code   RO         5282    i.Uart_printf       bsp_usart.o
    0x08007a34   0x08007a34   0x00000004   Code   RO          606    i.UsageFault_Handler  stm32f4xx_it.o
    0x08007a38   0x08007a38   0x0000009c   Code   RO         5603    i.User_Can1_CallBack  can_comm.o
    0x08007ad4   0x08007ad4   0x00000090   Code   RO         5604    i.User_Can2_CallBack  can_comm.o
    0x08007b64   0x08007b64   0x000000c2   Code   RO         5428    i.User_Decode       bsp_remote_et08.o
    0x08007c26   0x08007c26   0x00000002   PAD
    0x08007c28   0x08007c28   0x00000040   Code   RO         6361    i.Verify_CRC16_Check_Sum  crc.o
    0x08007c68   0x08007c68   0x00000030   Code   RO         6362    i.Verify_CRC8_Check_Sum  crc.o
    0x08007c98   0x08007c98   0x0000005c   Code   RO         6409    i.Vision_Usart_Handle  bsp_vision.o
    0x08007cf4   0x08007cf4   0x000000b8   Code   RO         5465    i.WriteFlashData    bsp_flash.o
    0x08007dac   0x08007dac   0x0000002c   Code   RO         6487    i.__0vsnprintf      mc_w.l(printfa.o)
    0x08007dd8   0x08007dd8   0x00000010   Code   RO         2910    i.__NVIC_GetPriorityGrouping  stm32f4xx_hal_cortex.o
    0x08007de8   0x08007de8   0x00000028   Code   RO         2911    i.__NVIC_SetPriority  stm32f4xx_hal_cortex.o
    0x08007e10   0x08007e10   0x00000014   Code   RO         6448    i.__hardfp_fabs     m_wm.l(fabs.o)
    0x08007e24   0x08007e24   0x0000000e   Code   RO         6592    i.__scatterload_copy  mc_w.l(handlers.o)
    0x08007e32   0x08007e32   0x00000002   Code   RO         6593    i.__scatterload_null  mc_w.l(handlers.o)
    0x08007e34   0x08007e34   0x0000000e   Code   RO         6594    i.__scatterload_zeroinit  mc_w.l(handlers.o)
    0x08007e42   0x08007e42   0x00000002   PAD
    0x08007e44   0x08007e44   0x00000184   Code   RO         6489    i._fp_digits        mc_w.l(printfa.o)
    0x08007fc8   0x08007fc8   0x000006dc   Code   RO         6490    i._printf_core      mc_w.l(printfa.o)
    0x080086a4   0x080086a4   0x00000024   Code   RO         6491    i._printf_post_padding  mc_w.l(printfa.o)
    0x080086c8   0x080086c8   0x0000002e   Code   RO         6492    i._printf_pre_padding  mc_w.l(printfa.o)
    0x080086f6   0x080086f6   0x00000016   Code   RO         6493    i._snputc           mc_w.l(printfa.o)
    0x0800870c   0x0800870c   0x000000a0   Code   RO         5203    i.can1_send_message  bsp_can.o
    0x080087ac   0x080087ac   0x00000098   Code   RO         5204    i.can2_send_message  bsp_can.o
    0x08008844   0x08008844   0x0000006c   Code   RO         5205    i.canx_init         bsp_can.o
    0x080088b0   0x080088b0   0x0000005c   Code   RO         5352    i.encoder_data_handler  dji_motor.o
    0x0800890c   0x0800890c   0x000000c8   Code   RO         6190    i.f_Changing_Integral_Rate  pid.o
    0x080089d4   0x080089d4   0x00000026   Code   RO         6191    i.f_Derivative_Filter  pid.o
    0x080089fa   0x080089fa   0x0000001a   Code   RO         6192    i.f_Derivative_On_Measurement  pid.o
    0x08008a14   0x08008a14   0x000000b4   Code   RO         6193    i.f_Integral_Limit  pid.o
    0x08008ac8   0x08008ac8   0x00000026   Code   RO         6194    i.f_Output_Filter   pid.o
    0x08008aee   0x08008aee   0x0000003e   Code   RO         6195    i.f_Output_Limit    pid.o
    0x08008b2c   0x08008b2c   0x000000a0   Code   RO         6196    i.f_PID_ErrorHandle  pid.o
    0x08008bcc   0x08008bcc   0x00000074   Code   RO         6197    i.f_PID_param_init  pid.o
    0x08008c40   0x08008c40   0x00000028   Code   RO         6198    i.f_PID_reset       pid.o
    0x08008c68   0x08008c68   0x0000003e   Code   RO         6199    i.f_Proportion_Limit  pid.o
    0x08008ca6   0x08008ca6   0x00000022   Code   RO         6200    i.f_Trapezoid_Intergral  pid.o
    0x08008cc8   0x08008cc8   0x00000010   Code   RO         5353    i.get_moto_offset   dji_motor.o
    0x08008cd8   0x08008cd8   0x00000010   Code   RO         4692    i.inHandlerMode     cmsis_os.o
    0x08008ce8   0x08008ce8   0x00000068   Code   RO           16    i.main              main.o
    0x08008d50   0x08008d50   0x0000000e   Code   RO         4694    i.makeFreeRtosPriority  cmsis_os.o
    0x08008d5e   0x08008d5e   0x00000018   Code   RO         4696    i.osDelay           cmsis_os.o
    0x08008d76   0x08008d76   0x0000001c   Code   RO         4697    i.osDelayUntil      cmsis_os.o
    0x08008d92   0x08008d92   0x0000000a   Code   RO         4699    i.osKernelStart     cmsis_os.o
    0x08008d9c   0x08008d9c   0x00000014   Code   RO         4700    i.osKernelSysTick   cmsis_os.o
    0x08008db0   0x08008db0   0x00000060   Code   RO         4730    i.osSignalSet       cmsis_os.o
    0x08008e10   0x08008e10   0x00000062   Code   RO         4731    i.osSignalWait      cmsis_os.o
    0x08008e72   0x08008e72   0x0000005e   Code   RO         4733    i.osThreadCreate    cmsis_os.o
    0x08008ed0   0x08008ed0   0x00000098   Code   RO         4196    i.prvAddCurrentTaskToDelayedList  tasks.o
    0x08008f68   0x08008f68   0x000000b4   Code   RO         4197    i.prvAddNewTaskToReadyList  tasks.o
    0x0800901c   0x0800901c   0x00000074   Code   RO         4538    i.prvCheckForValidListAndQueue  timers.o
    0x08009090   0x08009090   0x00000048   Code   RO         4198    i.prvCheckTasksWaitingTermination  tasks.o
    0x080090d8   0x080090d8   0x0000002a   Code   RO         3856    i.prvCopyDataFromQueue  queue.o
    0x08009102   0x08009102   0x0000007e   Code   RO         3857    i.prvCopyDataToQueue  queue.o
    0x08009180   0x08009180   0x00000050   Code   RO         4199    i.prvDeleteTCB      tasks.o
    0x080091d0   0x080091d0   0x00000028   Code   RO         4539    i.prvGetNextExpireTime  timers.o
    0x080091f8   0x080091f8   0x0000007c   Code   RO         5061    i.prvHeapInit       heap_4.o
    0x08009274   0x08009274   0x00000028   Code   RO         4200    i.prvIdleTask       tasks.o
    0x0800929c   0x0800929c   0x00000026   Code   RO         3860    i.prvInitialiseNewQueue  queue.o
    0x080092c2   0x080092c2   0x000000be   Code   RO         4201    i.prvInitialiseNewTask  tasks.o
    0x08009380   0x08009380   0x00000068   Code   RO         4202    i.prvInitialiseTaskLists  tasks.o
    0x080093e8   0x080093e8   0x00000068   Code   RO         5062    i.prvInsertBlockIntoFreeList  heap_4.o
    0x08009450   0x08009450   0x00000058   Code   RO         4541    i.prvInsertTimerInActiveList  timers.o
    0x080094a8   0x080094a8   0x0000001a   Code   RO         3861    i.prvIsQueueEmpty   queue.o
    0x080094c2   0x080094c2   0x0000001e   Code   RO         3862    i.prvIsQueueFull    queue.o
    0x080094e0   0x080094e0   0x00000074   Code   RO         4542    i.prvProcessExpiredTimer  timers.o
    0x08009554   0x08009554   0x00000138   Code   RO         4543    i.prvProcessReceivedCommands  timers.o
    0x0800968c   0x0800968c   0x00000074   Code   RO         4544    i.prvProcessTimerOrBlockTask  timers.o
    0x08009700   0x08009700   0x00000034   Code   RO         4203    i.prvResetNextTaskUnblockTime  tasks.o
    0x08009734   0x08009734   0x0000002c   Code   RO         4545    i.prvSampleTimeNow  timers.o
    0x08009760   0x08009760   0x000000a4   Code   RO         4546    i.prvSwitchTimerLists  timers.o
    0x08009804   0x08009804   0x00000040   Code   RO         5118    i.prvTaskExitError  port.o
    0x08009844   0x08009844   0x0000001a   Code   RO         4547    i.prvTimerTask      timers.o
    0x0800985e   0x0800985e   0x0000007e   Code   RO         3863    i.prvUnlockQueue    queue.o
    0x080098dc   0x080098dc   0x0000014c   Code   RO         5063    i.pvPortMalloc      heap_4.o
    0x08009a28   0x08009a28   0x0000002c   Code   RO         5119    i.pxPortInitialiseStack  port.o
    0x08009a54   0x08009a54   0x00000030   Code   RO         5918    i.reload_auto_handler  reload_task.o
    0x08009a84   0x08009a84   0x00000038   Code   RO         5919    i.reload_init_handler  reload_task.o
    0x08009abc   0x08009abc   0x00000018   Code   RO         5920    i.reload_lock_handler  reload_task.o
    0x08009ad4   0x08009ad4   0x000000fc   Code   RO         5921    i.reload_mode_sw    reload_task.o
    0x08009bd0   0x08009bd0   0x00000038   Code   RO         5922    i.reload_protect_handler  reload_task.o
    0x08009c08   0x08009c08   0x00000028   Code   RO         5923    i.reload_remote_handler  reload_task.o
    0x08009c30   0x08009c30   0x000000dc   Code   RO         5924    i.reload_status_transition  reload_task.o
    0x08009d0c   0x08009d0c   0x0000013c   Code   RO         5429    i.sbus_callback_handler  bsp_remote_et08.o
    0x08009e48   0x08009e48   0x00000030   Code   RO         5735    i.shoot_auto_handler  shoot_task.o
    0x08009e78   0x08009e78   0x00000038   Code   RO         5736    i.shoot_init_handler  shoot_task.o
    0x08009eb0   0x08009eb0   0x00000018   Code   RO         5737    i.shoot_lock_handler  shoot_task.o
    0x08009ec8   0x08009ec8   0x000000a8   Code   RO         5738    i.shoot_mode_sw     shoot_task.o
    0x08009f70   0x08009f70   0x00000028   Code   RO         5739    i.shoot_protect_handler  shoot_task.o
    0x08009f98   0x08009f98   0x00000100   Code   RO         5740    i.shoot_ramp        shoot_task.o
    0x0800a098   0x0800a098   0x00000028   Code   RO         5741    i.shoot_remote_handler  shoot_task.o
    0x0800a0c0   0x0800a0c0   0x000000cc   Code   RO         5742    i.shoot_status_transition  shoot_task.o
    0x0800a18c   0x0800a18c   0x00000068   Code   RO         6146    i.sw1_mode_handler  modeswitch_task.o
    0x0800a1f4   0x0800a1f4   0x00000044   Code   RO         6147    i.unlock_init       modeswitch_task.o
    0x0800a238   0x0800a238   0x00000028   Code   RO         3816    i.uxListRemove      list.o
    0x0800a260   0x0800a260   0x00000018   Code   RO          270    i.vApplicationGetIdleTaskMemory  freertos.o
    0x0800a278   0x0800a278   0x00000018   Code   RO          271    i.vApplicationGetTimerTaskMemory  freertos.o
    0x0800a290   0x0800a290   0x0000001a   Code   RO         3817    i.vListInitialise   list.o
    0x0800a2aa   0x0800a2aa   0x00000006   Code   RO         3818    i.vListInitialiseItem  list.o
    0x0800a2b0   0x0800a2b0   0x00000034   Code   RO         3819    i.vListInsert       list.o
    0x0800a2e4   0x0800a2e4   0x00000018   Code   RO         3820    i.vListInsertEnd    list.o
    0x0800a2fc   0x0800a2fc   0x00000054   Code   RO         5121    i.vPortEnterCritical  port.o
    0x0800a350   0x0800a350   0x0000003c   Code   RO         5122    i.vPortExitCritical  port.o
    0x0800a38c   0x0800a38c   0x000000a4   Code   RO         5064    i.vPortFree         heap_4.o
    0x0800a430   0x0800a430   0x00000028   Code   RO         5123    i.vPortSetupTimerInterrupt  port.o
    0x0800a458   0x0800a458   0x00000078   Code   RO         5124    i.vPortValidateInterruptPriority  port.o
    0x0800a4d0   0x0800a4d0   0x0000002c   Code   RO         3867    i.vQueueAddToRegistry  queue.o
    0x0800a4fc   0x0800a4fc   0x0000004a   Code   RO         3870    i.vQueueWaitForMessageRestricted  queue.o
    0x0800a546   0x0800a546   0x00000002   PAD
    0x0800a548   0x0800a548   0x0000005c   Code   RO         4214    i.vTaskDelay        tasks.o
    0x0800a5a4   0x0800a5a4   0x000000d4   Code   RO         4215    i.vTaskDelayUntil   tasks.o
    0x0800a678   0x0800a678   0x00000018   Code   RO         4218    i.vTaskInternalSetTimeOutState  tasks.o
    0x0800a690   0x0800a690   0x0000000c   Code   RO         4219    i.vTaskMissedYield  tasks.o
    0x0800a69c   0x0800a69c   0x00000038   Code   RO         4221    i.vTaskPlaceOnEventList  tasks.o
    0x0800a6d4   0x0800a6d4   0x00000040   Code   RO         4222    i.vTaskPlaceOnEventListRestricted  tasks.o
    0x0800a714   0x0800a714   0x000000b8   Code   RO         4229    i.vTaskStartScheduler  tasks.o
    0x0800a7cc   0x0800a7cc   0x00000010   Code   RO         4231    i.vTaskSuspendAll   tasks.o
    0x0800a7dc   0x0800a7dc   0x0000008c   Code   RO         4232    i.vTaskSwitchContext  tasks.o
    0x0800a868   0x0800a868   0x00000168   Code   RO         5125    i.xPortStartScheduler  port.o
    0x0800a9d0   0x0800a9d0   0x000000e0   Code   RO         3874    i.xQueueGenericCreateStatic  queue.o
    0x0800aab0   0x0800aab0   0x00000098   Code   RO         3875    i.xQueueGenericReset  queue.o
    0x0800ab48   0x0800ab48   0x000001a8   Code   RO         3876    i.xQueueGenericSend  queue.o
    0x0800acf0   0x0800acf0   0x000000fc   Code   RO         3877    i.xQueueGenericSendFromISR  queue.o
    0x0800adec   0x0800adec   0x00000168   Code   RO         3883    i.xQueueReceive     queue.o
    0x0800af54   0x0800af54   0x0000008c   Code   RO         4234    i.xTaskCheckForTimeOut  tasks.o
    0x0800afe0   0x0800afe0   0x00000064   Code   RO         4235    i.xTaskCreate       tasks.o
    0x0800b044   0x0800b044   0x000000ba   Code   RO         4236    i.xTaskCreateStatic  tasks.o
    0x0800b0fe   0x0800b0fe   0x00000002   PAD
    0x0800b100   0x0800b100   0x00000128   Code   RO         4237    i.xTaskGenericNotify  tasks.o
    0x0800b228   0x0800b228   0x00000168   Code   RO         4238    i.xTaskGenericNotifyFromISR  tasks.o
    0x0800b390   0x0800b390   0x00000020   Code   RO         4240    i.xTaskGetSchedulerState  tasks.o
    0x0800b3b0   0x0800b3b0   0x0000000c   Code   RO         4241    i.xTaskGetTickCount  tasks.o
    0x0800b3bc   0x0800b3bc   0x00000014   Code   RO         4242    i.xTaskGetTickCountFromISR  tasks.o
    0x0800b3d0   0x0800b3d0   0x00000148   Code   RO         4243    i.xTaskIncrementTick  tasks.o
    0x0800b518   0x0800b518   0x000000a0   Code   RO         4245    i.xTaskNotifyWait   tasks.o
    0x0800b5b8   0x0800b5b8   0x000000c8   Code   RO         4246    i.xTaskPriorityDisinherit  tasks.o
    0x0800b680   0x0800b680   0x00000098   Code   RO         4248    i.xTaskRemoveFromEventList  tasks.o
    0x0800b718   0x0800b718   0x00000104   Code   RO         4249    i.xTaskResumeAll    tasks.o
    0x0800b81c   0x0800b81c   0x00000078   Code   RO         4554    i.xTimerCreateTimerTask  timers.o
    0x0800b894   0x0800b894   0x00000084   Code   RO         4555    i.xTimerGenericCommand  timers.o
    0x0800b918   0x0800b918   0x000000e0   Data   RO          273    .constdata          freertos.o
    0x0800b9f8   0x0800b9f8   0x00000008   Data   RO         2624    .constdata          stm32f4xx_hal_dma.o
    0x0800ba00   0x0800ba00   0x00000018   Data   RO         3680    .constdata          system_stm32f4xx.o
    0x0800ba18   0x0800ba18   0x0000002c   Data   RO         5606    .constdata          can_comm.o
    0x0800ba44   0x0800ba44   0x00000302   Data   RO         6363    .constdata          crc.o
    0x0800bd46   0x0800bd46   0x00000002   PAD
    0x0800bd48   0x0800bd48   0x00000062   Data   RO          274    .conststring        freertos.o
    0x0800bdaa   0x0800bdaa   0x00000002   PAD
    0x0800bdac   0x0800bdac   0x00000020   Data   RO         6590    Region$$Table       anon$$obj.o


    Execution Region RW_IRAM1 (Exec base: 0x20000000, Load base: 0x0800bdcc, Size: 0x00005ba0, Max: 0x0001c000, ABSOLUTE, COMPRESSED[0x00000024])

    Exec Addr    Load Addr    Size         Type   Attr      Idx    E Section Name        Object

    0x20000000   COMPRESSED   0x00000008   Data   RW           17    .data               main.o
    0x20000008   COMPRESSED   0x00000028   Data   RW          275    .data               freertos.o
    0x20000030   COMPRESSED   0x00000004   Data   RW          350    .data               can.o
    0x20000034   COMPRESSED   0x00000009   Data   RW         3074    .data               stm32f4xx_hal.o
    0x2000003d   COMPRESSED   0x00000003   PAD
    0x20000040   COMPRESSED   0x00000004   Data   RW         3681    .data               system_stm32f4xx.o
    0x20000044   COMPRESSED   0x0000003c   Data   RW         4252    .data               tasks.o
    0x20000080   COMPRESSED   0x00000014   Data   RW         4561    .data               timers.o
    0x20000094   COMPRESSED   0x00000020   Data   RW         5070    .data               heap_4.o
    0x200000b4   COMPRESSED   0x0000000c   Data   RW         5126    .data               port.o
    0x200000c0   COMPRESSED   0x00000010   Data   RW         5207    .data               bsp_can.o
    0x200000d0   COMPRESSED   0x0000000f   Data   RW         5509    .data               bsp_serial_screen.o
    0x200000df   COMPRESSED   0x00000001   PAD
    0x200000e0   COMPRESSED   0x00000032   Data   RW         5566    .data               bsp_judge.o
    0x20000112   COMPRESSED   0x00000009   Data   RW         5607    .data               can_comm.o
    0x2000011b   COMPRESSED   0x00000001   PAD
    0x2000011c   COMPRESSED   0x00000004   Data   RW         5653    .data               micro_swicth.o
    0x20000120   COMPRESSED   0x0000000b   Data   RW         5688    .data               tof.o
    0x2000012b   COMPRESSED   0x00000001   PAD
    0x2000012c   COMPRESSED   0x0000000f   Data   RW         5744    .data               shoot_task.o
    0x2000013b   COMPRESSED   0x00000001   Data   RW         5852    .data               debug_task.o
    0x2000013c   COMPRESSED   0x00000013   Data   RW         5926    .data               reload_task.o
    0x2000014f   COMPRESSED   0x00000001   PAD
    0x20000150   COMPRESSED   0x00000019   Data   RW         6067    .data               gimbal_task.o
    0x20000169   COMPRESSED   0x00000002   Data   RW         6148    .data               modeswitch_task.o
    0x2000016b   COMPRESSED   0x00000001   PAD
    0x2000016c   COMPRESSED   0x00000002   Data   RW         6364    .data               crc.o
    0x2000016e   COMPRESSED   0x00000002   PAD
    0x20000170   COMPRESSED   0x0000000a   Data   RW         6410    .data               bsp_vision.o
    0x2000017a   COMPRESSED   0x00000002   PAD
    0x2000017c        -       0x000006a8   Zero   RW          272    .bss                freertos.o
    0x20000824        -       0x00000050   Zero   RW          349    .bss                can.o
    0x20000874        -       0x000001b0   Zero   RW          427    .bss                tim.o
    0x20000a24        -       0x00000630   Zero   RW          504    .bss                usart.o
    0x20001054        -       0x00000048   Zero   RW          851    .bss                stm32f4xx_hal_timebase_tim.o
    0x2000109c        -       0x00000020   Zero   RW         2278    .bss                stm32f4xx_hal_flash.o
    0x200010bc        -       0x00000040   Zero   RW         3886    .bss                queue.o
    0x200010fc        -       0x000000f0   Zero   RW         4251    .bss                tasks.o
    0x200011ec        -       0x000000e8   Zero   RW         4560    .bss                timers.o
    0x200012d4        -       0x00003c00   Zero   RW         5069    .bss                heap_4.o
    0x20004ed4        -       0x00000024   Zero   RW         5206    .bss                bsp_can.o
    0x20004ef8        -       0x000000fc   Zero   RW         5283    .bss                bsp_usart.o
    0x20004ff4        -       0x00000042   Zero   RW         5382    .bss                data_scope.o
    0x20005036        -       0x0000002c   Zero   RW         5430    .bss                bsp_remote_et08.o
    0x20005062   COMPRESSED   0x00000002   PAD
    0x20005064        -       0x00000048   Zero   RW         5508    .bss                bsp_serial_screen.o
    0x200050ac        -       0x0000007c   Zero   RW         5565    .bss                bsp_judge.o
    0x20005128        -       0x00000060   Zero   RW         5605    .bss                can_comm.o
    0x20005188        -       0x00000128   Zero   RW         5743    .bss                shoot_task.o
    0x200052b0        -       0x000001c4   Zero   RW         5925    .bss                reload_task.o
    0x20005474   COMPRESSED   0x00000004   PAD
    0x20005478        -       0x00000128   Zero   RW         6066    .bss                gimbal_task.o
    0x200055a0        -       0x00000600   Zero   RW            1    STACK               startup_stm32f407xx.o


    Execution Region RW_IRAM2 (Exec base: 0x2001c000, Load base: 0x0800bdf0, Size: 0x00000000, Max: 0x00004000, ABSOLUTE)

    **** No section assigned to this execution region ****


==============================================================================

Image component sizes


      Code (inc. data)   RO Data    RW Data    ZI Data      Debug   Object Name

       960         72          0         16         36       7942   bsp_can.o
       350         48          0          0          0       3149   bsp_flash.o
       500         72          0         50        124       6845   bsp_judge.o
       510          0          0          0         44       2579   bsp_remote_et08.o
      1044        286          0         15         72       5982   bsp_serial_screen.o
       582         88          0          0        252       4302   bsp_usart.o
        92         18          0         10          0       1285   bsp_vision.o
       588         42          0          4         80       2594   can.o
       488         44         44          9         96       4070   can_comm.o
       400          4          0          0          0      32245   cmsis_os.o
       200         14        770          2          0       3605   crc.o
       204         14          0          0         66       3040   data_scope.o
       632         54          0          1          0       3897   debug_task.o
       108          0          0          0          0       2061   dji_motor.o
       264          6          0          0          0        930   dma.o
         0          0          0          0          0      20100   event_groups.o
       302         56        322         40       1704       8877   freertos.o
      2132        280          0         25        296      10403   gimbal_task.o
       304         14          0          0          0       1131   gpio.o
       724         74          0         32      15360       5007   heap_4.o
       148          0          0          0          0       3706   list.o
       354         24          0          8          0     746080   main.o
        80         16          0          4          0       1225   micro_swicth.o
       276         34          0          2          0       2520   modeswitch_task.o
      1444         40          0          0          0      10725   pid.o
      1014         92          0         12          0      12273   port.o
      1918         20          0          0         64      17688   queue.o
      2786        442          0         19        452      14791   reload_task.o
      1672        200          0         15        296      13052   shoot_task.o
        36          8        392          0       1536        856   startup_stm32f407xx.o
        96         20          0          9          0       8198   stm32f4xx_hal.o
      2200          6          0          0          0      14885   stm32f4xx_hal_can.o
       304         30          0          0          0      34345   stm32f4xx_hal_cortex.o
      1442         16          8          0          0       7829   stm32f4xx_hal_dma.o
       640         64          0          0         32       6162   stm32f4xx_hal_flash.o
       432         26          0          0          0       3354   stm32f4xx_hal_flash_ex.o
       528         46          0          0          0       2863   stm32f4xx_hal_gpio.o
        84          6          0          0          0        898   stm32f4xx_hal_msp.o
      1884         90          0          0          0       6421   stm32f4xx_hal_rcc.o
      2064        112          0          0          0      15408   stm32f4xx_hal_tim.o
       184         30          0          0          0       2605   stm32f4xx_hal_tim_ex.o
       180         18          0          0         72       1527   stm32f4xx_hal_timebase_tim.o
      2962         42          0          0          0      18876   stm32f4xx_hal_uart.o
       574        186          0          0          0      20163   stm32f4xx_it.o
         0          0          0          0          0        440   stream_buffer.o
        20          6         24          4          0       1187   system_stm32f4xx.o
      3916        428          0         60        240      33790   tasks.o
      1492        114          0          0        432       6377   tim.o
      1274        124          0         20        232      31019   timers.o
       278         36          0         11          0       2470   tof.o
      2072        178          0          0       1584       6467   usart.o

    ----------------------------------------------------------------------
     42778       3640       1596        380      23076    1178244   Object Totals
         0          0         32          0          0          0   (incl. Generated)
        40          0          4         12          6          0   (incl. Padding)

    ----------------------------------------------------------------------

      Code (inc. data)   RO Data    RW Data    ZI Data      Debug   Library Member Name

        20          0          0          0          0        124   fabs.o
        58          0          0          0          0          0   __dczerorl.o
         0          0          0          0          0          0   entry.o
         0          0          0          0          0          0   entry10a.o
         0          0          0          0          0          0   entry11a.o
         8          4          0          0          0          0   entry2.o
         4          0          0          0          0          0   entry5.o
         0          0          0          0          0          0   entry7b.o
         0          0          0          0          0          0   entry8b.o
         8          4          0          0          0          0   entry9a.o
        30          0          0          0          0          0   handlers.o
        36          8          0          0          0         68   init.o
         0          0          0          0          0          0   iusefp.o
        30          0          0          0          0         68   llshl.o
        36          0          0          0          0         68   llsshr.o
        32          0          0          0          0         68   llushr.o
        36          0          0          0          0         68   memcpya.o
        36          0          0          0          0        108   memseta.o
      2292         84          0          0          0        516   printfa.o
        44          0          0          0          0         80   uidiv.o
        98          0          0          0          0         92   uldiv.o
        48          0          0          0          0         68   cdcmple.o
        48          0          0          0          0         68   cdrcmple.o
        56          0          0          0          0         88   d2f.o
       334          0          0          0          0        148   dadd.o
       222          0          0          0          0        100   ddiv.o
       186          0          0          0          0        176   depilogue.o
        62          0          0          0          0         80   dfixi.o
        48          0          0          0          0         68   dfixul.o
        34          0          0          0          0         76   dflti.o
       228          0          0          0          0         96   dmul.o
        38          0          0          0          0         68   f2d.o
       110          0          0          0          0        168   fepilogue.o
        28          0          0          0          0         84   ffltul.o

    ----------------------------------------------------------------------
      4214        100          0          0          0       2548   Library Totals
         4          0          0          0          0          0   (incl. Padding)

    ----------------------------------------------------------------------

      Code (inc. data)   RO Data    RW Data    ZI Data      Debug   Library Name

        20          0          0          0          0        124   m_wm.l
      2748        100          0          0          0       1136   mc_w.l
      1442          0          0          0          0       1288   mf_w.l

    ----------------------------------------------------------------------
      4214        100          0          0          0       2548   Library Totals

    ----------------------------------------------------------------------

==============================================================================


      Code (inc. data)   RO Data    RW Data    ZI Data      Debug   

     46992       3740       1596        380      23076    1143028   Grand Totals
     46992       3740       1596         36      23076    1143028   ELF Image Totals (compressed)
     46992       3740       1596         36          0          0   ROM Totals

==============================================================================

    Total RO  Size (Code + RO Data)                48588 (  47.45kB)
    Total RW  Size (RW Data + ZI Data)             23456 (  22.91kB)
    Total ROM Size (Code + RO Data + RW Data)      48624 (  47.48kB)

==============================================================================

