Component: ARM Compiler 5.06 update 6 (build 750) Tool: armlink [4d35ed]

==============================================================================

Section Cross References

    startup_stm32f407xx.o(STACK) refers (Special) to heapauxi.o(.text) for __use_two_region_memory
    startup_stm32f407xx.o(HEAP) refers (Special) to heapauxi.o(.text) for __use_two_region_memory
    startup_stm32f407xx.o(RESET) refers (Special) to heapauxi.o(.text) for __use_two_region_memory
    startup_stm32f407xx.o(RESET) refers to startup_stm32f407xx.o(STACK) for __initial_sp
    startup_stm32f407xx.o(RESET) refers to startup_stm32f407xx.o(.text) for Reset_Handler
    startup_stm32f407xx.o(RESET) refers to stm32f4xx_it.o(i.NMI_Handler) for NMI_Handler
    startup_stm32f407xx.o(RESET) refers to stm32f4xx_it.o(i.HardFault_Handler) for HardFault_Handler
    startup_stm32f407xx.o(RESET) refers to stm32f4xx_it.o(i.MemManage_Handler) for MemManage_Handler
    startup_stm32f407xx.o(RESET) refers to stm32f4xx_it.o(i.BusFault_Handler) for BusFault_Handler
    startup_stm32f407xx.o(RESET) refers to stm32f4xx_it.o(i.UsageFault_Handler) for UsageFault_Handler
    startup_stm32f407xx.o(RESET) refers to port.o(.emb_text) for SVC_Handler
    startup_stm32f407xx.o(RESET) refers to stm32f4xx_it.o(i.DebugMon_Handler) for DebugMon_Handler
    startup_stm32f407xx.o(RESET) refers to port.o(i.SysTick_Handler) for SysTick_Handler
    startup_stm32f407xx.o(RESET) refers to stm32f4xx_it.o(i.DMA1_Stream1_IRQHandler) for DMA1_Stream1_IRQHandler
    startup_stm32f407xx.o(RESET) refers to stm32f4xx_it.o(i.DMA1_Stream2_IRQHandler) for DMA1_Stream2_IRQHandler
    startup_stm32f407xx.o(RESET) refers to stm32f4xx_it.o(i.DMA1_Stream3_IRQHandler) for DMA1_Stream3_IRQHandler
    startup_stm32f407xx.o(RESET) refers to stm32f4xx_it.o(i.DMA1_Stream4_IRQHandler) for DMA1_Stream4_IRQHandler
    startup_stm32f407xx.o(RESET) refers to stm32f4xx_it.o(i.USART1_IRQHandler) for USART1_IRQHandler
    startup_stm32f407xx.o(RESET) refers to stm32f4xx_it.o(i.USART3_IRQHandler) for USART3_IRQHandler
    startup_stm32f407xx.o(RESET) refers to stm32f4xx_it.o(i.TIM8_TRG_COM_TIM14_IRQHandler) for TIM8_TRG_COM_TIM14_IRQHandler
    startup_stm32f407xx.o(RESET) refers to stm32f4xx_it.o(i.UART4_IRQHandler) for UART4_IRQHandler
    startup_stm32f407xx.o(RESET) refers to stm32f4xx_it.o(i.DMA2_Stream1_IRQHandler) for DMA2_Stream1_IRQHandler
    startup_stm32f407xx.o(RESET) refers to stm32f4xx_it.o(i.DMA2_Stream2_IRQHandler) for DMA2_Stream2_IRQHandler
    startup_stm32f407xx.o(RESET) refers to stm32f4xx_it.o(i.DMA2_Stream6_IRQHandler) for DMA2_Stream6_IRQHandler
    startup_stm32f407xx.o(RESET) refers to stm32f4xx_it.o(i.DMA2_Stream7_IRQHandler) for DMA2_Stream7_IRQHandler
    startup_stm32f407xx.o(RESET) refers to stm32f4xx_it.o(i.USART6_IRQHandler) for USART6_IRQHandler
    startup_stm32f407xx.o(.text) refers (Special) to heapauxi.o(.text) for __use_two_region_memory
    startup_stm32f407xx.o(.text) refers to system_stm32f4xx.o(i.SystemInit) for SystemInit
    startup_stm32f407xx.o(.text) refers to __main.o(!!!main) for __main
    startup_stm32f407xx.o(.text) refers to startup_stm32f407xx.o(HEAP) for Heap_Mem
    startup_stm32f407xx.o(.text) refers to startup_stm32f407xx.o(STACK) for Stack_Mem
    main.o(i.HAL_TIM_PeriodElapsedCallback) refers to stm32f4xx_hal.o(i.HAL_IncTick) for HAL_IncTick
    main.o(i.HAL_UARTEx_RxEventCallback) refers to stm32f4xx_hal_uart.o(i.HAL_UARTEx_ReceiveToIdle_DMA) for HAL_UARTEx_ReceiveToIdle_DMA
    main.o(i.HAL_UARTEx_RxEventCallback) refers to main.o(.bss) for .bss
    main.o(i.HAL_UART_RxCpltCallback) refers to stm32f4xx_hal_uart.o(i.HAL_UART_Receive_IT) for HAL_UART_Receive_IT
    main.o(i.HAL_UART_RxCpltCallback) refers to main.o(.data) for .data
    main.o(i.HAL_UART_RxCpltCallback) refers to main.o(.bss) for .bss
    main.o(i.HAL_UART_RxCpltCallback) refers to usart.o(.bss) for huart3
    main.o(i.SystemClock_Config) refers to rt_memclr_w.o(.text) for __aeabi_memclr4
    main.o(i.SystemClock_Config) refers to stm32f4xx_hal_rcc.o(i.HAL_RCC_OscConfig) for HAL_RCC_OscConfig
    main.o(i.SystemClock_Config) refers to stm32f4xx_hal_rcc.o(i.HAL_RCC_ClockConfig) for HAL_RCC_ClockConfig
    main.o(i.main) refers to stm32f4xx_hal.o(i.HAL_Init) for HAL_Init
    main.o(i.main) refers to main.o(i.SystemClock_Config) for SystemClock_Config
    main.o(i.main) refers to gpio.o(i.MX_GPIO_Init) for MX_GPIO_Init
    main.o(i.main) refers to dma.o(i.MX_DMA_Init) for MX_DMA_Init
    main.o(i.main) refers to usart.o(i.MX_USART1_UART_Init) for MX_USART1_UART_Init
    main.o(i.main) refers to usart.o(i.MX_USART3_UART_Init) for MX_USART3_UART_Init
    main.o(i.main) refers to usart.o(i.MX_UART4_Init) for MX_UART4_Init
    main.o(i.main) refers to usart.o(i.MX_USART6_UART_Init) for MX_USART6_UART_Init
    main.o(i.main) refers to tim.o(i.MX_TIM2_Init) for MX_TIM2_Init
[...]
    i.xTaskResumeAll                         0x08004a3c   Section        0  tasks.o(i.xTaskResumeAll)
    i.xTimerCreateTimerTask                  0x08004b00   Section        0  timers.o(i.xTimerCreateTimerTask)
    i.xTimerGenericCommand                   0x08004b60   Section        0  timers.o(i.xTimerGenericCommand)
    x$fpl$d2f                                0x08004bc0   Section       98  d2f.o(x$fpl$d2f)
    $v0                                      0x08004bc0   Number         0  d2f.o(x$fpl$d2f)
    x$fpl$dadd                               0x08004c24   Section      336  daddsub_clz.o(x$fpl$dadd)
    $v0                                      0x08004c24   Number         0  daddsub_clz.o(x$fpl$dadd)
    _dadd1                                   0x08004c35   Thumb Code     0  daddsub_clz.o(x$fpl$dadd)
    x$fpl$ddiv                               0x08004d74   Section      688  ddiv.o(x$fpl$ddiv)
    $v0                                      0x08004d74   Number         0  ddiv.o(x$fpl$ddiv)
    ddiv_entry                               0x08004d7b   Thumb Code     0  ddiv.o(x$fpl$ddiv)
    x$fpl$dfltu                              0x08005024   Section       38  dflt_clz.o(x$fpl$dfltu)
    $v0                                      0x08005024   Number         0  dflt_clz.o(x$fpl$dfltu)
    x$fpl$dnaninf                            0x0800504a   Section      156  dnaninf.o(x$fpl$dnaninf)
    $v0                                      0x0800504a   Number         0  dnaninf.o(x$fpl$dnaninf)
    x$fpl$dretinf                            0x080050e6   Section       12  dretinf.o(x$fpl$dretinf)
    $v0                                      0x080050e6   Number         0  dretinf.o(x$fpl$dretinf)
    x$fpl$dsub                               0x080050f4   Section      468  daddsub_clz.o(x$fpl$dsub)
    $v0                                      0x080050f4   Number         0  daddsub_clz.o(x$fpl$dsub)
    _dsub1                                   0x08005105   Thumb Code     0  daddsub_clz.o(x$fpl$dsub)
    x$fpl$fpinit                             0x080052c8   Section       10  fpinit.o(x$fpl$fpinit)
    $v0                                      0x080052c8   Number         0  fpinit.o(x$fpl$fpinit)
    x$fpl$fretinf                            0x080052d2   Section       10  fretinf.o(x$fpl$fretinf)
    $v0                                      0x080052d2   Number         0  fretinf.o(x$fpl$fretinf)
    .constdata                               0x080052dc   Section       84  freertos.o(.constdata)
    x$fpl$usenofp                            0x080052dc   Section        0  usenofp.o(x$fpl$usenofp)
    .constdata                               0x08005330   Section        8  stm32f4xx_hal_dma.o(.constdata)
    flagBitshiftOffset                       0x08005330   Data           8  stm32f4xx_hal_dma.o(.constdata)
    .constdata                               0x08005338   Section       16  system_stm32f4xx.o(.constdata)
    .constdata                               0x08005348   Section        8  system_stm32f4xx.o(.constdata)
    .conststring                             0x08005350   Section       36  freertos.o(.conststring)
    .data                                    0x20000000   Section        4  main.o(.data)
    .data                                    0x20000004   Section       12  freertos.o(.data)
    .data                                    0x20000010   Section       12  stm32f4xx_hal.o(.data)
    .data                                    0x2000001c   Section        4  system_stm32f4xx.o(.data)
    .data                                    0x20000020   Section        7  sht30.o(.data)
    .data                                    0x20000028   Section       60  tasks.o(.data)
    uxDeletedTasksWaitingCleanUp             0x2000002c   Data           4  tasks.o(.data)
    uxCurrentNumberOfTasks                   0x20000030   Data           4  tasks.o(.data)
    xTickCount                               0x20000034   Data           4  tasks.o(.data)
    uxTopReadyPriority                       0x20000038   Data           4  tasks.o(.data)
    xSchedulerRunning                        0x2000003c   Data           4  tasks.o(.data)
    xPendedTicks                             0x20000040   Data           4  tasks.o(.data)
    xYieldPending                            0x20000044   Data           4  tasks.o(.data)
    xNumOfOverflows                          0x20000048   Data           4  tasks.o(.data)
    uxTaskNumber                             0x2000004c   Data           4  tasks.o(.data)
    xNextTaskUnblockTime                     0x20000050   Data           4  tasks.o(.data)
    xIdleTaskHandle                          0x20000054   Data           4  tasks.o(.data)
    uxSchedulerSuspended                     0x20000058   Data           4  tasks.o(.data)
    pxDelayedTaskList                        0x2000005c   Data           4  tasks.o(.data)
    pxOverflowDelayedTaskList                0x20000060   Data           4  tasks.o(.data)
    .data                                    0x20000064   Section       20  timers.o(.data)
    xTimerQueue                              0x20000064   Data           4  timers.o(.data)
    xTimerTaskHandle                         0x20000068   Data           4  timers.o(.data)
    xLastTime                                0x2000006c   Data           4  timers.o(.data)
    pxCurrentTimerList                       0x20000070   Data           4  timers.o(.data)
    pxOverflowTimerList                      0x20000074   Data           4  timers.o(.data)
    .data                                    0x20000078   Section       32  heap_4.o(.data)
    pxEnd                                    0x20000078   Data           4  heap_4.o(.data)
    xFreeBytesRemaining                      0x2000007c   Data           4  heap_4.o(.data)
    xMinimumEverFreeBytesRemaining           0x20000080   Data           4  heap_4.o(.data)
    xNumberOfSuccessfulAllocations           0x20000084   Data           4  heap_4.o(.data)
    xNumberOfSuccessfulFrees                 0x20000088   Data           4  heap_4.o(.data)
    xBlockAllocatedBit                       0x2000008c   Data           4  heap_4.o(.data)
    xStart                                   0x20000090   Data           8  heap_4.o(.data)
    .data                                    0x20000098   Section       12  port.o(.data)
    ucMaxSysCallPriority                     0x20000098   Data           1  port.o(.data)
    uxCriticalNesting                        0x2000009c   Data           4  port.o(.data)
    ulMaxPRIGROUPValue                       0x200000a0   Data           4  port.o(.data)
    .data                                    0x200000a4   Section        1  debug_task.o(.data)
    .bss                                     0x200000a8   Section       14  main.o(.bss)
    .bss                                     0x200000b8   Section     1704  freertos.o(.bss)
    xIdleTaskTCBBuffer                       0x200000b8   Data          84  freertos.o(.bss)
    xIdleStack                               0x2000010c   Data         512  freertos.o(.bss)
    xTimerTaskTCBBuffer                      0x2000030c   Data          84  freertos.o(.bss)
    xTimerStack                              0x20000360   Data        1024  freertos.o(.bss)
    .bss                                     0x20000760   Section       72  tim.o(.bss)
    .bss                                     0x200007a8   Section     1056  usart.o(.bss)
    .bss                                     0x20000bc8   Section       72  stm32f4xx_hal_timebase_tim.o(.bss)
    .bss                                     0x20000c10   Section       50  bsp_usart.o(.bss)
    .bss                                     0x20000c42   Section       66  data_scope.o(.bss)
    CK                                       0x20000c42   Data          66  data_scope.o(.bss)
    .bss                                     0x20000c84   Section       41  sht30.o(.bss)
    .bss                                     0x20000cb0   Section       64  queue.o(.bss)
    .bss                                     0x20000cf0   Section      240  tasks.o(.bss)
    pxReadyTasksLists                        0x20000cf0   Data         140  tasks.o(.bss)
    xDelayedTaskList1                        0x20000d7c   Data          20  tasks.o(.bss)
    xDelayedTaskList2                        0x20000d90   Data          20  tasks.o(.bss)
    xPendingReadyList                        0x20000da4   Data          20  tasks.o(.bss)
    xTasksWaitingTermination                 0x20000db8   Data          20  tasks.o(.bss)
    xSuspendedTaskList                       0x20000dcc   Data          20  tasks.o(.bss)
    .bss                                     0x20000de0   Section      232  timers.o(.bss)
    xStaticTimerQueue                        0x20000de0   Data          72  timers.o(.bss)
    ucStaticTimerQueueStorage                0x20000e28   Data         120  timers.o(.bss)
    xActiveTimerList1                        0x20000ea0   Data          20  timers.o(.bss)
    xActiveTimerList2                        0x20000eb4   Data          20  timers.o(.bss)
    .bss                                     0x20000ec8   Section    15360  heap_4.o(.bss)
    ucHeap                                   0x20000ec8   Data       15360  heap_4.o(.bss)
    .bss                                     0x20004ac8   Section      136  temp.o(.bss)
    .bss                                     0x20004b50   Section       96  libspace.o(.bss)
    HEAP                                     0x20004bb0   Section      512  startup_stm32f407xx.o(HEAP)
    Heap_Mem                                 0x20004bb0   Data         512  startup_stm32f407xx.o(HEAP)
    STACK                                    0x20004db0   Section     1024  startup_stm32f407xx.o(STACK)
    Stack_Mem                                0x20004db0   Data        1024  startup_stm32f407xx.o(STACK)
    __initial_sp                             0x200051b0   Data           0  startup_stm32f407xx.o(STACK)

    Global Symbols

    Symbol Name                              Value     Ov Type        Size  Object(Section)

    BuildAttributes$$THM_ISAv4$E$P$D$K$B$S$7EM$VFPi3$EXTD16$VFPS$VFMA$PE$A:L22UL41UL21$X:L11$S22US41US21$IEEE1$IW$USESV6$~STKCKD$USESV7$~SHL$OTIME$ROPI$IEEEJ$EBA8$UX$STANDARDLIB$REQ8$PRES8$EABIv2 0x00000000   Number         0  anon$$obj.o ABSOLUTE
    __ARM_use_no_argv                        0x00000000   Number         0  main.o ABSOLUTE
    _printf_flags                            0x00000000   Number         0  printf_stubs.o ABSOLUTE
    _printf_return_value                     0x00000000   Number         0  printf_stubs.o ABSOLUTE
    _printf_sizespec                         0x00000000   Number         0  printf_stubs.o ABSOLUTE
    _printf_widthprec                        0x00000000   Number         0  printf_stubs.o ABSOLUTE
    __ARM_exceptions_init                     - Undefined Weak Reference
    __alloca_initialize                       - Undefined Weak Reference
    __arm_preinit_                            - Undefined Weak Reference
    __cpp_initialize__aeabi_                  - Undefined Weak Reference
    __cxa_finalize                            - Undefined Weak Reference
    __sigvec_lookup                           - Undefined Weak Reference
    _atexit_init                              - Undefined Weak Reference
    _call_atexit_fns                          - Undefined Weak Reference
    _clock_init                               - Undefined Weak Reference
    _fp_trap_init                             - Undefined Weak Reference
    _fp_trap_shutdown                         - Undefined Weak Reference
    _get_lc_collate                           - Undefined Weak Reference
    _get_lc_monetary                          - Undefined Weak Reference
    _get_lc_time                              - Undefined Weak Reference
    _getenv_init                              - Undefined Weak Reference
    _handle_redirection                       - Undefined Weak Reference
    _init_alloc                               - Undefined Weak Reference
    _init_user_alloc                          - Undefined Weak Reference
    _initio                                   - Undefined Weak Reference
    _printf_mbtowc                            - Undefined Weak Reference
    _printf_wc                                - Undefined Weak Reference
    _rand_init                                - Undefined Weak Reference
    _signal_finish                            - Undefined Weak Reference
    _signal_init                              - Undefined Weak Reference
    _terminate_alloc                          - Undefined Weak Reference
    _terminate_user_alloc                     - Undefined Weak Reference
    _terminateio                              - Undefined Weak Reference
    __Vectors_Size                           0x00000188   Number         0  startup_stm32f407xx.o ABSOLUTE
    __Vectors                                0x08000000   Data           4  startup_stm32f407xx.o(RESET)
    __Vectors_End                            0x08000188   Data           0  startup_stm32f407xx.o(RESET)
    __main                                   0x08000189   Thumb Code     8  __main.o(!!!main)
    __scatterload                            0x08000191   Thumb Code     0  __scatter.o(!!!scatter)
    __scatterload_rt2                        0x08000191   Thumb Code    44  __scatter.o(!!!scatter)
    __scatterload_rt2_thumb_only             0x08000191   Thumb Code     0  __scatter.o(!!!scatter)
    __scatterload_null                       0x0800019f   Thumb Code     0  __scatter.o(!!!scatter)
    __scatterload_copy                       0x080001c5   Thumb Code    26  __scatter_copy.o(!!handler_copy)
    __scatterload_zeroinit                   0x080001e1   Thumb Code    28  __scatter_zi.o(!!handler_zi)
    __rt_lib_init                            0x080001fd   Thumb Code     0  libinit.o(.ARM.Collect$$libinit$$00000000)
    __rt_lib_init_fp_1                       0x080001ff   Thumb Code     0  libinit2.o(.ARM.Collect$$libinit$$00000001)
    __rt_lib_init_alloca_1                   0x08000203   Thumb Code     0  libinit2.o(.ARM.Collect$$libinit$$0000002E)
    __rt_lib_init_argv_1                     0x08000203   Thumb Code     0  libinit2.o(.ARM.Collect$$libinit$$0000002C)
    __rt_lib_init_atexit_1                   0x08000203   Thumb Code     0  libinit2.o(.ARM.Collect$$libinit$$0000001B)
    __rt_lib_init_clock_1                    0x08000203   Thumb Code     0  libinit2.o(.ARM.Collect$$libinit$$00000021)
    __rt_lib_init_cpp_1                      0x08000203   Thumb Code     0  libinit2.o(.ARM.Collect$$libinit$$00000032)
    __rt_lib_init_exceptions_1               0x08000203   Thumb Code     0  libinit2.o(.ARM.Collect$$libinit$$00000030)
    __rt_lib_init_fp_trap_1                  0x08000203   Thumb Code     0  libinit2.o(.ARM.Collect$$libinit$$0000001F)
    __rt_lib_init_getenv_1                   0x08000203   Thumb Code     0  libinit2.o(.ARM.Collect$$libinit$$00000023)
    __rt_lib_init_heap_1                     0x08000203   Thumb Code     0  libinit2.o(.ARM.Collect$$libinit$$0000000A)
    __rt_lib_init_lc_collate_1               0x08000203   Thumb Code     0  libinit2.o(.ARM.Collect$$libinit$$00000011)
    __rt_lib_init_lc_ctype_1                 0x08000203   Thumb Code     0  libinit2.o(.ARM.Collect$$libinit$$00000013)
    __rt_lib_init_lc_monetary_1              0x08000203   Thumb Code     0  libinit2.o(.ARM.Collect$$libinit$$00000015)
    __rt_lib_init_lc_numeric_1               0x08000203   Thumb Code     0  libinit2.o(.ARM.Collect$$libinit$$00000017)
    __rt_lib_init_lc_time_1                  0x08000203   Thumb Code     0  libinit2.o(.ARM.Collect$$libinit$$00000019)
    __rt_lib_init_preinit_1                  0x08000203   Thumb Code     0  libinit2.o(.ARM.Collect$$libinit$$00000004)
    __rt_lib_init_rand_1                     0x08000203   Thumb Code     0  libinit2.o(.ARM.Collect$$libinit$$0000000E)
    __rt_lib_init_return                     0x08000203   Thumb Code     0  libinit2.o(.ARM.Collect$$libinit$$00000033)
    __rt_lib_init_signal_1                   0x08000203   Thumb Code     0  libinit2.o(.ARM.Collect$$libinit$$0000001D)
    __rt_lib_init_stdio_1                    0x08000203   Thumb Code     0  libinit2.o(.ARM.Collect$$libinit$$00000025)
    __rt_lib_init_user_alloc_1               0x08000203   Thumb Code     0  libinit2.o(.ARM.Collect$$libinit$$0000000C)
    __rt_lib_shutdown                        0x08000205   Thumb Code     0  libshutdown.o(.ARM.Collect$$libshutdown$$00000000)
    __rt_lib_shutdown_cpp_1                  0x08000207   Thumb Code     0  libshutdown2.o(.ARM.Collect$$libshutdown$$00000002)
    __rt_lib_shutdown_fp_trap_1              0x08000207   Thumb Code     0  libshutdown2.o(.ARM.Collect$$libshutdown$$00000007)
    __rt_lib_shutdown_heap_1                 0x08000207   Thumb Code     0  libshutdown2.o(.ARM.Collect$$libshutdown$$0000000F)
    __rt_lib_shutdown_return                 0x08000207   Thumb Code     0  libshutdown2.o(.ARM.Collect$$libshutdown$$00000010)
    __rt_lib_shutdown_signal_1               0x08000207   Thumb Code     0  libshutdown2.o(.ARM.Collect$$libshutdown$$0000000A)
    __rt_lib_shutdown_stdio_1                0x08000207   Thumb Code     0  libshutdown2.o(.ARM.Collect$$libshutdown$$00000004)
    __rt_lib_shutdown_user_alloc_1           0x08000207   Thumb Code     0  libshutdown2.o(.ARM.Collect$$libshutdown$$0000000C)
    __rt_entry                               0x08000209   Thumb Code     0  __rtentry.o(.ARM.Collect$$rtentry$$00000000)
    __rt_entry_presh_1                       0x08000209   Thumb Code     0  __rtentry2.o(.ARM.Collect$$rtentry$$00000002)
    __rt_entry_sh                            0x08000209   Thumb Code     0  __rtentry4.o(.ARM.Collect$$rtentry$$00000004)
    __rt_entry_li                            0x0800020f   Thumb Code     0  __rtentry2.o(.ARM.Collect$$rtentry$$0000000A)
    __rt_entry_postsh_1                      0x0800020f   Thumb Code     0  __rtentry2.o(.ARM.Collect$$rtentry$$00000009)
    __rt_entry_main                          0x08000213   Thumb Code     0  __rtentry2.o(.ARM.Collect$$rtentry$$0000000D)
    __rt_entry_postli_1                      0x08000213   Thumb Code     0  __rtentry2.o(.ARM.Collect$$rtentry$$0000000C)
    __rt_exit                                0x0800021b   Thumb Code     0  rtexit.o(.ARM.Collect$$rtexit$$00000000)
    __rt_exit_ls                             0x0800021d   Thumb Code     0  rtexit2.o(.ARM.Collect$$rtexit$$00000003)
    __rt_exit_prels_1                        0x0800021d   Thumb Code     0  rtexit2.o(.ARM.Collect$$rtexit$$00000002)
    __rt_exit_exit                           0x08000221   Thumb Code     0  rtexit2.o(.ARM.Collect$$rtexit$$00000004)
    SVC_Handler                              0x08000229   Thumb Code    28  port.o(.emb_text)
    __asm___6_port_c_39a90d8d__prvStartFirstTask 0x08000249   Thumb Code    36  port.o(.emb_text)
    __asm___6_port_c_39a90d8d__prvEnableVFP  0x08000271   Thumb Code    16  port.o(.emb_text)
    PendSV_Handler                           0x08000285   Thumb Code    88  port.o(.emb_text)
    vPortGetIPSR                             0x080002e1   Thumb Code     6  port.o(.emb_text)
    Reset_Handler                            0x080002e9   Thumb Code     8  startup_stm32f407xx.o(.text)
    ADC_IRQHandler                           0x08000303   Thumb Code     0  startup_stm32f407xx.o(.text)
    CAN1_RX0_IRQHandler                      0x08000303   Thumb Code     0  startup_stm32f407xx.o(.text)
    CAN1_RX1_IRQHandler                      0x08000303   Thumb Code     0  startup_stm32f407xx.o(.text)
    CAN1_SCE_IRQHandler                      0x08000303   Thumb Code     0  startup_stm32f407xx.o(.text)
    CAN1_TX_IRQHandler                       0x08000303   Thumb Code     0  startup_stm32f407xx.o(.text)
    CAN2_RX0_IRQHandler                      0x08000303   Thumb Code     0  startup_stm32f407xx.o(.text)
    CAN2_RX1_IRQHandler                      0x08000303   Thumb Code     0  startup_stm32f407xx.o(.text)
    CAN2_SCE_IRQHandler                      0x08000303   Thumb Code     0  startup_stm32f407xx.o(.text)
    CAN2_TX_IRQHandler                       0x08000303   Thumb Code     0  startup_stm32f407xx.o(.text)
    DCMI_IRQHandler                          0x08000303   Thumb Code     0  startup_stm32f407xx.o(.text)
    DMA1_Stream0_IRQHandler                  0x08000303   Thumb Code     0  startup_stm32f407xx.o(.text)
    DMA1_Stream5_IRQHandler                  0x08000303   Thumb Code     0  startup_stm32f407xx.o(.text)
    DMA1_Stream6_IRQHandler                  0x08000303   Thumb Code     0  startup_stm32f407xx.o(.text)
    DMA1_Stream7_IRQHandler                  0x08000303   Thumb Code     0  startup_stm32f407xx.o(.text)
    DMA2_Stream0_IRQHandler                  0x08000303   Thumb Code     0  startup_stm32f407xx.o(.text)
    DMA2_Stream3_IRQHandler                  0x08000303   Thumb Code     0  startup_stm32f407xx.o(.text)
    DMA2_Stream4_IRQHandler                  0x08000303   Thumb Code     0  startup_stm32f407xx.o(.text)
    DMA2_Stream5_IRQHandler                  0x08000303   Thumb Code     0  startup_stm32f407xx.o(.text)
    ETH_IRQHandler                           0x08000303   Thumb Code     0  startup_stm32f407xx.o(.text)
    ETH_WKUP_IRQHandler                      0x08000303   Thumb Code     0  startup_stm32f407xx.o(.text)
    EXTI0_IRQHandler                         0x08000303   Thumb Code     0  startup_stm32f407xx.o(.text)
    EXTI15_10_IRQHandler                     0x08000303   Thumb Code     0  startup_stm32f407xx.o(.text)
    EXTI1_IRQHandler                         0x08000303   Thumb Code     0  startup_stm32f407xx.o(.text)
    EXTI2_IRQHandler                         0x08000303   Thumb Code     0  startup_stm32f407xx.o(.text)
    EXTI3_IRQHandler                         0x08000303   Thumb Code     0  startup_stm32f407xx.o(.text)
    EXTI4_IRQHandler                         0x08000303   Thumb Code     0  startup_stm32f407xx.o(.text)
    EXTI9_5_IRQHandler                       0x08000303   Thumb Code     0  startup_stm32f407xx.o(.text)
    FLASH_IRQHandler                         0x08000303   Thumb Code     0  startup_stm32f407xx.o(.text)
    FMC_IRQHandler                           0x08000303   Thumb Code     0  startup_stm32f407xx.o(.text)
    FPU_IRQHandler                           0x08000303   Thumb Code     0  startup_stm32f407xx.o(.text)
    HASH_RNG_IRQHandler                      0x08000303   Thumb Code     0  startup_stm32f407xx.o(.text)
    I2C1_ER_IRQHandler                       0x08000303   Thumb Code     0  startup_stm32f407xx.o(.text)
    I2C1_EV_IRQHandler                       0x08000303   Thumb Code     0  startup_stm32f407xx.o(.text)
    I2C2_ER_IRQHandler                       0x08000303   Thumb Code     0  startup_stm32f407xx.o(.text)
    I2C2_EV_IRQHandler                       0x08000303   Thumb Code     0  startup_stm32f407xx.o(.text)
    I2C3_ER_IRQHandler                       0x08000303   Thumb Code     0  startup_stm32f407xx.o(.text)
    I2C3_EV_IRQHandler                       0x08000303   Thumb Code     0  startup_stm32f407xx.o(.text)
    OTG_FS_IRQHandler                        0x08000303   Thumb Code     0  startup_stm32f407xx.o(.text)
    OTG_FS_WKUP_IRQHandler                   0x08000303   Thumb Code     0  startup_stm32f407xx.o(.text)
    OTG_HS_EP1_IN_IRQHandler                 0x08000303   Thumb Code     0  startup_stm32f407xx.o(.text)
    OTG_HS_EP1_OUT_IRQHandler                0x08000303   Thumb Code     0  startup_stm32f407xx.o(.text)
    OTG_HS_IRQHandler                        0x08000303   Thumb Code     0  startup_stm32f407xx.o(.text)
    OTG_HS_WKUP_IRQHandler                   0x08000303   Thumb Code     0  startup_stm32f407xx.o(.text)
    PVD_IRQHandler                           0x08000303   Thumb Code     0  startup_stm32f407xx.o(.text)
    RCC_IRQHandler                           0x08000303   Thumb Code     0  startup_stm32f407xx.o(.text)
    RTC_Alarm_IRQHandler                     0x08000303   Thumb Code     0  startup_stm32f407xx.o(.text)
    RTC_WKUP_IRQHandler                      0x08000303   Thumb Code     0  startup_stm32f407xx.o(.text)
    SDIO_IRQHandler                          0x08000303   Thumb Code     0  startup_stm32f407xx.o(.text)
    SPI1_IRQHandler                          0x08000303   Thumb Code     0  startup_stm32f407xx.o(.text)
    SPI2_IRQHandler                          0x08000303   Thumb Code     0  startup_stm32f407xx.o(.text)
    SPI3_IRQHandler                          0x08000303   Thumb Code     0  startup_stm32f407xx.o(.text)
    TAMP_STAMP_IRQHandler                    0x08000303   Thumb Code     0  startup_stm32f407xx.o(.text)
    TIM1_BRK_TIM9_IRQHandler                 0x08000303   Thumb Code     0  startup_stm32f407xx.o(.text)
    TIM1_CC_IRQHandler                       0x08000303   Thumb Code     0  startup_stm32f407xx.o(.text)
    TIM1_TRG_COM_TIM11_IRQHandler            0x08000303   Thumb Code     0  startup_stm32f407xx.o(.text)
    TIM1_UP_TIM10_IRQHandler                 0x08000303   Thumb Code     0  startup_stm32f407xx.o(.text)
    TIM2_IRQHandler                          0x08000303   Thumb Code     0  startup_stm32f407xx.o(.text)
    TIM3_IRQHandler                          0x08000303   Thumb Code     0  startup_stm32f407xx.o(.text)
    TIM4_IRQHandler                          0x08000303   Thumb Code     0  startup_stm32f407xx.o(.text)
    TIM5_IRQHandler                          0x08000303   Thumb Code     0  startup_stm32f407xx.o(.text)
    TIM6_DAC_IRQHandler                      0x08000303   Thumb Code     0  startup_stm32f407xx.o(.text)
    TIM7_IRQHandler                          0x08000303   Thumb Code     0  startup_stm32f407xx.o(.text)
    TIM8_BRK_TIM12_IRQHandler                0x08000303   Thumb Code     0  startup_stm32f407xx.o(.text)
    TIM8_CC_IRQHandler                       0x08000303   Thumb Code     0  startup_stm32f407xx.o(.text)
    TIM8_UP_TIM13_IRQHandler                 0x08000303   Thumb Code     0  startup_stm32f407xx.o(.text)
    UART5_IRQHandler                         0x08000303   Thumb Code     0  startup_stm32f407xx.o(.text)
    USART2_IRQHandler                        0x08000303   Thumb Code     0  startup_stm32f407xx.o(.text)
    WWDG_IRQHandler                          0x08000303   Thumb Code     0  startup_stm32f407xx.o(.text)
    __user_initial_stackheap                 0x08000305   Thumb Code     0  startup_stm32f407xx.o(.text)
    __aeabi_uldivmod                         0x08000329   Thumb Code     0  lludivv7m.o(.text)
    _ll_udiv                                 0x08000329   Thumb Code   238  lludivv7m.o(.text)
    __aeabi_memcpy                           0x08000417   Thumb Code     0  rt_memcpy_v6.o(.text)
    __rt_memcpy                              0x08000417   Thumb Code   138  rt_memcpy_v6.o(.text)
    _memcpy_lastbytes                        0x0800047d   Thumb Code     0  rt_memcpy_v6.o(.text)
    __aeabi_memcpy4                          0x080004a1   Thumb Code     0  rt_memcpy_w.o(.text)
    __aeabi_memcpy8                          0x080004a1   Thumb Code     0  rt_memcpy_w.o(.text)
    __rt_memcpy_w                            0x080004a1   Thumb Code   100  rt_memcpy_w.o(.text)
    _memcpy_lastbytes_aligned                0x080004e9   Thumb Code     0  rt_memcpy_w.o(.text)
    __aeabi_memset                           0x08000505   Thumb Code    16  aeabi_memset.o(.text)
    __aeabi_memclr                           0x08000515   Thumb Code     0  rt_memclr.o(.text)
    __rt_memclr                              0x08000515   Thumb Code    68  rt_memclr.o(.text)
    _memset                                  0x08000519   Thumb Code     0  rt_memclr.o(.text)
    __aeabi_memclr4                          0x08000559   Thumb Code     0  rt_memclr_w.o(.text)
    __aeabi_memclr8                          0x08000559   Thumb Code     0  rt_memclr_w.o(.text)
    __rt_memclr_w                            0x08000559   Thumb Code    78  rt_memclr_w.o(.text)
    _memset_w                                0x0800055d   Thumb Code     0  rt_memclr_w.o(.text)
    __use_two_region_memory                  0x080005a7   Thumb Code     2  heapauxi.o(.text)
    __rt_heap_escrow$2region                 0x080005a9   Thumb Code     2  heapauxi.o(.text)
    __rt_heap_expand$2region                 0x080005ab   Thumb Code     2  heapauxi.o(.text)
    __user_setup_stackheap                   0x080005ad   Thumb Code    74  sys_stackheap_outer.o(.text)
    exit                                     0x080005f7   Thumb Code    18  exit.o(.text)
    __user_libspace                          0x08000609   Thumb Code     8  libspace.o(.text)
    __user_perproc_libspace                  0x08000609   Thumb Code     0  libspace.o(.text)
    __user_perthread_libspace                0x08000609   Thumb Code     0  libspace.o(.text)
    _sys_exit                                0x08000611   Thumb Code     8  sys_exit.o(.text)
    __I$use$semihosting                      0x0800061d   Thumb Code     0  use_no_semi.o(.text)
    __use_no_semihosting_swi                 0x0800061d   Thumb Code     2  use_no_semi.o(.text)
    BusFault_Handler                         0x0800061f   Thumb Code     2  stm32f4xx_it.o(i.BusFault_Handler)
    __semihosting_library_function           0x0800061f   Thumb Code     0  indicate_semi.o(.text)
    DMA1_Stream1_IRQHandler                  0x08000621   Thumb Code     6  stm32f4xx_it.o(i.DMA1_Stream1_IRQHandler)
    DMA1_Stream2_IRQHandler                  0x0800062d   Thumb Code     6  stm32f4xx_it.o(i.DMA1_Stream2_IRQHandler)
    DMA1_Stream3_IRQHandler                  0x08000639   Thumb Code     6  stm32f4xx_it.o(i.DMA1_Stream3_IRQHandler)
    DMA1_Stream4_IRQHandler                  0x08000645   Thumb Code     6  stm32f4xx_it.o(i.DMA1_Stream4_IRQHandler)
    DMA2_Stream1_IRQHandler                  0x08000651   Thumb Code     6  stm32f4xx_it.o(i.DMA2_Stream1_IRQHandler)
    DMA2_Stream2_IRQHandler                  0x0800065d   Thumb Code     6  stm32f4xx_it.o(i.DMA2_Stream2_IRQHandler)
    DMA2_Stream6_IRQHandler                  0x08000669   Thumb Code     6  stm32f4xx_it.o(i.DMA2_Stream6_IRQHandler)
    DMA2_Stream7_IRQHandler                  0x08000675   Thumb Code     6  stm32f4xx_it.o(i.DMA2_Stream7_IRQHandler)
    DataScope_Get_Channel_Data               0x08000725   Thumb Code    46  data_scope.o(i.DataScope_Get_Channel_Data)
    DataWave                                 0x08000759   Thumb Code    94  data_scope.o(i.DataWave)
    DataWavePkg                              0x080007bd   Thumb Code    42  debug_task.o(i.DataWavePkg)
    DebugMon_Handler                         0x080007f1   Thumb Code     2  stm32f4xx_it.o(i.DebugMon_Handler)
    Debug_Task                               0x080007f5   Thumb Code    32  debug_task.o(i.Debug_Task)
    Error_Handler                            0x08000819   Thumb Code     4  main.o(i.Error_Handler)
    HAL_DMA_Abort                            0x0800081d   Thumb Code   146  stm32f4xx_hal_dma.o(i.HAL_DMA_Abort)
    HAL_DMA_Abort_IT                         0x080008af   Thumb Code    36  stm32f4xx_hal_dma.o(i.HAL_DMA_Abort_IT)
    HAL_DMA_GetError                         0x080008d3   Thumb Code     4  stm32f4xx_hal_dma.o(i.HAL_DMA_GetError)
    HAL_DMA_IRQHandler                       0x080008d9   Thumb Code   412  stm32f4xx_hal_dma.o(i.HAL_DMA_IRQHandler)
    HAL_DMA_Init                             0x08000a79   Thumb Code   206  stm32f4xx_hal_dma.o(i.HAL_DMA_Init)
    HAL_DMA_Start_IT                         0x08000b4d   Thumb Code   110  stm32f4xx_hal_dma.o(i.HAL_DMA_Start_IT)
    HAL_GPIO_Init                            0x08000bbd   Thumb Code   450  stm32f4xx_hal_gpio.o(i.HAL_GPIO_Init)
    HAL_GetTick                              0x08000dad   Thumb Code     6  stm32f4xx_hal.o(i.HAL_GetTick)
    HAL_IncTick                              0x08000db9   Thumb Code    12  stm32f4xx_hal.o(i.HAL_IncTick)
    HAL_Init                                 0x08000dc9   Thumb Code    48  stm32f4xx_hal.o(i.HAL_Init)
    HAL_InitTick                             0x08000dfd   Thumb Code   132  stm32f4xx_hal_timebase_tim.o(i.HAL_InitTick)
    HAL_MspInit                              0x08000e95   Thumb Code    52  stm32f4xx_hal_msp.o(i.HAL_MspInit)
    HAL_NVIC_EnableIRQ                       0x08000ecd   Thumb Code    26  stm32f4xx_hal_cortex.o(i.HAL_NVIC_EnableIRQ)
    HAL_NVIC_SetPriority                     0x08000ee9   Thumb Code    60  stm32f4xx_hal_cortex.o(i.HAL_NVIC_SetPriority)
    HAL_NVIC_SetPriorityGrouping             0x08000f29   Thumb Code    26  stm32f4xx_hal_cortex.o(i.HAL_NVIC_SetPriorityGrouping)
    HAL_RCC_ClockConfig                      0x08000f4d   Thumb Code   288  stm32f4xx_hal_rcc.o(i.HAL_RCC_ClockConfig)
    HAL_RCC_GetClockConfig                   0x08001081   Thumb Code    54  stm32f4xx_hal_rcc.o(i.HAL_RCC_GetClockConfig)
    HAL_RCC_GetPCLK1Freq                     0x080010c1   Thumb Code    20  stm32f4xx_hal_rcc.o(i.HAL_RCC_GetPCLK1Freq)
    HAL_RCC_GetPCLK2Freq                     0x080010e1   Thumb Code    20  stm32f4xx_hal_rcc.o(i.HAL_RCC_GetPCLK2Freq)
    HAL_RCC_GetSysClockFreq                  0x08001101   Thumb Code    66  stm32f4xx_hal_rcc.o(i.HAL_RCC_GetSysClockFreq)
    HAL_RCC_OscConfig                        0x0800114d   Thumb Code   856  stm32f4xx_hal_rcc.o(i.HAL_RCC_OscConfig)
    HAL_TIMEx_BreakCallback                  0x080014b9   Thumb Code     2  stm32f4xx_hal_tim_ex.o(i.HAL_TIMEx_BreakCallback)
    HAL_TIMEx_CommutCallback                 0x080014bb   Thumb Code     2  stm32f4xx_hal_tim_ex.o(i.HAL_TIMEx_CommutCallback)
    HAL_TIMEx_MasterConfigSynchronization    0x080014bd   Thumb Code   116  stm32f4xx_hal_tim_ex.o(i.HAL_TIMEx_MasterConfigSynchronization)
    HAL_TIM_Base_Init                        0x0800154d   Thumb Code    90  stm32f4xx_hal_tim.o(i.HAL_TIM_Base_Init)
    HAL_TIM_Base_MspInit                     0x080015a9   Thumb Code    30  tim.o(i.HAL_TIM_Base_MspInit)
    HAL_TIM_Base_Start_IT                    0x080015cd   Thumb Code   100  stm32f4xx_hal_tim.o(i.HAL_TIM_Base_Start_IT)
    HAL_TIM_ConfigClockSource                0x0800164d   Thumb Code   220  stm32f4xx_hal_tim.o(i.HAL_TIM_ConfigClockSource)
    HAL_TIM_IC_CaptureCallback               0x08001729   Thumb Code     2  stm32f4xx_hal_tim.o(i.HAL_TIM_IC_CaptureCallback)
    HAL_TIM_IRQHandler                       0x0800172b   Thumb Code   304  stm32f4xx_hal_tim.o(i.HAL_TIM_IRQHandler)
    HAL_TIM_MspPostInit                      0x0800185d   Thumb Code    70  tim.o(i.HAL_TIM_MspPostInit)
    HAL_TIM_OC_DelayElapsedCallback          0x080018ad   Thumb Code     2  stm32f4xx_hal_tim.o(i.HAL_TIM_OC_DelayElapsedCallback)
    HAL_TIM_PWM_ConfigChannel                0x080018af   Thumb Code   204  stm32f4xx_hal_tim.o(i.HAL_TIM_PWM_ConfigChannel)
    HAL_TIM_PWM_Init                         0x0800197b   Thumb Code    90  stm32f4xx_hal_tim.o(i.HAL_TIM_PWM_Init)
    HAL_TIM_PWM_MspInit                      0x080019d5   Thumb Code     2  stm32f4xx_hal_tim.o(i.HAL_TIM_PWM_MspInit)
    HAL_TIM_PWM_PulseFinishedCallback        0x080019d7   Thumb Code     2  stm32f4xx_hal_tim.o(i.HAL_TIM_PWM_PulseFinishedCallback)
    HAL_TIM_PWM_Start                        0x080019d9   Thumb Code   172  stm32f4xx_hal_tim.o(i.HAL_TIM_PWM_Start)
    HAL_TIM_PeriodElapsedCallback            0x08001aa1   Thumb Code    14  main.o(i.HAL_TIM_PeriodElapsedCallback)
    HAL_TIM_TriggerCallback                  0x08001ab5   Thumb Code     2  stm32f4xx_hal_tim.o(i.HAL_TIM_TriggerCallback)
    HAL_UARTEx_ReceiveToIdle_DMA             0x08001ab7   Thumb Code    78  stm32f4xx_hal_uart.o(i.HAL_UARTEx_ReceiveToIdle_DMA)
    HAL_UARTEx_RxEventCallback               0x08001b05   Thumb Code    46  main.o(i.HAL_UARTEx_RxEventCallback)
    HAL_UART_AbortReceive                    0x08001b41   Thumb Code   148  stm32f4xx_hal_uart.o(i.HAL_UART_AbortReceive)
    HAL_UART_ErrorCallback                   0x08001bd5   Thumb Code     2  stm32f4xx_hal_uart.o(i.HAL_UART_ErrorCallback)
    HAL_UART_IRQHandler                      0x08001bd9   Thumb Code   618  stm32f4xx_hal_uart.o(i.HAL_UART_IRQHandler)
    HAL_UART_Init                            0x08001e49   Thumb Code   100  stm32f4xx_hal_uart.o(i.HAL_UART_Init)
    HAL_UART_MspInit                         0x08001ead   Thumb Code   840  usart.o(i.HAL_UART_MspInit)
    HAL_UART_Receive_DMA                     0x08002229   Thumb Code    28  stm32f4xx_hal_uart.o(i.HAL_UART_Receive_DMA)
    HAL_UART_Receive_IT                      0x08002245   Thumb Code    28  stm32f4xx_hal_uart.o(i.HAL_UART_Receive_IT)
    HAL_UART_RxCpltCallback                  0x08002261   Thumb Code    50  main.o(i.HAL_UART_RxCpltCallback)
    HAL_UART_RxHalfCpltCallback              0x080022a5   Thumb Code     2  stm32f4xx_hal_uart.o(i.HAL_UART_RxHalfCpltCallback)
    HAL_UART_TxCpltCallback                  0x080022a7   Thumb Code     2  stm32f4xx_hal_uart.o(i.HAL_UART_TxCpltCallback)
    HardFault_Handler                        0x080022a9   Thumb Code     2  stm32f4xx_it.o(i.HardFault_Handler)
    MX_DMA_Init                              0x080022ad   Thumb Code   168  dma.o(i.MX_DMA_Init)
    MX_FREERTOS_Init                         0x08002359   Thumb Code    74  freertos.o(i.MX_FREERTOS_Init)
    MX_GPIO_Init                             0x080023ad   Thumb Code    70  gpio.o(i.MX_GPIO_Init)
    MX_TIM2_Init                             0x080023f9   Thumb Code   146  tim.o(i.MX_TIM2_Init)
    MX_UART4_Init                            0x08002491   Thumb Code    48  usart.o(i.MX_UART4_Init)
    MX_USART1_UART_Init                      0x080024c9   Thumb Code    48  usart.o(i.MX_USART1_UART_Init)
    MX_USART3_UART_Init                      0x08002501   Thumb Code    48  usart.o(i.MX_USART3_UART_Init)
    MX_USART6_UART_Init                      0x08002539   Thumb Code    48  usart.o(i.MX_USART6_UART_Init)
    MemManage_Handler                        0x08002571   Thumb Code     2  stm32f4xx_it.o(i.MemManage_Handler)
    NMI_Handler                              0x08002573   Thumb Code     2  stm32f4xx_it.o(i.NMI_Handler)
    PID_Calculate                            0x08002575   Thumb Code   532  pid.o(i.PID_Calculate)
    PID_Init                                 0x08002795   Thumb Code    20  pid.o(i.PID_Init)
    StartDefaultTask                         0x080027b1   Thumb Code     8  freertos.o(i.StartDefaultTask)
    SysTick_Handler                          0x080027b9   Thumb Code    38  port.o(i.SysTick_Handler)
    SystemClock_Config                       0x080027e5   Thumb Code   140  main.o(i.SystemClock_Config)
    SystemInit                               0x08002879   Thumb Code    12  system_stm32f4xx.o(i.SystemInit)
    TIM8_TRG_COM_TIM14_IRQHandler            0x08002889   Thumb Code     6  stm32f4xx_it.o(i.TIM8_TRG_COM_TIM14_IRQHandler)
    TIM_Base_SetConfig                       0x08002895   Thumb Code   170  stm32f4xx_hal_tim.o(i.TIM_Base_SetConfig)
    TIM_CCxChannelCmd                        0x0800296d   Thumb Code    26  stm32f4xx_hal_tim.o(i.TIM_CCxChannelCmd)
    TIM_ETR_SetConfig                        0x08002987   Thumb Code    20  stm32f4xx_hal_tim.o(i.TIM_ETR_SetConfig)
    TIM_OC2_SetConfig                        0x08002a0d   Thumb Code    98  stm32f4xx_hal_tim.o(i.TIM_OC2_SetConfig)
    Temp_Task                                0x08002b79   Thumb Code   106  temp.o(i.Temp_Task)
    Temperture_Analy                         0x08002bf9   Thumb Code   170  sht30.o(i.Temperture_Analy)
    UART4_IRQHandler                         0x08002cbd   Thumb Code    18  stm32f4xx_it.o(i.UART4_IRQHandler)
    UART_Start_Receive_DMA                   0x0800300d   Thumb Code   130  stm32f4xx_hal_uart.o(i.UART_Start_Receive_DMA)
    UART_Start_Receive_IT                    0x0800309d   Thumb Code    54  stm32f4xx_hal_uart.o(i.UART_Start_Receive_IT)
    USART1_IRQHandler                        0x080030d5   Thumb Code    18  stm32f4xx_it.o(i.USART1_IRQHandler)
    USART3_IRQHandler                        0x080030ed   Thumb Code    18  stm32f4xx_it.o(i.USART3_IRQHandler)
    USART6_IRQHandler                        0x08003105   Thumb Code    18  stm32f4xx_it.o(i.USART6_IRQHandler)
    USER_UART_IDLECallback                   0x0800311d   Thumb Code    44  bsp_usart.o(i.USER_UART_IDLECallback)
    USER_UART_IRQHandler                     0x08003151   Thumb Code    38  bsp_usart.o(i.USER_UART_IRQHandler)
    USER_UART_Init                           0x08003179   Thumb Code    32  bsp_usart.o(i.USER_UART_Init)
    UsageFault_Handler                       0x080031a1   Thumb Code     2  stm32f4xx_it.o(i.UsageFault_Handler)
    hex_to_dec                               0x08003359   Thumb Code    14  sht30.o(i.hex_to_dec)
    main                                     0x08003375   Thumb Code    58  main.o(i.main)
    my_strncmp                               0x080033c1   Thumb Code    40  sht30.o(i.my_strncmp)
    osDelay                                  0x080033e9   Thumb Code    14  cmsis_os.o(i.osDelay)
    osDelayUntil                             0x080033f7   Thumb Code    14  cmsis_os.o(i.osDelayUntil)
    osKernelStart                            0x08003405   Thumb Code    10  cmsis_os.o(i.osKernelStart)
    osKernelSysTick                          0x0800340f   Thumb Code    24  cmsis_os.o(i.osKernelSysTick)
    osThreadCreate                           0x08003427   Thumb Code    84  cmsis_os.o(i.osThreadCreate)
    pvPortMalloc                             0x08003c0d   Thumb Code   216  heap_4.o(i.pvPortMalloc)
    pxPortInitialiseStack                    0x08003ce9   Thumb Code    40  port.o(i.pxPortInitialiseStack)
    uxListRemove                             0x08003d15   Thumb Code    38  list.o(i.uxListRemove)
    vApplicationGetIdleTaskMemory            0x08003d3d   Thumb Code    16  freertos.o(i.vApplicationGetIdleTaskMemory)
    vApplicationGetTimerTaskMemory           0x08003d51   Thumb Code    18  freertos.o(i.vApplicationGetTimerTaskMemory)
    vListInitialise                          0x08003d69   Thumb Code    22  list.o(i.vListInitialise)
    vListInitialiseItem                      0x08003d7f   Thumb Code     6  list.o(i.vListInitialiseItem)
    vListInsert                              0x08003d85   Thumb Code    48  list.o(i.vListInsert)
    vListInsertEnd                           0x08003db5   Thumb Code    24  list.o(i.vListInsertEnd)
    vPortEnterCritical                       0x08003dcd   Thumb Code    54  port.o(i.vPortEnterCritical)
    vPortExitCritical                        0x08003e0d   Thumb Code    34  port.o(i.vPortExitCritical)
    vPortFree                                0x08003e35   Thumb Code    94  heap_4.o(i.vPortFree)
    vPortSetupTimerInterrupt                 0x08003e99   Thumb Code    32  port.o(i.vPortSetupTimerInterrupt)
    vPortValidateInterruptPriority           0x08003ebd   Thumb Code    74  port.o(i.vPortValidateInterruptPriority)
    vQueueAddToRegistry                      0x08003f11   Thumb Code    34  queue.o(i.vQueueAddToRegistry)
    vQueueWaitForMessageRestricted           0x08003f39   Thumb Code    68  queue.o(i.vQueueWaitForMessageRestricted)
    vTaskDelay                               0x08003f7d   Thumb Code    66  tasks.o(i.vTaskDelay)
    vTaskDelayUntil                          0x08003fc9   Thumb Code   132  tasks.o(i.vTaskDelayUntil)
    vTaskInternalSetTimeOutState             0x08004055   Thumb Code    12  tasks.o(i.vTaskInternalSetTimeOutState)
    vTaskMissedYield                         0x08004065   Thumb Code     8  tasks.o(i.vTaskMissedYield)
    vTaskPlaceOnEventList                    0x08004071   Thumb Code    44  tasks.o(i.vTaskPlaceOnEventList)
    vTaskPlaceOnEventListRestricted          0x080040a1   Thumb Code    52  tasks.o(i.vTaskPlaceOnEventListRestricted)
    vTaskStartScheduler                      0x080040d9   Thumb Code   118  tasks.o(i.vTaskStartScheduler)
    vTaskSuspendAll                          0x08004161   Thumb Code    10  tasks.o(i.vTaskSuspendAll)
    vTaskSwitchContext                       0x08004171   Thumb Code    82  tasks.o(i.vTaskSwitchContext)
    xPortStartScheduler                      0x080041cd   Thumb Code   222  port.o(i.xPortStartScheduler)
    xQueueGenericCreateStatic                0x080042c1   Thumb Code   102  queue.o(i.xQueueGenericCreateStatic)
    xQueueGenericReset                       0x08004329   Thumb Code   132  queue.o(i.xQueueGenericReset)
    xQueueGenericSend                        0x080043b1   Thumb Code   346  queue.o(i.xQueueGenericSend)
    xQueueGenericSendFromISR                 0x08004511   Thumb Code   190  queue.o(i.xQueueGenericSendFromISR)
    xQueueReceive                            0x080045d1   Thumb Code   308  queue.o(i.xQueueReceive)
    xTaskCheckForTimeOut                     0x08004709   Thumb Code   112  tasks.o(i.xTaskCheckForTimeOut)
    xTaskCreate                              0x0800477d   Thumb Code    90  tasks.o(i.xTaskCreate)
    xTaskCreateStatic                        0x080047d7   Thumb Code    86  tasks.o(i.xTaskCreateStatic)
    xTaskGetSchedulerState                   0x0800482d   Thumb Code    22  tasks.o(i.xTaskGetSchedulerState)
    xTaskGetTickCount                        0x08004849   Thumb Code     6  tasks.o(i.xTaskGetTickCount)
    xTaskGetTickCountFromISR                 0x08004855   Thumb Code    12  tasks.o(i.xTaskGetTickCountFromISR)
    xTaskIncrementTick                       0x08004865   Thumb Code   194  tasks.o(i.xTaskIncrementTick)
    xTaskPriorityDisinherit                  0x08004931   Thumb Code   144  tasks.o(i.xTaskPriorityDisinherit)
    xTaskRemoveFromEventList                 0x080049c9   Thumb Code   108  tasks.o(i.xTaskRemoveFromEventList)
    xTaskResumeAll                           0x08004a3d   Thumb Code   182  tasks.o(i.xTaskResumeAll)
    xTimerCreateTimerTask                    0x08004b01   Thumb Code    78  timers.o(i.xTimerCreateTimerTask)
    xTimerGenericCommand                     0x08004b61   Thumb Code    92  timers.o(i.xTimerGenericCommand)
    __aeabi_d2f                              0x08004bc1   Thumb Code     0  d2f.o(x$fpl$d2f)
    _d2f                                     0x08004bc1   Thumb Code    98  d2f.o(x$fpl$d2f)
    __aeabi_dadd                             0x08004c25   Thumb Code     0  daddsub_clz.o(x$fpl$dadd)
    _dadd                                    0x08004c25   Thumb Code   332  daddsub_clz.o(x$fpl$dadd)
    __aeabi_ddiv                             0x08004d75   Thumb Code     0  ddiv.o(x$fpl$ddiv)
    _ddiv                                    0x08004d75   Thumb Code   552  ddiv.o(x$fpl$ddiv)
    __aeabi_ui2d                             0x08005025   Thumb Code     0  dflt_clz.o(x$fpl$dfltu)
    _dfltu                                   0x08005025   Thumb Code    38  dflt_clz.o(x$fpl$dfltu)
    __fpl_dnaninf                            0x0800504b   Thumb Code   156  dnaninf.o(x$fpl$dnaninf)
    __fpl_dretinf                            0x080050e7   Thumb Code    12  dretinf.o(x$fpl$dretinf)
    __aeabi_dsub                             0x080050f5   Thumb Code     0  daddsub_clz.o(x$fpl$dsub)
    _dsub                                    0x080050f5   Thumb Code   464  daddsub_clz.o(x$fpl$dsub)
    _fp_init                                 0x080052c9   Thumb Code    10  fpinit.o(x$fpl$fpinit)
    __fplib_config_fpu_vfp                   0x080052d1   Thumb Code     0  fpinit.o(x$fpl$fpinit)
    __fplib_config_pureend_doubles           0x080052d1   Thumb Code     0  fpinit.o(x$fpl$fpinit)
    __fpl_fretinf                            0x080052d3   Thumb Code    10  fretinf.o(x$fpl$fretinf)
    __I$use$fp                               0x080052dc   Number         0  usenofp.o(x$fpl$usenofp)
    AHBPrescTable                            0x08005338   Data          16  system_stm32f4xx.o(.constdata)
    APBPrescTable                            0x08005348   Data           8  system_stm32f4xx.o(.constdata)
    Region$$Table$$Base                      0x08005374   Number         0  anon$$obj.o(Region$$Table)
    Region$$Table$$Limit                     0x08005394   Number         0  anon$$obj.o(Region$$Table)
    arxbuf                                   0x20000000   Data           1  main.o(.data)
    rx_cnt                                   0x20000002   Data           2  main.o(.data)
    defaultTaskHandle                        0x20000004   Data           4  freertos.o(.data)
    debugTaskHandle                          0x20000008   Data           4  freertos.o(.data)
    tempTaskHandle                           0x2000000c   Data           4  freertos.o(.data)
    uwTickFreq                               0x20000010   Data           1  stm32f4xx_hal.o(.data)
    uwTickPrio                               0x20000014   Data           4  stm32f4xx_hal.o(.data)
    uwTick                                   0x20000018   Data           4  stm32f4xx_hal.o(.data)
    SystemCoreClock                          0x2000001c   Data           4  system_stm32f4xx.o(.data)
    std_temp_bufhead                         0x20000020   Data           7  sht30.o(.data)
    pxCurrentTCB                             0x20000028   Data           4  tasks.o(.data)
    debug_type                               0x200000a4   Data           1  debug_task.o(.data)
    test_buf                                 0x200000a8   Data          14  main.o(.bss)
    htim2                                    0x20000760   Data          72  tim.o(.bss)
    huart4                                   0x200007a8   Data          72  usart.o(.bss)
    huart1                                   0x200007f0   Data          72  usart.o(.bss)
    huart3                                   0x20000838   Data          72  usart.o(.bss)
    huart6                                   0x20000880   Data          72  usart.o(.bss)
    hdma_uart4_rx                            0x200008c8   Data          96  usart.o(.bss)
    hdma_uart4_tx                            0x20000928   Data          96  usart.o(.bss)
    hdma_usart1_rx                           0x20000988   Data          96  usart.o(.bss)
    hdma_usart1_tx                           0x200009e8   Data          96  usart.o(.bss)
    hdma_usart3_rx                           0x20000a48   Data          96  usart.o(.bss)
    hdma_usart3_tx                           0x20000aa8   Data          96  usart.o(.bss)
    hdma_usart6_rx                           0x20000b08   Data          96  usart.o(.bss)
    hdma_usart6_tx                           0x20000b68   Data          96  usart.o(.bss)
    htim14                                   0x20000bc8   Data          72  stm32f4xx_hal_timebase_tim.o(.bss)
    dma_temp_buf                             0x20000c10   Data          50  bsp_usart.o(.bss)
    sht30                                    0x20000c84   Data          20  sht30.o(.bss)
    temp_buf                                 0x20000c98   Data          21  sht30.o(.bss)
    xQueueRegistry                           0x20000cb0   Data          64  queue.o(.bss)
    temp_pid_t                               0x20004ac8   Data         136  temp.o(.bss)
    __libspace_start                         0x20004b50   Data          96  libspace.o(.bss)
    __temporary_stack_top$libspace           0x20004bb0   Data           0  libspace.o(.bss)



==============================================================================

Memory Map of the image

  Image Entry point : 0x08000189

  Load Region LR_IROM1 (Base: 0x08000000, Size: 0x0000543c, Max: 0x00080000, ABSOLUTE)

    Execution Region ER_IROM1 (Exec base: 0x08000000, Load base: 0x08000000, Size: 0x00005394, Max: 0x00080000, ABSOLUTE)

    Exec Addr    Load Addr    Size         Type   Attr      Idx    E Section Name        Object

    0x08000000   0x08000000   0x00000188   Data   RO            3    RESET               startup_stm32f407xx.o
    0x08000188   0x08000188   0x00000008   Code   RO         4921  * !!!main             c_w.l(__main.o)
    0x08000190   0x08000190   0x00000034   Code   RO         5278    !!!scatter          c_w.l(__scatter.o)
    0x080001c4   0x080001c4   0x0000001a   Code   RO         5280    !!handler_copy      c_w.l(__scatter_copy.o)
    0x080001de   0x080001de   0x00000002   PAD
    0x080001e0   0x080001e0   0x0000001c   Code   RO         5282    !!handler_zi        c_w.l(__scatter_zi.o)
    0x080001fc   0x080001fc   0x00000002   Code   RO         5139    .ARM.Collect$$libinit$$00000000  c_w.l(libinit.o)
    0x080001fe   0x080001fe   0x00000004   Code   RO         5160    .ARM.Collect$$libinit$$00000001  c_w.l(libinit2.o)
    0x08000202   0x08000202   0x00000000   Code   RO         5163    .ARM.Collect$$libinit$$00000004  c_w.l(libinit2.o)
    0x08000202   0x08000202   0x00000000   Code   RO         5166    .ARM.Collect$$libinit$$0000000A  c_w.l(libinit2.o)
    0x08000202   0x08000202   0x00000000   Code   RO         5168    .ARM.Collect$$libinit$$0000000C  c_w.l(libinit2.o)
    0x08000202   0x08000202   0x00000000   Code   RO         5170    .ARM.Collect$$libinit$$0000000E  c_w.l(libinit2.o)
    0x08000202   0x08000202   0x00000000   Code   RO         5173    .ARM.Collect$$libinit$$00000011  c_w.l(libinit2.o)
    0x08000202   0x08000202   0x00000000   Code   RO         5175    .ARM.Collect$$libinit$$00000013  c_w.l(libinit2.o)
    0x08000202   0x08000202   0x00000000   Code   RO         5177    .ARM.Collect$$libinit$$00000015  c_w.l(libinit2.o)
    0x08000202   0x08000202   0x00000000   Code   RO         5179    .ARM.Collect$$libinit$$00000017  c_w.l(libinit2.o)
    0x08000202   0x08000202   0x00000000   Code   RO         5181    .ARM.Collect$$libinit$$00000019  c_w.l(libinit2.o)
    0x08000202   0x08000202   0x00000000   Code   RO         5183    .ARM.Collect$$libinit$$0000001B  c_w.l(libinit2.o)
    0x08000202   0x08000202   0x00000000   Code   RO         5185    .ARM.Collect$$libinit$$0000001D  c_w.l(libinit2.o)
    0x08000202   0x08000202   0x00000000   Code   RO         5187    .ARM.Collect$$libinit$$0000001F  c_w.l(libinit2.o)
    0x08000202   0x08000202   0x00000000   Code   RO         5189    .ARM.Collect$$libinit$$00000021  c_w.l(libinit2.o)
    0x08000202   0x08000202   0x00000000   Code   RO         5191    .ARM.Collect$$libinit$$00000023  c_w.l(libinit2.o)
    0x08000202   0x08000202   0x00000000   Code   RO         5193    .ARM.Collect$$libinit$$00000025  c_w.l(libinit2.o)
    0x08000202   0x08000202   0x00000000   Code   RO         5197    .ARM.Collect$$libinit$$0000002C  c_w.l(libinit2.o)
    0x08000202   0x08000202   0x00000000   Code   RO         5199    .ARM.Collect$$libinit$$0000002E  c_w.l(libinit2.o)
    0x08000202   0x08000202   0x00000000   Code   RO         5201    .ARM.Collect$$libinit$$00000030  c_w.l(libinit2.o)
    0x08000202   0x08000202   0x00000000   Code   RO         5203    .ARM.Collect$$libinit$$00000032  c_w.l(libinit2.o)
    0x08000202   0x08000202   0x00000002   Code   RO         5204    .ARM.Collect$$libinit$$00000033  c_w.l(libinit2.o)
    0x08000204   0x08000204   0x00000002   Code   RO         5235    .ARM.Collect$$libshutdown$$00000000  c_w.l(libshutdown.o)
    0x08000206   0x08000206   0x00000000   Code   RO         5261    .ARM.Collect$$libshutdown$$00000002  c_w.l(libshutdown2.o)
    0x08000206   0x08000206   0x00000000   Code   RO         5263    .ARM.Collect$$libshutdown$$00000004  c_w.l(libshutdown2.o)
    0x08000206   0x08000206   0x00000000   Code   RO         5266    .ARM.Collect$$libshutdown$$00000007  c_w.l(libshutdown2.o)
    0x08000206   0x08000206   0x00000000   Code   RO         5269    .ARM.Collect$$libshutdown$$0000000A  c_w.l(libshutdown2.o)
    0x08000206   0x08000206   0x00000000   Code   RO         5271    .ARM.Collect$$libshutdown$$0000000C  c_w.l(libshutdown2.o)
    0x08000206   0x08000206   0x00000000   Code   RO         5274    .ARM.Collect$$libshutdown$$0000000F  c_w.l(libshutdown2.o)
    0x08000206   0x08000206   0x00000002   Code   RO         5275    .ARM.Collect$$libshutdown$$00000010  c_w.l(libshutdown2.o)
    0x08000208   0x08000208   0x00000000   Code   RO         4941    .ARM.Collect$$rtentry$$00000000  c_w.l(__rtentry.o)
    0x08000208   0x08000208   0x00000000   Code   RO         5055    .ARM.Collect$$rtentry$$00000002  c_w.l(__rtentry2.o)
    0x08000208   0x08000208   0x00000006   Code   RO         5067    .ARM.Collect$$rtentry$$00000004  c_w.l(__rtentry4.o)
    0x0800020e   0x0800020e   0x00000000   Code   RO         5057    .ARM.Collect$$rtentry$$00000009  c_w.l(__rtentry2.o)
    0x0800020e   0x0800020e   0x00000004   Code   RO         5058    .ARM.Collect$$rtentry$$0000000A  c_w.l(__rtentry2.o)
    0x08000212   0x08000212   0x00000000   Code   RO         5060    .ARM.Collect$$rtentry$$0000000C  c_w.l(__rtentry2.o)
    0x08000212   0x08000212   0x00000008   Code   RO         5061    .ARM.Collect$$rtentry$$0000000D  c_w.l(__rtentry2.o)
    0x0800021a   0x0800021a   0x00000002   Code   RO         5147    .ARM.Collect$$rtexit$$00000000  c_w.l(rtexit.o)
    0x0800021c   0x0800021c   0x00000000   Code   RO         5208    .ARM.Collect$$rtexit$$00000002  c_w.l(rtexit2.o)
    0x0800021c   0x0800021c   0x00000004   Code   RO         5209    .ARM.Collect$$rtexit$$00000003  c_w.l(rtexit2.o)
    0x08000220   0x08000220   0x00000006   Code   RO         5210    .ARM.Collect$$rtexit$$00000004  c_w.l(rtexit2.o)
    0x08000226   0x08000226   0x00000002   PAD
    0x08000228   0x08000228   0x000000be   Code   RO         4746    .emb_text           port.o
    0x080002e6   0x080002e6   0x00000002   PAD
    0x080002e8   0x080002e8   0x00000040   Code   RO            4    .text               startup_stm32f407xx.o
    0x08000328   0x08000328   0x000000ee   Code   RO         4903    .text               c_w.l(lludivv7m.o)
    0x08000416   0x08000416   0x0000008a   Code   RO         4907    .text               c_w.l(rt_memcpy_v6.o)
    0x080004a0   0x080004a0   0x00000064   Code   RO         4909    .text               c_w.l(rt_memcpy_w.o)
    0x08000504   0x08000504   0x00000010   Code   RO         4913    .text               c_w.l(aeabi_memset.o)
    0x08000514   0x08000514   0x00000044   Code   RO         4915    .text               c_w.l(rt_memclr.o)
    0x08000558   0x08000558   0x0000004e   Code   RO         4917    .text               c_w.l(rt_memclr_w.o)
    0x080005a6   0x080005a6   0x00000006   Code   RO         4919    .text               c_w.l(heapauxi.o)
    0x080005ac   0x080005ac   0x0000004a   Code   RO         5089    .text               c_w.l(sys_stackheap_outer.o)
    0x080005f6   0x080005f6   0x00000012   Code   RO         5128    .text               c_w.l(exit.o)
    0x08000608   0x08000608   0x00000008   Code   RO         5144    .text               c_w.l(libspace.o)
    0x08000610   0x08000610   0x0000000c   Code   RO         5205    .text               c_w.l(sys_exit.o)
    0x0800061c   0x0800061c   0x00000002   Code   RO         5224    .text               c_w.l(use_no_semi.o)
    0x0800061e   0x0800061e   0x00000000   Code   RO         5226    .text               c_w.l(indicate_semi.o)
    0x0800061e   0x0800061e   0x00000002   Code   RO          445    i.BusFault_Handler  stm32f4xx_it.o
    0x08000620   0x08000620   0x0000000c   Code   RO          446    i.DMA1_Stream1_IRQHandler  stm32f4xx_it.o
    0x0800062c   0x0800062c   0x0000000c   Code   RO          447    i.DMA1_Stream2_IRQHandler  stm32f4xx_it.o
    0x08000638   0x08000638   0x0000000c   Code   RO          448    i.DMA1_Stream3_IRQHandler  stm32f4xx_it.o
    0x08000644   0x08000644   0x0000000c   Code   RO          449    i.DMA1_Stream4_IRQHandler  stm32f4xx_it.o
    0x08000650   0x08000650   0x0000000c   Code   RO          450    i.DMA2_Stream1_IRQHandler  stm32f4xx_it.o
    0x0800065c   0x0800065c   0x0000000c   Code   RO          451    i.DMA2_Stream2_IRQHandler  stm32f4xx_it.o
    0x08000668   0x08000668   0x0000000c   Code   RO          452    i.DMA2_Stream6_IRQHandler  stm32f4xx_it.o
    0x08000674   0x08000674   0x0000000c   Code   RO          453    i.DMA2_Stream7_IRQHandler  stm32f4xx_it.o
    0x08000680   0x08000680   0x00000028   Code   RO         2076    i.DMA_CalcBaseAndBitshift  stm32f4xx_hal_dma.o
    0x080006a8   0x080006a8   0x00000054   Code   RO         2077    i.DMA_CheckFifoParam  stm32f4xx_hal_dma.o
    0x080006fc   0x080006fc   0x00000028   Code   RO         2078    i.DMA_SetConfig     stm32f4xx_hal_dma.o
    0x08000724   0x08000724   0x00000034   Code   RO         3231    i.DataScope_Get_Channel_Data  data_scope.o
    0x08000758   0x08000758   0x00000064   Code   RO         3232    i.DataWave          data_scope.o
    0x080007bc   0x080007bc   0x00000034   Code   RO         4826    i.DataWavePkg       debug_task.o
    0x080007f0   0x080007f0   0x00000002   Code   RO          454    i.DebugMon_Handler  stm32f4xx_it.o
    0x080007f2   0x080007f2   0x00000002   PAD
    0x080007f4   0x080007f4   0x00000024   Code   RO         4827    i.Debug_Task        debug_task.o
    0x08000818   0x08000818   0x00000004   Code   RO           13    i.Error_Handler     main.o
    0x0800081c   0x0800081c   0x00000092   Code   RO         2079    i.HAL_DMA_Abort     stm32f4xx_hal_dma.o
    0x080008ae   0x080008ae   0x00000024   Code   RO         2080    i.HAL_DMA_Abort_IT  stm32f4xx_hal_dma.o
    0x080008d2   0x080008d2   0x00000004   Code   RO         2082    i.HAL_DMA_GetError  stm32f4xx_hal_dma.o
    0x080008d6   0x080008d6   0x00000002   PAD
    0x080008d8   0x080008d8   0x000001a0   Code   RO         2084    i.HAL_DMA_IRQHandler  stm32f4xx_hal_dma.o
    0x08000a78   0x08000a78   0x000000d4   Code   RO         2085    i.HAL_DMA_Init      stm32f4xx_hal_dma.o
    0x08000b4c   0x08000b4c   0x0000006e   Code   RO         2089    i.HAL_DMA_Start_IT  stm32f4xx_hal_dma.o
    0x08000bba   0x08000bba   0x00000002   PAD
    0x08000bbc   0x08000bbc   0x000001f0   Code   RO         1972    i.HAL_GPIO_Init     stm32f4xx_hal_gpio.o
    0x08000dac   0x08000dac   0x0000000c   Code   RO         2522    i.HAL_GetTick       stm32f4xx_hal.o
    0x08000db8   0x08000db8   0x00000010   Code   RO         2528    i.HAL_IncTick       stm32f4xx_hal.o
    0x08000dc8   0x08000dc8   0x00000034   Code   RO         2529    i.HAL_Init          stm32f4xx_hal.o
    0x08000dfc   0x08000dfc   0x00000098   Code   RO          605    i.HAL_InitTick      stm32f4xx_hal_timebase_tim.o
    0x08000e94   0x08000e94   0x00000038   Code   RO          581    i.HAL_MspInit       stm32f4xx_hal_msp.o
    0x08000ecc   0x08000ecc   0x0000001a   Code   RO         2364    i.HAL_NVIC_EnableIRQ  stm32f4xx_hal_cortex.o
    0x08000ee6   0x08000ee6   0x00000002   PAD
    0x08000ee8   0x08000ee8   0x00000040   Code   RO         2370    i.HAL_NVIC_SetPriority  stm32f4xx_hal_cortex.o
    0x08000f28   0x08000f28   0x00000024   Code   RO         2371    i.HAL_NVIC_SetPriorityGrouping  stm32f4xx_hal_cortex.o
    0x08000f4c   0x08000f4c   0x00000134   Code   RO         1618    i.HAL_RCC_ClockConfig  stm32f4xx_hal_rcc.o
    0x08001080   0x08001080   0x00000040   Code   RO         1622    i.HAL_RCC_GetClockConfig  stm32f4xx_hal_rcc.o
    0x080010c0   0x080010c0   0x00000020   Code   RO         1625    i.HAL_RCC_GetPCLK1Freq  stm32f4xx_hal_rcc.o
    0x080010e0   0x080010e0   0x00000020   Code   RO         1626    i.HAL_RCC_GetPCLK2Freq  stm32f4xx_hal_rcc.o
    0x08001100   0x08001100   0x0000004c   Code   RO         1627    i.HAL_RCC_GetSysClockFreq  stm32f4xx_hal_rcc.o
    0x0800114c   0x0800114c   0x0000036c   Code   RO         1630    i.HAL_RCC_OscConfig  stm32f4xx_hal_rcc.o
    0x080014b8   0x080014b8   0x00000002   Code   RO         1350    i.HAL_TIMEx_BreakCallback  stm32f4xx_hal_tim_ex.o
    0x080014ba   0x080014ba   0x00000002   Code   RO         1351    i.HAL_TIMEx_CommutCallback  stm32f4xx_hal_tim_ex.o
    0x080014bc   0x080014bc   0x00000090   Code   RO         1369    i.HAL_TIMEx_MasterConfigSynchronization  stm32f4xx_hal_tim_ex.o
    0x0800154c   0x0800154c   0x0000005a   Code   RO          646    i.HAL_TIM_Base_Init  stm32f4xx_hal_tim.o
    0x080015a6   0x080015a6   0x00000002   PAD
    0x080015a8   0x080015a8   0x00000024   Code   RO          338    i.HAL_TIM_Base_MspInit  tim.o
    0x080015cc   0x080015cc   0x00000080   Code   RO          651    i.HAL_TIM_Base_Start_IT  stm32f4xx_hal_tim.o
    0x0800164c   0x0800164c   0x000000dc   Code   RO          655    i.HAL_TIM_ConfigClockSource  stm32f4xx_hal_tim.o
    0x08001728   0x08001728   0x00000002   Code   RO          680    i.HAL_TIM_IC_CaptureCallback  stm32f4xx_hal_tim.o
    0x0800172a   0x0800172a   0x00000130   Code   RO          694    i.HAL_TIM_IRQHandler  stm32f4xx_hal_tim.o
    0x0800185a   0x0800185a   0x00000002   PAD
    0x0800185c   0x0800185c   0x00000050   Code   RO          339    i.HAL_TIM_MspPostInit  tim.o
    0x080018ac   0x080018ac   0x00000002   Code   RO          697    i.HAL_TIM_OC_DelayElapsedCallback  stm32f4xx_hal_tim.o
    0x080018ae   0x080018ae   0x000000cc   Code   RO          718    i.HAL_TIM_PWM_ConfigChannel  stm32f4xx_hal_tim.o
    0x0800197a   0x0800197a   0x0000005a   Code   RO          721    i.HAL_TIM_PWM_Init  stm32f4xx_hal_tim.o
    0x080019d4   0x080019d4   0x00000002   Code   RO          723    i.HAL_TIM_PWM_MspInit  stm32f4xx_hal_tim.o
    0x080019d6   0x080019d6   0x00000002   Code   RO          724    i.HAL_TIM_PWM_PulseFinishedCallback  stm32f4xx_hal_tim.o
    0x080019d8   0x080019d8   0x000000c8   Code   RO          726    i.HAL_TIM_PWM_Start  stm32f4xx_hal_tim.o
    0x08001aa0   0x08001aa0   0x00000014   Code   RO           14    i.HAL_TIM_PeriodElapsedCallback  main.o
    0x08001ab4   0x08001ab4   0x00000002   Code   RO          737    i.HAL_TIM_TriggerCallback  stm32f4xx_hal_tim.o
    0x08001ab6   0x08001ab6   0x0000004e   Code   RO         2777    i.HAL_UARTEx_ReceiveToIdle_DMA  stm32f4xx_hal_uart.o
    0x08001b04   0x08001b04   0x0000003c   Code   RO           15    i.HAL_UARTEx_RxEventCallback  main.o
    0x08001b40   0x08001b40   0x00000094   Code   RO         2782    i.HAL_UART_AbortReceive  stm32f4xx_hal_uart.o
    0x08001bd4   0x08001bd4   0x00000002   Code   RO         2793    i.HAL_UART_ErrorCallback  stm32f4xx_hal_uart.o
    0x08001bd6   0x08001bd6   0x00000002   PAD
    0x08001bd8   0x08001bd8   0x00000270   Code   RO         2796    i.HAL_UART_IRQHandler  stm32f4xx_hal_uart.o
    0x08001e48   0x08001e48   0x00000064   Code   RO         2797    i.HAL_UART_Init     stm32f4xx_hal_uart.o
    0x08001eac   0x08001eac   0x0000037c   Code   RO          386    i.HAL_UART_MspInit  usart.o
    0x08002228   0x08002228   0x0000001c   Code   RO         2801    i.HAL_UART_Receive_DMA  stm32f4xx_hal_uart.o
    0x08002244   0x08002244   0x0000001c   Code   RO         2802    i.HAL_UART_Receive_IT  stm32f4xx_hal_uart.o
    0x08002260   0x08002260   0x00000044   Code   RO           16    i.HAL_UART_RxCpltCallback  main.o
    0x080022a4   0x080022a4   0x00000002   Code   RO         2804    i.HAL_UART_RxHalfCpltCallback  stm32f4xx_hal_uart.o
    0x080022a6   0x080022a6   0x00000002   Code   RO         2808    i.HAL_UART_TxCpltCallback  stm32f4xx_hal_uart.o
    0x080022a8   0x080022a8   0x00000002   Code   RO          455    i.HardFault_Handler  stm32f4xx_it.o
    0x080022aa   0x080022aa   0x00000002   PAD
    0x080022ac   0x080022ac   0x000000ac   Code   RO          313    i.MX_DMA_Init       dma.o
    0x08002358   0x08002358   0x00000054   Code   RO          251    i.MX_FREERTOS_Init  freertos.o
    0x080023ac   0x080023ac   0x0000004c   Code   RO          227    i.MX_GPIO_Init      gpio.o
    0x080023f8   0x080023f8   0x00000098   Code   RO          340    i.MX_TIM2_Init      tim.o
    0x08002490   0x08002490   0x00000038   Code   RO          387    i.MX_UART4_Init     usart.o
    0x080024c8   0x080024c8   0x00000038   Code   RO          388    i.MX_USART1_UART_Init  usart.o
    0x08002500   0x08002500   0x00000038   Code   RO          389    i.MX_USART3_UART_Init  usart.o
    0x08002538   0x08002538   0x00000038   Code   RO          390    i.MX_USART6_UART_Init  usart.o
    0x08002570   0x08002570   0x00000002   Code   RO          456    i.MemManage_Handler  stm32f4xx_it.o
    0x08002572   0x08002572   0x00000002   Code   RO          457    i.NMI_Handler       stm32f4xx_it.o
    0x08002574   0x08002574   0x00000220   Code   RO         3319    i.PID_Calculate     pid.o
    0x08002794   0x08002794   0x0000001c   Code   RO         3320    i.PID_Init          pid.o
    0x080027b0   0x080027b0   0x00000008   Code   RO          252    i.StartDefaultTask  freertos.o
    0x080027b8   0x080027b8   0x0000002c   Code   RO         4747    i.SysTick_Handler   port.o
    0x080027e4   0x080027e4   0x00000094   Code   RO           17    i.SystemClock_Config  main.o
    0x08002878   0x08002878   0x00000010   Code   RO         3131    i.SystemInit        system_stm32f4xx.o
    0x08002888   0x08002888   0x0000000c   Code   RO          458    i.TIM8_TRG_COM_TIM14_IRQHandler  stm32f4xx_it.o
    0x08002894   0x08002894   0x000000d8   Code   RO          739    i.TIM_Base_SetConfig  stm32f4xx_hal_tim.o
    0x0800296c   0x0800296c   0x0000001a   Code   RO          740    i.TIM_CCxChannelCmd  stm32f4xx_hal_tim.o
    0x08002986   0x08002986   0x00000014   Code   RO          750    i.TIM_ETR_SetConfig  stm32f4xx_hal_tim.o
    0x0800299a   0x0800299a   0x00000010   Code   RO          751    i.TIM_ITRx_SetConfig  stm32f4xx_hal_tim.o
    0x080029aa   0x080029aa   0x00000002   PAD
    0x080029ac   0x080029ac   0x00000060   Code   RO          752    i.TIM_OC1_SetConfig  stm32f4xx_hal_tim.o
    0x08002a0c   0x08002a0c   0x0000006c   Code   RO          753    i.TIM_OC2_SetConfig  stm32f4xx_hal_tim.o
    0x08002a78   0x08002a78   0x00000068   Code   RO          754    i.TIM_OC3_SetConfig  stm32f4xx_hal_tim.o
    0x08002ae0   0x08002ae0   0x00000050   Code   RO          755    i.TIM_OC4_SetConfig  stm32f4xx_hal_tim.o
    0x08002b30   0x08002b30   0x00000022   Code   RO          757    i.TIM_TI1_ConfigInputStage  stm32f4xx_hal_tim.o
    0x08002b52   0x08002b52   0x00000024   Code   RO          759    i.TIM_TI2_ConfigInputStage  stm32f4xx_hal_tim.o
    0x08002b76   0x08002b76   0x00000002   PAD
    0x08002b78   0x08002b78   0x00000080   Code   RO         4874    i.Temp_Task         temp.o
    0x08002bf8   0x08002bf8   0x000000c4   Code   RO         3272    i.Temperture_Analy  sht30.o
    0x08002cbc   0x08002cbc   0x00000018   Code   RO          459    i.UART4_IRQHandler  stm32f4xx_it.o
    0x08002cd4   0x08002cd4   0x00000010   Code   RO         2810    i.UART_DMAAbortOnError  stm32f4xx_hal_uart.o
    0x08002ce4   0x08002ce4   0x0000004a   Code   RO         2811    i.UART_DMAError     stm32f4xx_hal_uart.o
    0x08002d2e   0x08002d2e   0x00000086   Code   RO         2812    i.UART_DMAReceiveCplt  stm32f4xx_hal_uart.o
    0x08002db4   0x08002db4   0x0000001e   Code   RO         2814    i.UART_DMARxHalfCplt  stm32f4xx_hal_uart.o
    0x08002dd2   0x08002dd2   0x0000004e   Code   RO         2820    i.UART_EndRxTransfer  stm32f4xx_hal_uart.o
    0x08002e20   0x08002e20   0x0000001c   Code   RO         2821    i.UART_EndTxTransfer  stm32f4xx_hal_uart.o
    0x08002e3c   0x08002e3c   0x000000c2   Code   RO         2822    i.UART_Receive_IT   stm32f4xx_hal_uart.o
    0x08002efe   0x08002efe   0x00000002   PAD
    0x08002f00   0x08002f00   0x0000010c   Code   RO         2823    i.UART_SetConfig    stm32f4xx_hal_uart.o
    0x0800300c   0x0800300c   0x00000090   Code   RO         2824    i.UART_Start_Receive_DMA  stm32f4xx_hal_uart.o
    0x0800309c   0x0800309c   0x00000036   Code   RO         2825    i.UART_Start_Receive_IT  stm32f4xx_hal_uart.o
    0x080030d2   0x080030d2   0x00000002   PAD
    0x080030d4   0x080030d4   0x00000018   Code   RO          460    i.USART1_IRQHandler  stm32f4xx_it.o
    0x080030ec   0x080030ec   0x00000018   Code   RO          461    i.USART3_IRQHandler  stm32f4xx_it.o
    0x08003104   0x08003104   0x00000018   Code   RO          462    i.USART6_IRQHandler  stm32f4xx_it.o
    0x0800311c   0x0800311c   0x00000034   Code   RO         3168    i.USER_UART_IDLECallback  bsp_usart.o
    0x08003150   0x08003150   0x00000026   Code   RO         3169    i.USER_UART_IRQHandler  bsp_usart.o
    0x08003176   0x08003176   0x00000002   PAD
    0x08003178   0x08003178   0x00000028   Code   RO         3170    i.USER_UART_Init    bsp_usart.o
    0x080031a0   0x080031a0   0x00000002   Code   RO          463    i.UsageFault_Handler  stm32f4xx_it.o
    0x080031a2   0x080031a2   0x00000020   Code   RO         2377    i.__NVIC_SetPriority  stm32f4xx_hal_cortex.o
    0x080031c2   0x080031c2   0x00000002   PAD
    0x080031c4   0x080031c4   0x00000090   Code   RO         3321    i.f_Changing_Integral_Rate  pid.o
    0x08003254   0x08003254   0x00000084   Code   RO         3322    i.f_Integral_Limit  pid.o
    0x080032d8   0x080032d8   0x00000060   Code   RO         3323    i.f_PID_param_init  pid.o
    0x08003338   0x08003338   0x00000020   Code   RO         3324    i.f_PID_reset       pid.o
    0x08003358   0x08003358   0x0000000e   Code   RO         3273    i.hex_to_dec        sht30.o
    0x08003366   0x08003366   0x0000000c   Code   RO         4322    i.inHandlerMode     cmsis_os.o
    0x08003372   0x08003372   0x00000002   PAD
    0x08003374   0x08003374   0x00000040   Code   RO           18    i.main              main.o
    0x080033b4   0x080033b4   0x0000000c   Code   RO         4324    i.makeFreeRtosPriority  cmsis_os.o
    0x080033c0   0x080033c0   0x00000028   Code   RO         3275    i.my_strncmp        sht30.o
    0x080033e8   0x080033e8   0x0000000e   Code   RO         4326    i.osDelay           cmsis_os.o
    0x080033f6   0x080033f6   0x0000000e   Code   RO         4327    i.osDelayUntil      cmsis_os.o
    0x08003404   0x08003404   0x0000000a   Code   RO         4329    i.osKernelStart     cmsis_os.o
    0x0800340e   0x0800340e   0x00000018   Code   RO         4330    i.osKernelSysTick   cmsis_os.o
    0x08003426   0x08003426   0x00000054   Code   RO         4363    i.osThreadCreate    cmsis_os.o
    0x0800347a   0x0800347a   0x00000002   PAD
    0x0800347c   0x0800347c   0x00000070   Code   RO         3852    i.prvAddCurrentTaskToDelayedList  tasks.o
    0x080034ec   0x080034ec   0x000000d0   Code   RO         3853    i.prvAddNewTaskToReadyList  tasks.o
    0x080035bc   0x080035bc   0x00000058   Code   RO         4178    i.prvCheckForValidListAndQueue  timers.o
    0x08003614   0x08003614   0x00000026   Code   RO         3522    i.prvCopyDataFromQueue  queue.o
    0x0800363a   0x0800363a   0x0000006c   Code   RO         3523    i.prvCopyDataToQueue  queue.o
    0x080036a6   0x080036a6   0x00000034   Code   RO         3854    i.prvDeleteTCB      tasks.o
    0x080036da   0x080036da   0x00000002   PAD
    0x080036dc   0x080036dc   0x0000004c   Code   RO         4691    i.prvHeapInit       heap_4.o
    0x08003728   0x08003728   0x00000060   Code   RO         3855    i.prvIdleTask       tasks.o
    0x08003788   0x08003788   0x00000016   Code   RO         3525    i.prvInitialiseNewQueue  queue.o
    0x0800379e   0x0800379e   0x00000002   PAD
    0x080037a0   0x080037a0   0x000000b0   Code   RO         3856    i.prvInitialiseNewTask  tasks.o
    0x08003850   0x08003850   0x0000004c   Code   RO         4692    i.prvInsertBlockIntoFreeList  heap_4.o
    0x0800389c   0x0800389c   0x00000038   Code   RO         4180    i.prvInsertTimerInActiveList  timers.o
    0x080038d4   0x080038d4   0x0000001c   Code   RO         3526    i.prvIsQueueEmpty   queue.o
    0x080038f0   0x080038f0   0x000000f0   Code   RO         4181    i.prvProcessReceivedCommands  timers.o
    0x080039e0   0x080039e0   0x000000c0   Code   RO         4182    i.prvProcessTimerOrBlockTask  timers.o
    0x08003aa0   0x08003aa0   0x00000020   Code   RO         3857    i.prvResetNextTaskUnblockTime  tasks.o
    0x08003ac0   0x08003ac0   0x00000028   Code   RO         4183    i.prvSampleTimeNow  timers.o
    0x08003ae8   0x08003ae8   0x0000006c   Code   RO         4184    i.prvSwitchTimerLists  timers.o
    0x08003b54   0x08003b54   0x00000028   Code   RO         4748    i.prvTaskExitError  port.o
    0x08003b7c   0x08003b7c   0x00000024   Code   RO         4185    i.prvTimerTask      timers.o
    0x08003ba0   0x08003ba0   0x0000006a   Code   RO         3527    i.prvUnlockQueue    queue.o
    0x08003c0a   0x08003c0a   0x00000002   PAD
    0x08003c0c   0x08003c0c   0x000000dc   Code   RO         4693    i.pvPortMalloc      heap_4.o
    0x08003ce8   0x08003ce8   0x0000002c   Code   RO         4749    i.pxPortInitialiseStack  port.o
    0x08003d14   0x08003d14   0x00000026   Code   RO         3482    i.uxListRemove      list.o
    0x08003d3a   0x08003d3a   0x00000002   PAD
    0x08003d3c   0x08003d3c   0x00000014   Code   RO          253    i.vApplicationGetIdleTaskMemory  freertos.o
    0x08003d50   0x08003d50   0x00000018   Code   RO          254    i.vApplicationGetTimerTaskMemory  freertos.o
    0x08003d68   0x08003d68   0x00000016   Code   RO         3483    i.vListInitialise   list.o
    0x08003d7e   0x08003d7e   0x00000006   Code   RO         3484    i.vListInitialiseItem  list.o
    0x08003d84   0x08003d84   0x00000030   Code   RO         3485    i.vListInsert       list.o
    0x08003db4   0x08003db4   0x00000018   Code   RO         3486    i.vListInsertEnd    list.o
    0x08003dcc   0x08003dcc   0x00000040   Code   RO         4751    i.vPortEnterCritical  port.o
    0x08003e0c   0x08003e0c   0x00000028   Code   RO         4752    i.vPortExitCritical  port.o
    0x08003e34   0x08003e34   0x00000064   Code   RO         4694    i.vPortFree         heap_4.o
    0x08003e98   0x08003e98   0x00000024   Code   RO         4753    i.vPortSetupTimerInterrupt  port.o
    0x08003ebc   0x08003ebc   0x00000054   Code   RO         4754    i.vPortValidateInterruptPriority  port.o
    0x08003f10   0x08003f10   0x00000028   Code   RO         3531    i.vQueueAddToRegistry  queue.o
    0x08003f38   0x08003f38   0x00000044   Code   RO         3534    i.vQueueWaitForMessageRestricted  queue.o
    0x08003f7c   0x08003f7c   0x0000004c   Code   RO         3867    i.vTaskDelay        tasks.o
    0x08003fc8   0x08003fc8   0x0000008c   Code   RO         3868    i.vTaskDelayUntil   tasks.o
    0x08004054   0x08004054   0x00000010   Code   RO         3871    i.vTaskInternalSetTimeOutState  tasks.o
    0x08004064   0x08004064   0x0000000c   Code   RO         3872    i.vTaskMissedYield  tasks.o
    0x08004070   0x08004070   0x00000030   Code   RO         3874    i.vTaskPlaceOnEventList  tasks.o
    0x080040a0   0x080040a0   0x00000038   Code   RO         3875    i.vTaskPlaceOnEventListRestricted  tasks.o
    0x080040d8   0x080040d8   0x00000088   Code   RO         3882    i.vTaskStartScheduler  tasks.o
    0x08004160   0x08004160   0x00000010   Code   RO         3884    i.vTaskSuspendAll   tasks.o
    0x08004170   0x08004170   0x0000005c   Code   RO         3885    i.vTaskSwitchContext  tasks.o
    0x080041cc   0x080041cc   0x000000f4   Code   RO         4755    i.xPortStartScheduler  port.o
    0x080042c0   0x080042c0   0x00000066   Code   RO         3538    i.xQueueGenericCreateStatic  queue.o
    0x08004326   0x08004326   0x00000002   PAD
    0x08004328   0x08004328   0x00000088   Code   RO         3539    i.xQueueGenericReset  queue.o
    0x080043b0   0x080043b0   0x00000160   Code   RO         3540    i.xQueueGenericSend  queue.o
    0x08004510   0x08004510   0x000000be   Code   RO         3541    i.xQueueGenericSendFromISR  queue.o
    0x080045ce   0x080045ce   0x00000002   PAD
    0x080045d0   0x080045d0   0x00000138   Code   RO         3547    i.xQueueReceive     queue.o
    0x08004708   0x08004708   0x00000074   Code   RO         3887    i.xTaskCheckForTimeOut  tasks.o
    0x0800477c   0x0800477c   0x0000005a   Code   RO         3888    i.xTaskCreate       tasks.o
    0x080047d6   0x080047d6   0x00000056   Code   RO         3889    i.xTaskCreateStatic  tasks.o
    0x0800482c   0x0800482c   0x0000001c   Code   RO         3893    i.xTaskGetSchedulerState  tasks.o
    0x08004848   0x08004848   0x0000000c   Code   RO         3894    i.xTaskGetTickCount  tasks.o
    0x08004854   0x08004854   0x00000010   Code   RO         3895    i.xTaskGetTickCountFromISR  tasks.o
    0x08004864   0x08004864   0x000000cc   Code   RO         3896    i.xTaskIncrementTick  tasks.o
    0x08004930   0x08004930   0x00000098   Code   RO         3899    i.xTaskPriorityDisinherit  tasks.o
    0x080049c8   0x080049c8   0x00000074   Code   RO         3901    i.xTaskRemoveFromEventList  tasks.o
    0x08004a3c   0x08004a3c   0x000000c4   Code   RO         3902    i.xTaskResumeAll    tasks.o
    0x08004b00   0x08004b00   0x00000060   Code   RO         4192    i.xTimerCreateTimerTask  timers.o
    0x08004b60   0x08004b60   0x00000060   Code   RO         4193    i.xTimerGenericCommand  timers.o
    0x08004bc0   0x08004bc0   0x00000062   Code   RO         4923    x$fpl$d2f           fz_wm.l(d2f.o)
    0x08004c22   0x08004c22   0x00000002   PAD
    0x08004c24   0x08004c24   0x00000150   Code   RO         4925    x$fpl$dadd          fz_wm.l(daddsub_clz.o)
    0x08004d74   0x08004d74   0x000002b0   Code   RO         4932    x$fpl$ddiv          fz_wm.l(ddiv.o)
    0x08005024   0x08005024   0x00000026   Code   RO         4935    x$fpl$dfltu         fz_wm.l(dflt_clz.o)
    0x0800504a   0x0800504a   0x0000009c   Code   RO         5039    x$fpl$dnaninf       fz_wm.l(dnaninf.o)
    0x080050e6   0x080050e6   0x0000000c   Code   RO         5041    x$fpl$dretinf       fz_wm.l(dretinf.o)
    0x080050f2   0x080050f2   0x00000002   PAD
    0x080050f4   0x080050f4   0x000001d4   Code   RO         4927    x$fpl$dsub          fz_wm.l(daddsub_clz.o)
    0x080052c8   0x080052c8   0x0000000a   Code   RO         5220    x$fpl$fpinit        fz_wm.l(fpinit.o)
    0x080052d2   0x080052d2   0x0000000a   Code   RO         5043    x$fpl$fretinf       fz_wm.l(fretinf.o)
    0x080052dc   0x080052dc   0x00000000   Code   RO         5053    x$fpl$usenofp       fz_wm.l(usenofp.o)
    0x080052dc   0x080052dc   0x00000054   Data   RO          256    .constdata          freertos.o
    0x08005330   0x08005330   0x00000008   Data   RO         2091    .constdata          stm32f4xx_hal_dma.o
    0x08005338   0x08005338   0x00000010   Data   RO         3132    .constdata          system_stm32f4xx.o
    0x08005348   0x08005348   0x00000008   Data   RO         3133    .constdata          system_stm32f4xx.o
    0x08005350   0x08005350   0x00000024   Data   RO          257    .conststring        freertos.o
    0x08005374   0x08005374   0x00000020   Data   RO         5276    Region$$Table       anon$$obj.o


    Execution Region RW_IRAM1 (Exec base: 0x20000000, Load base: 0x08005394, Size: 0x000051b0, Max: 0x0001c000, ABSOLUTE)

    Exec Addr    Load Addr    Size         Type   Attr      Idx    E Section Name        Object

    0x20000000   0x08005394   0x00000004   Data   RW           20    .data               main.o
    0x20000004   0x08005398   0x0000000c   Data   RW          258    .data               freertos.o
    0x20000010   0x080053a4   0x0000000c   Data   RW         2536    .data               stm32f4xx_hal.o
    0x2000001c   0x080053b0   0x00000004   Data   RW         3134    .data               system_stm32f4xx.o
    0x20000020   0x080053b4   0x00000007   Data   RW         3277    .data               sht30.o
    0x20000027   0x080053bb   0x00000001   PAD
    0x20000028   0x080053bc   0x0000003c   Data   RW         3905    .data               tasks.o
    0x20000064   0x080053f8   0x00000014   Data   RW         4199    .data               timers.o
    0x20000078   0x0800540c   0x00000020   Data   RW         4700    .data               heap_4.o
    0x20000098   0x0800542c   0x0000000c   Data   RW         4756    .data               port.o
    0x200000a4   0x08005438   0x00000001   Data   RW         4828    .data               debug_task.o
    0x200000a5   0x08005439   0x00000003   PAD
    0x200000a8        -       0x0000000e   Zero   RW           19    .bss                main.o
    0x200000b6   0x08005439   0x00000002   PAD
    0x200000b8        -       0x000006a8   Zero   RW          255    .bss                freertos.o
    0x20000760        -       0x00000048   Zero   RW          341    .bss                tim.o
    0x200007a8        -       0x00000420   Zero   RW          391    .bss                usart.o
    0x20000bc8        -       0x00000048   Zero   RW          608    .bss                stm32f4xx_hal_timebase_tim.o
    0x20000c10        -       0x00000032   Zero   RW         3172    .bss                bsp_usart.o
    0x20000c42        -       0x00000042   Zero   RW         3234    .bss                data_scope.o
    0x20000c84        -       0x00000029   Zero   RW         3276    .bss                sht30.o
    0x20000cad   0x08005439   0x00000003   PAD
    0x20000cb0        -       0x00000040   Zero   RW         3550    .bss                queue.o
    0x20000cf0        -       0x000000f0   Zero   RW         3904    .bss                tasks.o
    0x20000de0        -       0x000000e8   Zero   RW         4198    .bss                timers.o
    0x20000ec8        -       0x00003c00   Zero   RW         4699    .bss                heap_4.o
    0x20004ac8        -       0x00000088   Zero   RW         4875    .bss                temp.o
    0x20004b50        -       0x00000060   Zero   RW         5145    .bss                c_w.l(libspace.o)
    0x20004bb0        -       0x00000200   Zero   RW            2    HEAP                startup_stm32f407xx.o
    0x20004db0        -       0x00000400   Zero   RW            1    STACK               startup_stm32f407xx.o


    Execution Region RW_IRAM2 (Exec base: 0x2001c000, Load base: 0x0800543c, Size: 0x00000000, Max: 0x00004000, ABSOLUTE)

    **** No section assigned to this execution region ****


==============================================================================

Image component sizes


      Code (inc. data)   RO Data    RW Data    ZI Data      Debug   Object Name

       130         16          0          0         50       2490   bsp_usart.o
       170          0          0          0          0      30590   cmsis_os.o
       152         12          0          0         66       2180   data_scope.o
        88         14          0          1          0       3711   debug_task.o
       172          4          0          0          0        886   dma.o
         0          0          0          0          0      20048   event_groups.o
       136         20        120         12       1704       3466   freertos.o
        76          6          0          0          0        891   gpio.o
       472         24          0         32      15360       4947   heap_4.o
       138          0          0          0          0       3630   list.o
       364         52          0          4         14     727312   main.o
       976         38          0          0          0       7457   pid.o
       786         82          0         12          0      11969   port.o
      1502         20          0          0         64      17472   queue.o
       250         26          0          7         41       2983   sht30.o
        64         26        392          0       1536        852   startup_stm32f407xx.o
        80         14          0         12          0       8138   stm32f4xx_hal.o
       158         14          0          0          0      33106   stm32f4xx_hal_cortex.o
      1088         16          8          0          0       8033   stm32f4xx_hal_dma.o
       496         46          0          0          0       1556   stm32f4xx_hal_gpio.o
        56          4          0          0          0        886   stm32f4xx_hal_msp.o
      1388         84          0          0          0       5917   stm32f4xx_hal_rcc.o
      1982        138          0          0          0      17302   stm32f4xx_hal_tim.o
       148         28          0          0          0       2529   stm32f4xx_hal_tim_ex.o
       152         20          0          0         72       1512   stm32f4xx_hal_timebase_tim.o
      2032         30          0          0          0      15376   stm32f4xx_hal_uart.o
       216         78          0          0          0       9364   stm32f4xx_it.o
         0          0          0          0          0        440   stream_buffer.o
        16          4         24          4          0       1159   system_stm32f4xx.o
      2284        172          0         60        240      28885   tasks.o
       128         22          0          0        136       1205   temp.o
       268         22          0          0         72       2420   tim.o
       952         80          0         20        232      30175   timers.o
      1116         84          0          0       1056       4725   usart.o

    ----------------------------------------------------------------------
     18082       1196        576        168      20648    1013612   Object Totals
         0          0         32          0          0          0   (incl. Generated)
        46          0          0          4          5          0   (incl. Padding)

    ----------------------------------------------------------------------

      Code (inc. data)   RO Data    RW Data    ZI Data      Debug   Library Member Name

         8          0          0          0          0         68   __main.o
         0          0          0          0          0          0   __rtentry.o
        12          0          0          0          0          0   __rtentry2.o
         6          0          0          0          0          0   __rtentry4.o
        52          8          0          0          0          0   __scatter.o
        26          0          0          0          0          0   __scatter_copy.o
        28          0          0          0          0          0   __scatter_zi.o
        16          0          0          0          0         68   aeabi_memset.o
        18          0          0          0          0         80   exit.o
         6          0          0          0          0        152   heapauxi.o
         0          0          0          0          0          0   indicate_semi.o
         2          0          0          0          0          0   libinit.o
         6          0          0          0          0          0   libinit2.o
         2          0          0          0          0          0   libshutdown.o
         2          0          0          0          0          0   libshutdown2.o
         8          4          0          0         96         68   libspace.o
       238          0          0          0          0        100   lludivv7m.o
        68          0          0          0          0         68   rt_memclr.o
        78          0          0          0          0         80   rt_memclr_w.o
       138          0          0          0          0         68   rt_memcpy_v6.o
       100          0          0          0          0         80   rt_memcpy_w.o
         2          0          0          0          0          0   rtexit.o
        10          0          0          0          0          0   rtexit2.o
        12          4          0          0          0         68   sys_exit.o
        74          0          0          0          0         80   sys_stackheap_outer.o
         2          0          0          0          0         68   use_no_semi.o
        98          4          0          0          0        140   d2f.o
       804         16          0          0          0        368   daddsub_clz.o
       688        140          0          0          0        256   ddiv.o
        38          0          0          0          0        116   dflt_clz.o
       156          4          0          0          0        140   dnaninf.o
        12          0          0          0          0        116   dretinf.o
        10          0          0          0          0        116   fpinit.o
        10          0          0          0          0        116   fretinf.o
         0          0          0          0          0          0   usenofp.o

    ----------------------------------------------------------------------
      2738        180          0          0         96       2416   Library Totals
         8          0          0          0          0          0   (incl. Padding)

    ----------------------------------------------------------------------

      Code (inc. data)   RO Data    RW Data    ZI Data      Debug   Library Name

       914         16          0          0         96       1048   c_w.l
      1816        164          0          0          0       1368   fz_wm.l

    ----------------------------------------------------------------------
      2738        180          0          0         96       2416   Library Totals

    ----------------------------------------------------------------------

==============================================================================


      Code (inc. data)   RO Data    RW Data    ZI Data      Debug   

     20820       1376        576        168      20744     995960   Grand Totals
     20820       1376        576        168      20744     995960   ELF Image Totals
     20820       1376        576        168          0          0   ROM Totals

==============================================================================

    Total RO  Size (Code + RO Data)                21396 (  20.89kB)
    Total RW  Size (RW Data + ZI Data)             20912 (  20.42kB)
    Total ROM Size (Code + RO Data + RW Data)      21564 (  21.06kB)

==============================================================================

