Component: ARM Compiler 5.06 update 6 (build 750) Tool: armlink [4d35ed]

==============================================================================

Section Cross References

    startup_stm32f407xx.o(RESET) refers to startup_stm32f407xx.o(STACK) for __initial_sp
    startup_stm32f407xx.o(RESET) refers to startup_stm32f407xx.o(.text) for Reset_Handler
    startup_stm32f407xx.o(RESET) refers to stm32f4xx_it.o(i.NMI_Handler) for NMI_Handler
    startup_stm32f407xx.o(RESET) refers to stm32f4xx_it.o(i.HardFault_Handler) for HardFault_Handler
    startup_stm32f407xx.o(RESET) refers to stm32f4xx_it.o(i.MemManage_Handler) for MemManage_Handler
    startup_stm32f407xx.o(RESET) refers to stm32f4xx_it.o(i.BusFault_Handler) for BusFault_Handler
    startup_stm32f407xx.o(RESET) refers to stm32f4xx_it.o(i.UsageFault_Handler) for UsageFault_Handler
    startup_stm32f407xx.o(RESET) refers to port.o(.emb_text) for SVC_Handler
    startup_stm32f407xx.o(RESET) refers to stm32f4xx_it.o(i.DebugMon_Handler) for DebugMon_Handler
    startup_stm32f407xx.o(RESET) refers to port.o(i.SysTick_Handler) for SysTick_Handler
    startup_stm32f407xx.o(RESET) refers to stm32f4xx_it.o(i.DMA1_Stream0_IRQHandler) for DMA1_Stream0_IRQHandler
    startup_stm32f407xx.o(RESET) refers to stm32f4xx_it.o(i.DMA1_Stream1_IRQHandler) for DMA1_Stream1_IRQHandler
    startup_stm32f407xx.o(RESET) refers to stm32f4xx_it.o(i.DMA1_Stream2_IRQHandler) for DMA1_Stream2_IRQHandler
    startup_stm32f407xx.o(RESET) refers to stm32f4xx_it.o(i.DMA1_Stream3_IRQHandler) for DMA1_Stream3_IRQHandler
    startup_stm32f407xx.o(RESET) refers to stm32f4xx_it.o(i.DMA1_Stream4_IRQHandler) for DMA1_Stream4_IRQHandler
    startup_stm32f407xx.o(RESET) refers to stm32f4xx_it.o(i.DMA1_Stream5_IRQHandler) for DMA1_Stream5_IRQHandler
    startup_stm32f407xx.o(RESET) refers to stm32f4xx_it.o(i.DMA1_Stream6_IRQHandler) for DMA1_Stream6_IRQHandler
    startup_stm32f407xx.o(RESET) refers to stm32f4xx_it.o(i.CAN1_TX_IRQHandler) for CAN1_TX_IRQHandler
    startup_stm32f407xx.o(RESET) refers to stm32f4xx_it.o(i.CAN1_RX0_IRQHandler) for CAN1_RX0_IRQHandler
    startup_stm32f407xx.o(RESET) refers to stm32f4xx_it.o(i.CAN1_RX1_IRQHandler) for CAN1_RX1_IRQHandler
    startup_stm32f407xx.o(RESET) refers to stm32f4xx_it.o(i.CAN1_SCE_IRQHandler) for CAN1_SCE_IRQHandler
    startup_stm32f407xx.o(RESET) refers to stm32f4xx_it.o(i.TIM1_BRK_TIM9_IRQHandler) for TIM1_BRK_TIM9_IRQHandler
    startup_stm32f407xx.o(RESET) refers to stm32f4xx_it.o(i.TIM2_IRQHandler) for TIM2_IRQHandler
    startup_stm32f407xx.o(RESET) refers to stm32f4xx_it.o(i.TIM3_IRQHandler) for TIM3_IRQHandler
    startup_stm32f407xx.o(RESET) refers to stm32f4xx_it.o(i.TIM4_IRQHandler) for TIM4_IRQHandler
    startup_stm32f407xx.o(RESET) refers to stm32f4xx_it.o(i.USART1_IRQHandler) for USART1_IRQHandler
    startup_stm32f407xx.o(RESET) refers to stm32f4xx_it.o(i.USART2_IRQHandler) for USART2_IRQHandler
    startup_stm32f407xx.o(RESET) refers to stm32f4xx_it.o(i.USART3_IRQHandler) for USART3_IRQHandler
    startup_stm32f407xx.o(RESET) refers to stm32f4xx_it.o(i.TIM8_BRK_TIM12_IRQHandler) for TIM8_BRK_TIM12_IRQHandler
    startup_stm32f407xx.o(RESET) refers to stm32f4xx_it.o(i.DMA1_Stream7_IRQHandler) for DMA1_Stream7_IRQHandler
    startup_stm32f407xx.o(RESET) refers to stm32f4xx_it.o(i.TIM5_IRQHandler) for TIM5_IRQHandler
    startup_stm32f407xx.o(RESET) refers to stm32f4xx_it.o(i.UART4_IRQHandler) for UART4_IRQHandler
    startup_stm32f407xx.o(RESET) refers to stm32f4xx_it.o(i.UART5_IRQHandler) for UART5_IRQHandler
    startup_stm32f407xx.o(RESET) refers to stm32f4xx_it.o(i.DMA2_Stream1_IRQHandler) for DMA2_Stream1_IRQHandler
    startup_stm32f407xx.o(RESET) refers to stm32f4xx_it.o(i.DMA2_Stream2_IRQHandler) for DMA2_Stream2_IRQHandler
    startup_stm32f407xx.o(RESET) refers to stm32f4xx_it.o(i.CAN2_TX_IRQHandler) for CAN2_TX_IRQHandler
    startup_stm32f407xx.o(RESET) refers to stm32f4xx_it.o(i.CAN2_RX0_IRQHandler) for CAN2_RX0_IRQHandler
    startup_stm32f407xx.o(RESET) refers to stm32f4xx_it.o(i.CAN2_RX1_IRQHandler) for CAN2_RX1_IRQHandler
    startup_stm32f407xx.o(RESET) refers to stm32f4xx_it.o(i.CAN2_SCE_IRQHandler) for CAN2_SCE_IRQHandler
    startup_stm32f407xx.o(RESET) refers to stm32f4xx_it.o(i.DMA2_Stream6_IRQHandler) for DMA2_Stream6_IRQHandler
    startup_stm32f407xx.o(RESET) refers to stm32f4xx_it.o(i.DMA2_Stream7_IRQHandler) for DMA2_Stream7_IRQHandler
    startup_stm32f407xx.o(RESET) refers to stm32f4xx_it.o(i.USART6_IRQHandler) for USART6_IRQHandler
    startup_stm32f407xx.o(.text) refers to system_stm32f4xx.o(i.SystemInit) for SystemInit
    startup_stm32f407xx.o(.text) refers to entry.o(.ARM.Collect$$$$00000000) for __main
    main.o(i.HAL_TIM_PeriodElapsedCallback) refers to micro_swicth.o(i.MicroSwicth_Callback) for MicroSwicth_Callback
    main.o(i.HAL_TIM_PeriodElapsedCallback) refers to reload_task.o(i.Reload_Tick) for Reload_Tick
[...]
    __aeabi_llsr                             0x08000717   Thumb Code    32  llushr.o(.text)
    _ll_ushift_r                             0x08000717   Thumb Code     0  llushr.o(.text)
    __aeabi_lasr                             0x08000737   Thumb Code    36  llsshr.o(.text)
    _ll_sshift_r                             0x08000737   Thumb Code     0  llsshr.o(.text)
    __I$use$fp                               0x0800075b   Thumb Code     0  iusefp.o(.text)
    _double_round                            0x0800075b   Thumb Code    30  depilogue.o(.text)
    _double_epilogue                         0x08000779   Thumb Code   156  depilogue.o(.text)
    __aeabi_d2ulz                            0x08000815   Thumb Code    48  dfixul.o(.text)
    __scatterload                            0x08000845   Thumb Code    28  init.o(.text)
    __scatterload_rt2                        0x08000845   Thumb Code     0  init.o(.text)
    BusFault_Handler                         0x08000869   Thumb Code     4  stm32f4xx_it.o(i.BusFault_Handler)
    CAN1_RX0_IRQHandler                      0x08000921   Thumb Code    10  stm32f4xx_it.o(i.CAN1_RX0_IRQHandler)
    CAN1_RX1_IRQHandler                      0x08000931   Thumb Code    10  stm32f4xx_it.o(i.CAN1_RX1_IRQHandler)
    CAN1_SCE_IRQHandler                      0x08000941   Thumb Code    10  stm32f4xx_it.o(i.CAN1_SCE_IRQHandler)
    CAN1_TX_IRQHandler                       0x08000951   Thumb Code    10  stm32f4xx_it.o(i.CAN1_TX_IRQHandler)
    CAN2_RX0_IRQHandler                      0x08000a15   Thumb Code    10  stm32f4xx_it.o(i.CAN2_RX0_IRQHandler)
    CAN2_RX1_IRQHandler                      0x08000a25   Thumb Code    10  stm32f4xx_it.o(i.CAN2_RX1_IRQHandler)
    CAN2_SCE_IRQHandler                      0x08000a35   Thumb Code    10  stm32f4xx_it.o(i.CAN2_SCE_IRQHandler)
    CAN2_TX_IRQHandler                       0x08000a45   Thumb Code    10  stm32f4xx_it.o(i.CAN2_TX_IRQHandler)
    Can_Device_Init                          0x08000a9d   Thumb Code    50  can_comm.o(i.Can_Device_Init)
    Can_Send_Task                            0x08000ae5   Thumb Code   112  can_comm.o(i.Can_Send_Task)
    DMA1_Stream0_IRQHandler                  0x08000b59   Thumb Code    10  stm32f4xx_it.o(i.DMA1_Stream0_IRQHandler)
    DMA1_Stream1_IRQHandler                  0x08000b69   Thumb Code    10  stm32f4xx_it.o(i.DMA1_Stream1_IRQHandler)
    DMA1_Stream2_IRQHandler                  0x08000b79   Thumb Code    10  stm32f4xx_it.o(i.DMA1_Stream2_IRQHandler)
    DMA1_Stream3_IRQHandler                  0x08000b89   Thumb Code    10  stm32f4xx_it.o(i.DMA1_Stream3_IRQHandler)
    DMA1_Stream4_IRQHandler                  0x08000b99   Thumb Code    10  stm32f4xx_it.o(i.DMA1_Stream4_IRQHandler)
    DMA1_Stream5_IRQHandler                  0x08000ba9   Thumb Code    10  stm32f4xx_it.o(i.DMA1_Stream5_IRQHandler)
    DMA1_Stream6_IRQHandler                  0x08000bb9   Thumb Code    10  stm32f4xx_it.o(i.DMA1_Stream6_IRQHandler)
    DMA1_Stream7_IRQHandler                  0x08000bc9   Thumb Code    10  stm32f4xx_it.o(i.DMA1_Stream7_IRQHandler)
    DMA2_Stream1_IRQHandler                  0x08000bd9   Thumb Code    10  stm32f4xx_it.o(i.DMA2_Stream1_IRQHandler)
    DMA2_Stream2_IRQHandler                  0x08000be9   Thumb Code    10  stm32f4xx_it.o(i.DMA2_Stream2_IRQHandler)
    DMA2_Stream6_IRQHandler                  0x08000bf9   Thumb Code    10  stm32f4xx_it.o(i.DMA2_Stream6_IRQHandler)
    DMA2_Stream7_IRQHandler                  0x08000c09   Thumb Code    10  stm32f4xx_it.o(i.DMA2_Stream7_IRQHandler)
    DataScope_Get_Channel_Data               0x08000e35   Thumb Code    56  data_scope.o(i.DataScope_Get_Channel_Data)
    DataWave                                 0x08000e71   Thumb Code    78  data_scope.o(i.DataWave)
    DataWavePkg                              0x08000ec5   Thumb Code   468  debug_task.o(i.DataWavePkg)
    DebugMon_Handler                         0x080010bd   Thumb Code     2  stm32f4xx_it.o(i.DebugMon_Handler)
    Debug_Task                               0x080010c1   Thumb Code    34  debug_task.o(i.Debug_Task)
    Error_Handler                            0x080010e9   Thumb Code     6  main.o(i.Error_Handler)
    FLASH_Erase_Sector                       0x080010f1   Thumb Code    86  stm32f4xx_hal_flash_ex.o(i.FLASH_Erase_Sector)
    FLASH_FlushCaches                        0x0800114d   Thumb Code   114  stm32f4xx_hal_flash_ex.o(i.FLASH_FlushCaches)
    FLASH_WaitForLastOperation               0x08001331   Thumb Code    90  stm32f4xx_hal_flash.o(i.FLASH_WaitForLastOperation)
    FricMotor_Mode_Change                    0x080013b1   Thumb Code    10  shoot_task.o(i.FricMotor_Mode_Change)
    Gimbal_Task                              0x08001871   Thumb Code    46  gimbal_task.o(i.Gimbal_Task)
    HAL_CAN_ActivateNotification             0x080018a9   Thumb Code    42  stm32f4xx_hal_can.o(i.HAL_CAN_ActivateNotification)
    HAL_CAN_AddTxMessage                     0x080018d3   Thumb Code   330  stm32f4xx_hal_can.o(i.HAL_CAN_AddTxMessage)
    HAL_CAN_ConfigFilter                     0x08001a1d   Thumb Code   286  stm32f4xx_hal_can.o(i.HAL_CAN_ConfigFilter)
    HAL_CAN_ErrorCallback                    0x08001b41   Thumb Code     2  stm32f4xx_hal_can.o(i.HAL_CAN_ErrorCallback)
    HAL_CAN_GetRxMessage                     0x08001b43   Thumb Code   404  stm32f4xx_hal_can.o(i.HAL_CAN_GetRxMessage)
    HAL_CAN_GetTxMailboxesFreeLevel          0x08001cd7   Thumb Code    54  stm32f4xx_hal_can.o(i.HAL_CAN_GetTxMailboxesFreeLevel)
    HAL_CAN_IRQHandler                       0x08001d0d   Thumb Code   590  stm32f4xx_hal_can.o(i.HAL_CAN_IRQHandler)
    HAL_CAN_Init                             0x08001f5b   Thumb Code   372  stm32f4xx_hal_can.o(i.HAL_CAN_Init)
    HAL_CAN_MspInit                          0x080020d1   Thumb Code   426  can.o(i.HAL_CAN_MspInit)
    HAL_CAN_RxFifo0FullCallback              0x08002295   Thumb Code     2  stm32f4xx_hal_can.o(i.HAL_CAN_RxFifo0FullCallback)
    HAL_CAN_RxFifo0MsgPendingCallback        0x08002299   Thumb Code    42  bsp_can.o(i.HAL_CAN_RxFifo0MsgPendingCallback)
    HAL_CAN_RxFifo1FullCallback              0x080022d1   Thumb Code     2  stm32f4xx_hal_can.o(i.HAL_CAN_RxFifo1FullCallback)
    HAL_CAN_RxFifo1MsgPendingCallback        0x080022d5   Thumb Code    42  bsp_can.o(i.HAL_CAN_RxFifo1MsgPendingCallback)
    HAL_CAN_SleepCallback                    0x0800230d   Thumb Code     2  stm32f4xx_hal_can.o(i.HAL_CAN_SleepCallback)
    HAL_CAN_Start                            0x0800230f   Thumb Code    94  stm32f4xx_hal_can.o(i.HAL_CAN_Start)
    HAL_CAN_TxMailbox0AbortCallback          0x0800236d   Thumb Code     2  stm32f4xx_hal_can.o(i.HAL_CAN_TxMailbox0AbortCallback)
    HAL_CAN_TxMailbox0CompleteCallback       0x0800236f   Thumb Code     2  stm32f4xx_hal_can.o(i.HAL_CAN_TxMailbox0CompleteCallback)
    HAL_CAN_TxMailbox1AbortCallback          0x08002371   Thumb Code     2  stm32f4xx_hal_can.o(i.HAL_CAN_TxMailbox1AbortCallback)
    HAL_CAN_TxMailbox1CompleteCallback       0x08002373   Thumb Code     2  stm32f4xx_hal_can.o(i.HAL_CAN_TxMailbox1CompleteCallback)
    HAL_CAN_TxMailbox2AbortCallback          0x08002375   Thumb Code     2  stm32f4xx_hal_can.o(i.HAL_CAN_TxMailbox2AbortCallback)
    HAL_CAN_TxMailbox2CompleteCallback       0x08002377   Thumb Code     2  stm32f4xx_hal_can.o(i.HAL_CAN_TxMailbox2CompleteCallback)
    HAL_CAN_WakeUpFromRxMsgCallback          0x08002379   Thumb Code     2  stm32f4xx_hal_can.o(i.HAL_CAN_WakeUpFromRxMsgCallback)
    HAL_DMA_Abort                            0x0800237b   Thumb Code   172  stm32f4xx_hal_dma.o(i.HAL_DMA_Abort)
    HAL_DMA_Abort_IT                         0x08002427   Thumb Code    40  stm32f4xx_hal_dma.o(i.HAL_DMA_Abort_IT)
    HAL_DMA_GetError                         0x0800244f   Thumb Code     6  stm32f4xx_hal_dma.o(i.HAL_DMA_GetError)
    HAL_DMA_IRQHandler                       0x08002455   Thumb Code   570  stm32f4xx_hal_dma.o(i.HAL_DMA_IRQHandler)
    HAL_DMA_Init                             0x08002695   Thumb Code   232  stm32f4xx_hal_dma.o(i.HAL_DMA_Init)
    HAL_DMA_Start_IT                         0x08002781   Thumb Code   146  stm32f4xx_hal_dma.o(i.HAL_DMA_Start_IT)
    HAL_FLASHEx_Erase                        0x08002815   Thumb Code   164  stm32f4xx_hal_flash_ex.o(i.HAL_FLASHEx_Erase)
    HAL_FLASH_Lock                           0x080028c1   Thumb Code    16  stm32f4xx_hal_flash.o(i.HAL_FLASH_Lock)
    HAL_FLASH_Program                        0x080028d5   Thumb Code   142  stm32f4xx_hal_flash.o(i.HAL_FLASH_Program)
    HAL_FLASH_Unlock                         0x0800296d   Thumb Code    38  stm32f4xx_hal_flash.o(i.HAL_FLASH_Unlock)
    HAL_GPIO_Init                            0x080029a1   Thumb Code   454  stm32f4xx_hal_gpio.o(i.HAL_GPIO_Init)
    HAL_GPIO_ReadPin                         0x08002b95   Thumb Code    16  stm32f4xx_hal_gpio.o(i.HAL_GPIO_ReadPin)
    HAL_GPIO_WritePin                        0x08002ba5   Thumb Code    12  stm32f4xx_hal_gpio.o(i.HAL_GPIO_WritePin)
    HAL_GetTick                              0x08002bb1   Thumb Code     6  stm32f4xx_hal.o(i.HAL_GetTick)
    HAL_IncTick                              0x08002bbd   Thumb Code    16  stm32f4xx_hal.o(i.HAL_IncTick)
    HAL_Init                                 0x08002bd5   Thumb Code    54  stm32f4xx_hal.o(i.HAL_Init)
    HAL_InitTick                             0x08002c11   Thumb Code   162  stm32f4xx_hal_timebase_tim.o(i.HAL_InitTick)
    HAL_MspInit                              0x08002cc5   Thumb Code    78  stm32f4xx_hal_msp.o(i.HAL_MspInit)
    HAL_NVIC_EnableIRQ                       0x08002d19   Thumb Code    40  stm32f4xx_hal_cortex.o(i.HAL_NVIC_EnableIRQ)
    HAL_NVIC_SetPriority                     0x08002d41   Thumb Code   124  stm32f4xx_hal_cortex.o(i.HAL_NVIC_SetPriority)
    HAL_NVIC_SetPriorityGrouping             0x08002dbd   Thumb Code    32  stm32f4xx_hal_cortex.o(i.HAL_NVIC_SetPriorityGrouping)
    HAL_RCC_ClockConfig                      0x08002de5   Thumb Code   368  stm32f4xx_hal_rcc.o(i.HAL_RCC_ClockConfig)
    HAL_RCC_GetClockConfig                   0x08002f69   Thumb Code    58  stm32f4xx_hal_rcc.o(i.HAL_RCC_GetClockConfig)
    HAL_RCC_GetHCLKFreq                      0x08002fad   Thumb Code     6  stm32f4xx_hal_rcc.o(i.HAL_RCC_GetHCLKFreq)
    HAL_RCC_GetPCLK1Freq                     0x08002fb9   Thumb Code    22  stm32f4xx_hal_rcc.o(i.HAL_RCC_GetPCLK1Freq)
    HAL_RCC_GetPCLK2Freq                     0x08002fd9   Thumb Code    22  stm32f4xx_hal_rcc.o(i.HAL_RCC_GetPCLK2Freq)
    HAL_RCC_GetSysClockFreq                  0x08002ff9   Thumb Code   162  stm32f4xx_hal_rcc.o(i.HAL_RCC_GetSysClockFreq)
    HAL_RCC_OscConfig                        0x080030a5   Thumb Code  1172  stm32f4xx_hal_rcc.o(i.HAL_RCC_OscConfig)
    HAL_TIMEx_BreakCallback                  0x08003541   Thumb Code     2  stm32f4xx_hal_tim_ex.o(i.HAL_TIMEx_BreakCallback)
    HAL_TIMEx_CommutCallback                 0x08003543   Thumb Code     2  stm32f4xx_hal_tim_ex.o(i.HAL_TIMEx_CommutCallback)
    HAL_TIMEx_MasterConfigSynchronization    0x08003545   Thumb Code   150  stm32f4xx_hal_tim_ex.o(i.HAL_TIMEx_MasterConfigSynchronization)
    HAL_TIM_Base_Init                        0x080035f9   Thumb Code   102  stm32f4xx_hal_tim.o(i.HAL_TIM_Base_Init)
    HAL_TIM_Base_MspInit                     0x08003661   Thumb Code   298  tim.o(i.HAL_TIM_Base_MspInit)
    HAL_TIM_Base_Start_IT                    0x080037a5   Thumb Code   138  stm32f4xx_hal_tim.o(i.HAL_TIM_Base_Start_IT)
    HAL_TIM_ConfigClockSource                0x0800384d   Thumb Code   268  stm32f4xx_hal_tim.o(i.HAL_TIM_ConfigClockSource)
    HAL_TIM_IC_CaptureCallback               0x08003959   Thumb Code     2  stm32f4xx_hal_tim.o(i.HAL_TIM_IC_CaptureCallback)
    HAL_TIM_IRQHandler                       0x0800395b   Thumb Code   364  stm32f4xx_hal_tim.o(i.HAL_TIM_IRQHandler)
    HAL_TIM_MspPostInit                      0x08003ac9   Thumb Code   282  tim.o(i.HAL_TIM_MspPostInit)
    HAL_TIM_OC_DelayElapsedCallback          0x08003c01   Thumb Code     2  stm32f4xx_hal_tim.o(i.HAL_TIM_OC_DelayElapsedCallback)
    HAL_TIM_PWM_ConfigChannel                0x08003c03   Thumb Code   260  stm32f4xx_hal_tim.o(i.HAL_TIM_PWM_ConfigChannel)
    HAL_TIM_PWM_Init                         0x08003d07   Thumb Code   102  stm32f4xx_hal_tim.o(i.HAL_TIM_PWM_Init)
    HAL_TIM_PWM_MspInit                      0x08003d6d   Thumb Code     2  stm32f4xx_hal_tim.o(i.HAL_TIM_PWM_MspInit)
    HAL_TIM_PWM_PulseFinishedCallback        0x08003d6f   Thumb Code     2  stm32f4xx_hal_tim.o(i.HAL_TIM_PWM_PulseFinishedCallback)
    HAL_TIM_PeriodElapsedCallback            0x08003d71   Thumb Code    34  main.o(i.HAL_TIM_PeriodElapsedCallback)
    HAL_TIM_TriggerCallback                  0x08003d99   Thumb Code     2  stm32f4xx_hal_tim.o(i.HAL_TIM_TriggerCallback)
    HAL_UARTEx_RxEventCallback               0x08003d9b   Thumb Code     2  stm32f4xx_hal_uart.o(i.HAL_UARTEx_RxEventCallback)
    HAL_UART_AbortReceive                    0x08003d9d   Thumb Code   196  stm32f4xx_hal_uart.o(i.HAL_UART_AbortReceive)
    HAL_UART_ErrorCallback                   0x08003e61   Thumb Code     2  stm32f4xx_hal_uart.o(i.HAL_UART_ErrorCallback)
    HAL_UART_IRQHandler                      0x08003e65   Thumb Code   740  stm32f4xx_hal_uart.o(i.HAL_UART_IRQHandler)
    HAL_UART_Init                            0x0800414d   Thumb Code   118  stm32f4xx_hal_uart.o(i.HAL_UART_Init)
    HAL_UART_MspInit                         0x080041c5   Thumb Code  1624  usart.o(i.HAL_UART_MspInit)
    HAL_UART_Receive_DMA                     0x0800484d   Thumb Code    44  stm32f4xx_hal_uart.o(i.HAL_UART_Receive_DMA)
    HAL_UART_RxCpltCallback                  0x08004879   Thumb Code     2  stm32f4xx_hal_uart.o(i.HAL_UART_RxCpltCallback)
    HAL_UART_RxHalfCpltCallback              0x0800487b   Thumb Code     2  stm32f4xx_hal_uart.o(i.HAL_UART_RxHalfCpltCallback)
    HAL_UART_Transmit                        0x0800487d   Thumb Code   190  stm32f4xx_hal_uart.o(i.HAL_UART_Transmit)
    HAL_UART_TxCpltCallback                  0x0800493b   Thumb Code     2  stm32f4xx_hal_uart.o(i.HAL_UART_TxCpltCallback)
    HardFault_Handler                        0x0800493d   Thumb Code     4  stm32f4xx_it.o(i.HardFault_Handler)
    MX_CAN1_Init                             0x08004941   Thumb Code    60  can.o(i.MX_CAN1_Init)
    MX_CAN2_Init                             0x08004985   Thumb Code    60  can.o(i.MX_CAN2_Init)
    MX_DMA_Init                              0x080049c9   Thumb Code   258  dma.o(i.MX_DMA_Init)
    MX_FREERTOS_Init                         0x08004ad1   Thumb Code   230  freertos.o(i.MX_FREERTOS_Init)
    MX_GPIO_Init                             0x08004be1   Thumb Code   290  gpio.o(i.MX_GPIO_Init)
    MX_TIM12_Init                            0x08004d11   Thumb Code   146  tim.o(i.MX_TIM12_Init)
    MX_TIM3_Init                             0x08004dad   Thumb Code   100  tim.o(i.MX_TIM3_Init)
    MX_TIM4_Init                             0x08004e19   Thumb Code   202  tim.o(i.MX_TIM4_Init)
    MX_TIM5_Init                             0x08004eed   Thumb Code   100  tim.o(i.MX_TIM5_Init)
    MX_TIM9_Init                             0x08004f59   Thumb Code   146  tim.o(i.MX_TIM9_Init)
    MX_UART4_Init                            0x08004ff5   Thumb Code    46  usart.o(i.MX_UART4_Init)
    MX_UART5_Init                            0x0800502d   Thumb Code    46  usart.o(i.MX_UART5_Init)
    MX_USART1_UART_Init                      0x08005065   Thumb Code    52  usart.o(i.MX_USART1_UART_Init)
    MX_USART2_UART_Init                      0x080050a5   Thumb Code    46  usart.o(i.MX_USART2_UART_Init)
    MX_USART3_UART_Init                      0x080050dd   Thumb Code    46  usart.o(i.MX_USART3_UART_Init)
    MX_USART6_UART_Init                      0x08005115   Thumb Code    46  usart.o(i.MX_USART6_UART_Init)
    MemManage_Handler                        0x0800514d   Thumb Code     4  stm32f4xx_it.o(i.MemManage_Handler)
    MicroSwicth_Callback                     0x08005151   Thumb Code    64  micro_swicth.o(i.MicroSwicth_Callback)
    ModeSwitch_Task                          0x080051a1   Thumb Code    44  modeswitch_task.o(i.ModeSwitch_Task)
    NMI_Handler                              0x080051d1   Thumb Code     4  stm32f4xx_it.o(i.NMI_Handler)
    PID_Calculate                            0x080051d5   Thumb Code   364  pid.o(i.PID_Calculate)
    PID_Init                                 0x08005345   Thumb Code   112  pid.o(i.PID_Init)
    Reload_Task                              0x08005715   Thumb Code    44  reload_task.o(i.Reload_Task)
    Reload_Tick                              0x08005749   Thumb Code    42  reload_task.o(i.Reload_Tick)
    STMFLASH_ReadWord                        0x08005821   Thumb Code     6  bsp_flash.o(i.STMFLASH_ReadWord)
    Serial_Screen_Handle                     0x08005af9   Thumb Code    62  bsp_serial_screen.o(i.Serial_Screen_Handle)
    Serial_Screen_Task                       0x08005b3d   Thumb Code    90  bsp_serial_screen.o(i.Serial_Screen_Task)
    Shoot_Task                               0x08005d81   Thumb Code    48  shoot_task.o(i.Shoot_Task)
    StartDefaultTask                         0x08005ded   Thumb Code    10  freertos.o(i.StartDefaultTask)
    SysTick_Handler                          0x08005df9   Thumb Code    46  port.o(i.SysTick_Handler)
    SystemClock_Config                       0x08005e2d   Thumb Code   170  main.o(i.SystemClock_Config)
    SystemInit                               0x08005ee1   Thumb Code    14  system_stm32f4xx.o(i.SystemInit)
    TIM1_BRK_TIM9_IRQHandler                 0x08005ef5   Thumb Code    10  stm32f4xx_it.o(i.TIM1_BRK_TIM9_IRQHandler)
    TIM2_IRQHandler                          0x08005f05   Thumb Code    10  stm32f4xx_it.o(i.TIM2_IRQHandler)
    TIM3_IRQHandler                          0x08005f15   Thumb Code    10  stm32f4xx_it.o(i.TIM3_IRQHandler)
    TIM4_IRQHandler                          0x08005f25   Thumb Code    10  stm32f4xx_it.o(i.TIM4_IRQHandler)
    TIM5_IRQHandler                          0x08005f35   Thumb Code    10  stm32f4xx_it.o(i.TIM5_IRQHandler)
    TIM8_BRK_TIM12_IRQHandler                0x08005f45   Thumb Code    10  stm32f4xx_it.o(i.TIM8_BRK_TIM12_IRQHandler)
    TIM_Base_SetConfig                       0x08005f55   Thumb Code   186  stm32f4xx_hal_tim.o(i.TIM_Base_SetConfig)
    TIM_ETR_SetConfig                        0x0800603d   Thumb Code    22  stm32f4xx_hal_tim.o(i.TIM_ETR_SetConfig)
    TIM_OC2_SetConfig                        0x080060d5   Thumb Code   114  stm32f4xx_hal_tim.o(i.TIM_OC2_SetConfig)
    Temp_Task                                0x0800626b   Thumb Code    20  temp_task.o(i.Temp_Task)
    UART4_IRQHandler                         0x08006281   Thumb Code    10  stm32f4xx_it.o(i.UART4_IRQHandler)
    UART5_IRQHandler                         0x08006291   Thumb Code    16  stm32f4xx_it.o(i.UART5_IRQHandler)
    UART_Start_Receive_DMA                   0x080067bd   Thumb Code   186  stm32f4xx_hal_uart.o(i.UART_Start_Receive_DMA)
    USART1_IRQHandler                        0x08006971   Thumb Code    16  stm32f4xx_it.o(i.USART1_IRQHandler)
    USART2_IRQHandler                        0x08006985   Thumb Code    10  stm32f4xx_it.o(i.USART2_IRQHandler)
    USART3_IRQHandler                        0x08006995   Thumb Code    16  stm32f4xx_it.o(i.USART3_IRQHandler)
    USART6_IRQHandler                        0x080069a9   Thumb Code    10  stm32f4xx_it.o(i.USART6_IRQHandler)
    USER_UART_IDLECallback                   0x080069b9   Thumb Code    98  bsp_usart.o(i.USER_UART_IDLECallback)
    USER_UART_IRQHandler                     0x08006a39   Thumb Code    50  bsp_usart.o(i.USER_UART_IRQHandler)
    USER_UART_Init                           0x08006a6d   Thumb Code   160  bsp_usart.o(i.USER_UART_Init)
    Uart_printf                              0x08006b25   Thumb Code    72  bsp_usart.o(i.Uart_printf)
    UsageFault_Handler                       0x08006b75   Thumb Code     4  stm32f4xx_it.o(i.UsageFault_Handler)
    WriteFlashData                           0x08006d69   Thumb Code   180  bsp_flash.o(i.WriteFlashData)
    __0vsnprintf                             0x08006e21   Thumb Code    40  printfa.o(i.__0vsnprintf)
    __1vsnprintf                             0x08006e21   Thumb Code     0  printfa.o(i.__0vsnprintf)
    __2vsnprintf                             0x08006e21   Thumb Code     0  printfa.o(i.__0vsnprintf)
    __c89vsnprintf                           0x08006e21   Thumb Code     0  printfa.o(i.__0vsnprintf)
    vsnprintf                                0x08006e21   Thumb Code     0  printfa.o(i.__0vsnprintf)
    __scatterload_copy                       0x08006e85   Thumb Code    14  handlers.o(i.__scatterload_copy)
    __scatterload_null                       0x08006e93   Thumb Code     2  handlers.o(i.__scatterload_null)
    __scatterload_zeroinit                   0x08006e95   Thumb Code    14  handlers.o(i.__scatterload_zeroinit)
    can1_send_message                        0x0800776d   Thumb Code   152  bsp_can.o(i.can1_send_message)
    can2_send_message                        0x0800780d   Thumb Code   144  bsp_can.o(i.can2_send_message)
    canx_init                                0x080078a5   Thumb Code    90  bsp_can.o(i.canx_init)
    encoder_data_handler                     0x08007911   Thumb Code    92  dji_motor.o(i.encoder_data_handler)
    get_moto_offset                          0x08007d29   Thumb Code    16  dji_motor.o(i.get_moto_offset)
    main                                     0x08007d49   Thumb Code    94  main.o(i.main)
    osDelay                                  0x08007dbb   Thumb Code    24  cmsis_os.o(i.osDelay)
    osDelayUntil                             0x08007dd3   Thumb Code    28  cmsis_os.o(i.osDelayUntil)
    osKernelStart                            0x08007def   Thumb Code    10  cmsis_os.o(i.osKernelStart)
    osKernelSysTick                          0x08007df9   Thumb Code    20  cmsis_os.o(i.osKernelSysTick)
    osSignalSet                              0x08007e0d   Thumb Code    92  cmsis_os.o(i.osSignalSet)
    osSignalWait                             0x08007e6d   Thumb Code    98  cmsis_os.o(i.osSignalWait)
    osThreadCreate                           0x08007ecf   Thumb Code    94  cmsis_os.o(i.osThreadCreate)
    pvPortMalloc                             0x08008939   Thumb Code   306  heap_4.o(i.pvPortMalloc)
    pxPortInitialiseStack                    0x08008a85   Thumb Code    38  port.o(i.pxPortInitialiseStack)
    sbus_callback_handler                    0x08008d09   Thumb Code   316  bsp_remote_et08.o(i.sbus_callback_handler)
    uxListRemove                             0x08009105   Thumb Code    40  list.o(i.uxListRemove)
    vApplicationGetIdleTaskMemory            0x0800912d   Thumb Code    14  freertos.o(i.vApplicationGetIdleTaskMemory)
    vApplicationGetTimerTaskMemory           0x08009145   Thumb Code    16  freertos.o(i.vApplicationGetTimerTaskMemory)
    vListInitialise                          0x0800915d   Thumb Code    26  list.o(i.vListInitialise)
    vListInitialiseItem                      0x08009177   Thumb Code     6  list.o(i.vListInitialiseItem)
    vListInsert                              0x0800917d   Thumb Code    52  list.o(i.vListInsert)
    vListInsertEnd                           0x080091b1   Thumb Code    24  list.o(i.vListInsertEnd)
    vPortEnterCritical                       0x080091c9   Thumb Code    76  port.o(i.vPortEnterCritical)
    vPortExitCritical                        0x0800921d   Thumb Code    56  port.o(i.vPortExitCritical)
    vPortFree                                0x08009259   Thumb Code   150  heap_4.o(i.vPortFree)
    vPortSetupTimerInterrupt                 0x080092fd   Thumb Code    36  port.o(i.vPortSetupTimerInterrupt)
    vPortValidateInterruptPriority           0x08009325   Thumb Code   106  port.o(i.vPortValidateInterruptPriority)
    vQueueAddToRegistry                      0x0800939d   Thumb Code    38  queue.o(i.vQueueAddToRegistry)
    vQueueWaitForMessageRestricted           0x080093c9   Thumb Code    74  queue.o(i.vQueueWaitForMessageRestricted)
    vTaskDelay                               0x08009415   Thumb Code    82  tasks.o(i.vTaskDelay)
    vTaskDelayUntil                          0x08009471   Thumb Code   200  tasks.o(i.vTaskDelayUntil)
    vTaskInternalSetTimeOutState             0x08009545   Thumb Code    14  tasks.o(i.vTaskInternalSetTimeOutState)
    vTaskMissedYield                         0x0800955d   Thumb Code     8  tasks.o(i.vTaskMissedYield)
    vTaskPlaceOnEventList                    0x08009569   Thumb Code    52  tasks.o(i.vTaskPlaceOnEventList)
    vTaskPlaceOnEventListRestricted          0x080095a1   Thumb Code    60  tasks.o(i.vTaskPlaceOnEventListRestricted)
    vTaskStartScheduler                      0x080095e1   Thumb Code   156  tasks.o(i.vTaskStartScheduler)
    vTaskSuspendAll                          0x08009699   Thumb Code    12  tasks.o(i.vTaskSuspendAll)
    vTaskSwitchContext                       0x080096a9   Thumb Code   118  tasks.o(i.vTaskSwitchContext)
    xPortStartScheduler                      0x08009735   Thumb Code   330  port.o(i.xPortStartScheduler)
    xQueueGenericCreateStatic                0x0800989d   Thumb Code   224  queue.o(i.xQueueGenericCreateStatic)
    xQueueGenericReset                       0x0800997d   Thumb Code   146  queue.o(i.xQueueGenericReset)
    xQueueGenericSend                        0x08009a15   Thumb Code   420  queue.o(i.xQueueGenericSend)
    xQueueGenericSendFromISR                 0x08009bbd   Thumb Code   252  queue.o(i.xQueueGenericSendFromISR)
    xQueueReceive                            0x08009cb9   Thumb Code   356  queue.o(i.xQueueReceive)
    xTaskCheckForTimeOut                     0x08009e21   Thumb Code   132  tasks.o(i.xTaskCheckForTimeOut)
    xTaskCreate                              0x08009ead   Thumb Code   100  tasks.o(i.xTaskCreate)
    xTaskCreateStatic                        0x08009f11   Thumb Code   186  tasks.o(i.xTaskCreateStatic)
    xTaskGenericNotify                       0x08009fcd   Thumb Code   280  tasks.o(i.xTaskGenericNotify)
    xTaskGenericNotifyFromISR                0x0800a0f5   Thumb Code   334  tasks.o(i.xTaskGenericNotifyFromISR)
    xTaskGetSchedulerState                   0x0800a25d   Thumb Code    24  tasks.o(i.xTaskGetSchedulerState)
    xTaskGetTickCount                        0x0800a27d   Thumb Code     6  tasks.o(i.xTaskGetTickCount)
    xTaskGetTickCountFromISR                 0x0800a289   Thumb Code    16  tasks.o(i.xTaskGetTickCountFromISR)
    xTaskIncrementTick                       0x0800a29d   Thumb Code   282  tasks.o(i.xTaskIncrementTick)
    xTaskNotifyWait                          0x0800a3e5   Thumb Code   150  tasks.o(i.xTaskNotifyWait)
    xTaskPriorityDisinherit                  0x0800a485   Thumb Code   188  tasks.o(i.xTaskPriorityDisinherit)
    xTaskRemoveFromEventList                 0x0800a54d   Thumb Code   128  tasks.o(i.xTaskRemoveFromEventList)
    xTaskResumeAll                           0x0800a5e5   Thumb Code   224  tasks.o(i.xTaskResumeAll)
    xTimerCreateTimerTask                    0x0800a6e9   Thumb Code   100  timers.o(i.xTimerCreateTimerTask)
    xTimerGenericCommand                     0x0800a761   Thumb Code   126  timers.o(i.xTimerGenericCommand)
    AHBPrescTable                            0x0800a8e8   Data          16  system_stm32f4xx.o(.constdata)
    APBPrescTable                            0x0800a8f8   Data           8  system_stm32f4xx.o(.constdata)
    Region$$Table$$Base                      0x0800a99c   Number         0  anon$$obj.o(Region$$Table)
    Region$$Table$$Limit                     0x0800a9bc   Number         0  anon$$obj.o(Region$$Table)
    defaultTaskHandle                        0x20000000   Data           4  freertos.o(.data)
    can_send_task_handle                     0x20000004   Data           4  freertos.o(.data)
    shoot_task_handle                        0x20000008   Data           4  freertos.o(.data)
    reload_task_handle                       0x2000000c   Data           4  freertos.o(.data)
    giambal_task_handle                      0x20000010   Data           4  freertos.o(.data)
    modeswitch_task_handle                   0x20000014   Data           4  freertos.o(.data)
    temp_task_handle                         0x20000018   Data           4  freertos.o(.data)
    serial_screen_task_handle                0x2000001c   Data           4  freertos.o(.data)
    debug_task_handle                        0x20000020   Data           4  freertos.o(.data)
    uwTick                                   0x20000028   Data           4  stm32f4xx_hal.o(.data)
    uwTickPrio                               0x2000002c   Data           4  stm32f4xx_hal.o(.data)
    uwTickFreq                               0x20000030   Data           1  stm32f4xx_hal.o(.data)
    SystemCoreClock                          0x20000034   Data           4  system_stm32f4xx.o(.data)
    pxCurrentTCB                             0x20000038   Data           4  tasks.o(.data)
    state                                    0x200000c4   Data           1  bsp_usart.o(.data)
    cnt                                      0x200000c5   Data           1  bsp_usart.o(.data)
    gimbal_remote_change_flag                0x200000c6   Data           1  bsp_serial_screen.o(.data)
    screen_init_flag                         0x200000c7   Data           1  bsp_serial_screen.o(.data)
    serial_fric_vel                          0x200000c8   Data           8  bsp_serial_screen.o(.data)
    serial_num                               0x200000d0   Data           1  bsp_serial_screen.o(.data)
    serial_protect_flag                      0x200000d1   Data           1  bsp_serial_screen.o(.data)
    flash_flag                               0x200000d2   Data           1  bsp_serial_screen.o(.data)
    screen_update_flag                       0x200000d3   Data           1  bsp_serial_screen.o(.data)
    screen_mode                              0x200000d4   Data           1  bsp_serial_screen.o(.data)
    motor_current                            0x200000d6   Data           8  can_comm.o(.data)
    gimbal_zero                              0x200000e0   Data           1  micro_swicth.o(.data)
    reload_zero                              0x200000e1   Data           1  micro_swicth.o(.data)
    shoot_fsm                                0x200000e4   Data           8  shoot_task.o(.data)
    r                                        0x200000ec   Data           4  shoot_task.o(.data)
    l                                        0x200000f0   Data           4  shoot_task.o(.data)
    motor_type                               0x200000f5   Data           1  debug_task.o(.data)
    dart_num                                 0x200000f8   Data           1  reload_task.o(.data)
    fric_run_flag                            0x200000f9   Data           1  reload_task.o(.data)
    reload_fsm                               0x200000fc   Data           8  reload_task.o(.data)
    rel_one_flag                             0x20000104   Data           1  reload_task.o(.data)
    rel_all_flag                             0x20000105   Data           1  reload_task.o(.data)
    reload_tick_cnt                          0x20000106   Data           2  reload_task.o(.data)
    flag                                     0x20000108   Data           1  reload_task.o(.data)
    reload_lanuch_flag                       0x20000109   Data           1  reload_task.o(.data)
    reload_tick_start                        0x2000010a   Data           1  reload_task.o(.data)
    vision_flag                              0x2000010c   Data           1  gimbal_task.o(.data)
    vision_turn                              0x2000010d   Data           1  gimbal_task.o(.data)
    vision_found_pos                         0x20000110   Data           4  gimbal_task.o(.data)
    vision_nofound_pos                       0x20000114   Data           4  gimbal_task.o(.data)
    vision_step                              0x20000118   Data           2  gimbal_task.o(.data)
    ctrl_mode                                0x2000011a   Data           1  modeswitch_task.o(.data)
    lock_flag                                0x2000011b   Data           1  modeswitch_task.o(.data)
    hcan1                                    0x200007c4   Data          40  can.o(.bss)
    hcan2                                    0x200007ec   Data          40  can.o(.bss)
    htim3                                    0x20000814   Data          72  tim.o(.bss)
    htim4                                    0x2000085c   Data          72  tim.o(.bss)
    htim5                                    0x200008a4   Data          72  tim.o(.bss)
    htim9                                    0x200008ec   Data          72  tim.o(.bss)
    htim12                                   0x20000934   Data          72  tim.o(.bss)
    huart4                                   0x2000097c   Data          72  usart.o(.bss)
    huart5                                   0x200009c4   Data          72  usart.o(.bss)
    huart1                                   0x20000a0c   Data          72  usart.o(.bss)
    huart2                                   0x20000a54   Data          72  usart.o(.bss)
    huart3                                   0x20000a9c   Data          72  usart.o(.bss)
    huart6                                   0x20000ae4   Data          72  usart.o(.bss)
    hdma_uart4_rx                            0x20000b2c   Data          96  usart.o(.bss)
    hdma_uart4_tx                            0x20000b8c   Data          96  usart.o(.bss)
    hdma_uart5_rx                            0x20000bec   Data          96  usart.o(.bss)
    hdma_uart5_tx                            0x20000c4c   Data          96  usart.o(.bss)
    hdma_usart1_rx                           0x20000cac   Data          96  usart.o(.bss)
    hdma_usart1_tx                           0x20000d0c   Data          96  usart.o(.bss)
    hdma_usart2_rx                           0x20000d6c   Data          96  usart.o(.bss)
    hdma_usart2_tx                           0x20000dcc   Data          96  usart.o(.bss)
    hdma_usart3_rx                           0x20000e2c   Data          96  usart.o(.bss)
    hdma_usart3_tx                           0x20000e8c   Data          96  usart.o(.bss)
    hdma_usart6_tx                           0x20000eec   Data          96  usart.o(.bss)
    hdma_usart6_rx                           0x20000f4c   Data          96  usart.o(.bss)
    htim2                                    0x20000fac   Data          72  stm32f4xx_hal_timebase_tim.o(.bss)
    pFlash                                   0x20000ff4   Data          32  stm32f4xx_hal_flash.o(.bss)
    xQueueRegistry                           0x20001014   Data          64  queue.o(.bss)
    can_rx_data                              0x20004e2c   Data          36  bsp_can.o(.bss)
    dma_dbus_buf                             0x20004e50   Data          25  bsp_usart.o(.bss)
    dma_judge_buf                            0x20004e69   Data         100  bsp_usart.o(.bss)
    dma_screen_buf                           0x20004ecd   Data          20  bsp_usart.o(.bss)
    dma_temp_buf                             0x20004ee1   Data          30  bsp_usart.o(.bss)
    SBUS                                     0x20004f42   Data          44  bsp_remote_et08.o(.bss)
    serial_gimbal_pos                        0x20004f70   Data          16  bsp_serial_screen.o(.bss)
    flash_temp                               0x20004f80   Data          24  bsp_serial_screen.o(.bss)
    fric_motor_data                          0x20004f98   Data          48  can_comm.o(.bss)
    reload_motor_data                        0x20004fc8   Data          24  can_comm.o(.bss)
    gimbal_motor_data                        0x20004fe0   Data          24  can_comm.o(.bss)
    fric_motor_pid_t                         0x20004ff8   Data         272  shoot_task.o(.bss)
    shoot                                    0x20005108   Data          24  shoot_task.o(.bss)
    reload                                   0x20005120   Data          28  reload_task.o(.bss)
    reload_spd_pid_t                         0x20005140   Data         136  reload_task.o(.bss)
    reload_spd_Cpid_t                        0x200051c8   Data         136  reload_task.o(.bss)
    reload_pos_Cpid_t                        0x20005250   Data         136  reload_task.o(.bss)
    gimbal                                   0x200052d8   Data          24  gimbal_task.o(.bss)
    gimbal_spd_pid_t                         0x200052f0   Data         136  gimbal_task.o(.bss)
    gimbal_pos_pid_t                         0x20005378   Data         136  gimbal_task.o(.bss)
    __initial_sp                             0x20005a00   Data           0  startup_stm32f407xx.o(STACK)



==============================================================================

Memory Map of the image

  Image Entry point : 0x08000189

  Load Region LR_IROM1 (Base: 0x08000000, Size: 0x0000aad8, Max: 0x00080000, ABSOLUTE)

    Execution Region ER_IROM1 (Exec base: 0x08000000, Load base: 0x08000000, Size: 0x0000a9bc, Max: 0x00080000, ABSOLUTE)

    Exec Addr    Load Addr    Size         Type   Attr      Idx    E Section Name        Object

    0x08000000   0x08000000   0x00000188   Data   RO            3    RESET               startup_stm32f407xx.o
    0x08000188   0x08000188   0x00000000   Code   RO         6336  * .ARM.Collect$$$$00000000  mc_w.l(entry.o)
    0x08000188   0x08000188   0x00000004   Code   RO         6405    .ARM.Collect$$$$00000001  mc_w.l(entry2.o)
    0x0800018c   0x0800018c   0x00000004   Code   RO         6408    .ARM.Collect$$$$00000004  mc_w.l(entry5.o)
    0x08000190   0x08000190   0x00000000   Code   RO         6410    .ARM.Collect$$$$00000008  mc_w.l(entry7b.o)
    0x08000190   0x08000190   0x00000000   Code   RO         6412    .ARM.Collect$$$$0000000A  mc_w.l(entry8b.o)
    0x08000190   0x08000190   0x00000008   Code   RO         6413    .ARM.Collect$$$$0000000B  mc_w.l(entry9a.o)
    0x08000198   0x08000198   0x00000000   Code   RO         6415    .ARM.Collect$$$$0000000D  mc_w.l(entry10a.o)
    0x08000198   0x08000198   0x00000000   Code   RO         6417    .ARM.Collect$$$$0000000F  mc_w.l(entry11a.o)
    0x08000198   0x08000198   0x00000004   Code   RO         6406    .ARM.Collect$$$$00002712  mc_w.l(entry2.o)
    0x0800019c   0x0800019c   0x000000be   Code   RO         5100    .emb_text           port.o
    0x0800025a   0x0800025a   0x00000002   PAD
    0x0800025c   0x0800025c   0x00000024   Code   RO            4    .text               startup_stm32f407xx.o
    0x08000280   0x08000280   0x00000062   Code   RO         6339    .text               mc_w.l(uldiv.o)
    0x080002e2   0x080002e2   0x00000024   Code   RO         6341    .text               mc_w.l(memcpya.o)
    0x08000306   0x08000306   0x00000024   Code   RO         6345    .text               mc_w.l(memseta.o)
    0x0800032a   0x0800032a   0x0000014e   Code   RO         6377    .text               mf_w.l(dadd.o)
    0x08000478   0x08000478   0x000000e4   Code   RO         6379    .text               mf_w.l(dmul.o)
    0x0800055c   0x0800055c   0x000000de   Code   RO         6381    .text               mf_w.l(ddiv.o)
    0x0800063a   0x0800063a   0x00000022   Code   RO         6383    .text               mf_w.l(dflti.o)
    0x0800065c   0x0800065c   0x0000003e   Code   RO         6385    .text               mf_w.l(dfixi.o)
    0x0800069a   0x0800069a   0x00000002   PAD
    0x0800069c   0x0800069c   0x00000030   Code   RO         6387    .text               mf_w.l(cdrcmple.o)
    0x080006cc   0x080006cc   0x0000002c   Code   RO         6422    .text               mc_w.l(uidiv.o)
    0x080006f8   0x080006f8   0x0000001e   Code   RO         6424    .text               mc_w.l(llshl.o)
    0x08000716   0x08000716   0x00000020   Code   RO         6426    .text               mc_w.l(llushr.o)
    0x08000736   0x08000736   0x00000024   Code   RO         6428    .text               mc_w.l(llsshr.o)
    0x0800075a   0x0800075a   0x00000000   Code   RO         6437    .text               mc_w.l(iusefp.o)
    0x0800075a   0x0800075a   0x000000ba   Code   RO         6438    .text               mf_w.l(depilogue.o)
    0x08000814   0x08000814   0x00000030   Code   RO         6440    .text               mf_w.l(dfixul.o)
    0x08000844   0x08000844   0x00000024   Code   RO         6444    .text               mc_w.l(init.o)
    0x08000868   0x08000868   0x00000004   Code   RO          558    i.BusFault_Handler  stm32f4xx_it.o
    0x0800086c   0x0800086c   0x00000026   Code   RO         5180    i.CAN1_FilterEnd_Config  bsp_can.o
    0x08000892   0x08000892   0x0000008c   Code   RO         5181    i.CAN1_IDList_Config  bsp_can.o
    0x0800091e   0x0800091e   0x00000002   PAD
    0x08000920   0x08000920   0x00000010   Code   RO          559    i.CAN1_RX0_IRQHandler  stm32f4xx_it.o
    0x08000930   0x08000930   0x00000010   Code   RO          560    i.CAN1_RX1_IRQHandler  stm32f4xx_it.o
    0x08000940   0x08000940   0x00000010   Code   RO          561    i.CAN1_SCE_IRQHandler  stm32f4xx_it.o
    0x08000950   0x08000950   0x00000010   Code   RO          562    i.CAN1_TX_IRQHandler  stm32f4xx_it.o
    0x08000960   0x08000960   0x00000026   Code   RO         5182    i.CAN2_FilterEnd_Config  bsp_can.o
    0x08000986   0x08000986   0x0000008c   Code   RO         5183    i.CAN2_IDList_Config  bsp_can.o
    0x08000a12   0x08000a12   0x00000002   PAD
    0x08000a14   0x08000a14   0x00000010   Code   RO          563    i.CAN2_RX0_IRQHandler  stm32f4xx_it.o
    0x08000a24   0x08000a24   0x00000010   Code   RO          564    i.CAN2_RX1_IRQHandler  stm32f4xx_it.o
    0x08000a34   0x08000a34   0x00000010   Code   RO          565    i.CAN2_SCE_IRQHandler  stm32f4xx_it.o
    0x08000a44   0x08000a44   0x00000010   Code   RO          566    i.CAN2_TX_IRQHandler  stm32f4xx_it.o
    0x08000a54   0x08000a54   0x00000048   Code   RO         5184    i.CAN_Filter_IDList_Config  bsp_can.o
    0x08000a9c   0x08000a9c   0x00000048   Code   RO         5539    i.Can_Device_Init   can_comm.o
    0x08000ae4   0x08000ae4   0x00000074   Code   RO         5540    i.Can_Send_Task     can_comm.o
    0x08000b58   0x08000b58   0x00000010   Code   RO          567    i.DMA1_Stream0_IRQHandler  stm32f4xx_it.o
    0x08000b68   0x08000b68   0x00000010   Code   RO          568    i.DMA1_Stream1_IRQHandler  stm32f4xx_it.o
    0x08000b78   0x08000b78   0x00000010   Code   RO          569    i.DMA1_Stream2_IRQHandler  stm32f4xx_it.o
    0x08000b88   0x08000b88   0x00000010   Code   RO          570    i.DMA1_Stream3_IRQHandler  stm32f4xx_it.o
    0x08000b98   0x08000b98   0x00000010   Code   RO          571    i.DMA1_Stream4_IRQHandler  stm32f4xx_it.o
    0x08000ba8   0x08000ba8   0x00000010   Code   RO          572    i.DMA1_Stream5_IRQHandler  stm32f4xx_it.o
    0x08000bb8   0x08000bb8   0x00000010   Code   RO          573    i.DMA1_Stream6_IRQHandler  stm32f4xx_it.o
    0x08000bc8   0x08000bc8   0x00000010   Code   RO          574    i.DMA1_Stream7_IRQHandler  stm32f4xx_it.o
    0x08000bd8   0x08000bd8   0x00000010   Code   RO          575    i.DMA2_Stream1_IRQHandler  stm32f4xx_it.o
    0x08000be8   0x08000be8   0x00000010   Code   RO          576    i.DMA2_Stream2_IRQHandler  stm32f4xx_it.o
    0x08000bf8   0x08000bf8   0x00000010   Code   RO          577    i.DMA2_Stream6_IRQHandler  stm32f4xx_it.o
    0x08000c08   0x08000c08   0x00000010   Code   RO          578    i.DMA2_Stream7_IRQHandler  stm32f4xx_it.o
    0x08000c18   0x08000c18   0x00000034   Code   RO         2593    i.DMA_CalcBaseAndBitshift  stm32f4xx_hal_dma.o
    0x08000c4c   0x08000c4c   0x000000aa   Code   RO         2594    i.DMA_CheckFifoParam  stm32f4xx_hal_dma.o
    0x08000cf6   0x08000cf6   0x0000002c   Code   RO         2595    i.DMA_SetConfig     stm32f4xx_hal_dma.o
    0x08000d22   0x08000d22   0x00000002   PAD
    0x08000d24   0x08000d24   0x000000d4   Code   RO         5793    i.Dart_Num_Update   reload_task.o
    0x08000df8   0x08000df8   0x0000003c   Code   RO         5352    i.DataScope_Data_Generate  data_scope.o
    0x08000e34   0x08000e34   0x0000003c   Code   RO         5353    i.DataScope_Get_Channel_Data  data_scope.o
    0x08000e70   0x08000e70   0x00000054   Code   RO         5354    i.DataWave          data_scope.o
    0x08000ec4   0x08000ec4   0x000001f8   Code   RO         5739    i.DataWavePkg       debug_task.o
    0x080010bc   0x080010bc   0x00000002   Code   RO          579    i.DebugMon_Handler  stm32f4xx_it.o
    0x080010be   0x080010be   0x00000002   PAD
    0x080010c0   0x080010c0   0x00000028   Code   RO         5740    i.Debug_Task        debug_task.o
    0x080010e8   0x080010e8   0x00000006   Code   RO           13    i.Error_Handler     main.o
    0x080010ee   0x080010ee   0x00000002   PAD
    0x080010f0   0x080010f0   0x0000005c   Code   RO         2363    i.FLASH_Erase_Sector  stm32f4xx_hal_flash_ex.o
    0x0800114c   0x0800114c   0x00000078   Code   RO         2364    i.FLASH_FlushCaches  stm32f4xx_hal_flash_ex.o
    0x080011c4   0x080011c4   0x00000030   Code   RO         2365    i.FLASH_MassErase   stm32f4xx_hal_flash_ex.o
    0x080011f4   0x080011f4   0x00000024   Code   RO         2245    i.FLASH_Program_Byte  stm32f4xx_hal_flash.o
    0x08001218   0x08001218   0x00000030   Code   RO         2246    i.FLASH_Program_DoubleWord  stm32f4xx_hal_flash.o
    0x08001248   0x08001248   0x00000028   Code   RO         2247    i.FLASH_Program_HalfWord  stm32f4xx_hal_flash.o
    0x08001270   0x08001270   0x00000028   Code   RO         2248    i.FLASH_Program_Word  stm32f4xx_hal_flash.o
    0x08001298   0x08001298   0x00000098   Code   RO         2249    i.FLASH_SetErrorCode  stm32f4xx_hal_flash.o
    0x08001330   0x08001330   0x00000064   Code   RO         2250    i.FLASH_WaitForLastOperation  stm32f4xx_hal_flash.o
    0x08001394   0x08001394   0x0000001c   Code   RO         5356    i.Float2Byte        data_scope.o
    0x080013b0   0x080013b0   0x00000014   Code   RO         5624    i.FricMotor_Mode_Change  shoot_task.o
    0x080013c4   0x080013c4   0x000000d8   Code   RO         5930    i.GimbalAutoControl  gimbal_task.o
    0x0800149c   0x0800149c   0x00000044   Code   RO         5931    i.Gimbal_Control    gimbal_task.o
    0x080014e0   0x080014e0   0x00000014   Code   RO         5932    i.Gimbal_Current_Set  gimbal_task.o
    0x080014f4   0x080014f4   0x00000030   Code   RO         5933    i.Gimbal_Data_Update  gimbal_task.o
    0x08001524   0x08001524   0x00000084   Code   RO         5934    i.Gimbal_Found_Zero  gimbal_task.o
    0x080015a8   0x080015a8   0x00000088   Code   RO         5935    i.Gimbal_Mode_Change  gimbal_task.o
    0x08001630   0x08001630   0x00000088   Code   RO         5936    i.Gimbal_Motor_Init  gimbal_task.o
    0x080016b8   0x080016b8   0x000000a4   Code   RO         5937    i.Gimbal_Pid_Cal    gimbal_task.o
    0x0800175c   0x0800175c   0x00000114   Code   RO         5938    i.Gimbal_Remote_Control  gimbal_task.o
    0x08001870   0x08001870   0x00000038   Code   RO         5939    i.Gimbal_Task       gimbal_task.o
    0x080018a8   0x080018a8   0x0000002a   Code   RO         1856    i.HAL_CAN_ActivateNotification  stm32f4xx_hal_can.o
    0x080018d2   0x080018d2   0x0000014a   Code   RO         1857    i.HAL_CAN_AddTxMessage  stm32f4xx_hal_can.o
    0x08001a1c   0x08001a1c   0x00000124   Code   RO         1858    i.HAL_CAN_ConfigFilter  stm32f4xx_hal_can.o
    0x08001b40   0x08001b40   0x00000002   Code   RO         1861    i.HAL_CAN_ErrorCallback  stm32f4xx_hal_can.o
    0x08001b42   0x08001b42   0x00000194   Code   RO         1864    i.HAL_CAN_GetRxMessage  stm32f4xx_hal_can.o
    0x08001cd6   0x08001cd6   0x00000036   Code   RO         1866    i.HAL_CAN_GetTxMailboxesFreeLevel  stm32f4xx_hal_can.o
    0x08001d0c   0x08001d0c   0x0000024e   Code   RO         1868    i.HAL_CAN_IRQHandler  stm32f4xx_hal_can.o
    0x08001f5a   0x08001f5a   0x00000174   Code   RO         1869    i.HAL_CAN_Init      stm32f4xx_hal_can.o
    0x080020ce   0x080020ce   0x00000002   PAD
    0x080020d0   0x080020d0   0x000001c4   Code   RO          342    i.HAL_CAN_MspInit   can.o
    0x08002294   0x08002294   0x00000002   Code   RO         1876    i.HAL_CAN_RxFifo0FullCallback  stm32f4xx_hal_can.o
    0x08002296   0x08002296   0x00000002   PAD
    0x08002298   0x08002298   0x00000038   Code   RO         5185    i.HAL_CAN_RxFifo0MsgPendingCallback  bsp_can.o
    0x080022d0   0x080022d0   0x00000002   Code   RO         1878    i.HAL_CAN_RxFifo1FullCallback  stm32f4xx_hal_can.o
    0x080022d2   0x080022d2   0x00000002   PAD
    0x080022d4   0x080022d4   0x00000038   Code   RO         5186    i.HAL_CAN_RxFifo1MsgPendingCallback  bsp_can.o
    0x0800230c   0x0800230c   0x00000002   Code   RO         1880    i.HAL_CAN_SleepCallback  stm32f4xx_hal_can.o
    0x0800230e   0x0800230e   0x0000005e   Code   RO         1881    i.HAL_CAN_Start     stm32f4xx_hal_can.o
    0x0800236c   0x0800236c   0x00000002   Code   RO         1883    i.HAL_CAN_TxMailbox0AbortCallback  stm32f4xx_hal_can.o
    0x0800236e   0x0800236e   0x00000002   Code   RO         1884    i.HAL_CAN_TxMailbox0CompleteCallback  stm32f4xx_hal_can.o
    0x08002370   0x08002370   0x00000002   Code   RO         1885    i.HAL_CAN_TxMailbox1AbortCallback  stm32f4xx_hal_can.o
    0x08002372   0x08002372   0x00000002   Code   RO         1886    i.HAL_CAN_TxMailbox1CompleteCallback  stm32f4xx_hal_can.o
    0x08002374   0x08002374   0x00000002   Code   RO         1887    i.HAL_CAN_TxMailbox2AbortCallback  stm32f4xx_hal_can.o
    0x08002376   0x08002376   0x00000002   Code   RO         1888    i.HAL_CAN_TxMailbox2CompleteCallback  stm32f4xx_hal_can.o
    0x08002378   0x08002378   0x00000002   Code   RO         1890    i.HAL_CAN_WakeUpFromRxMsgCallback  stm32f4xx_hal_can.o
    0x0800237a   0x0800237a   0x000000ac   Code   RO         2596    i.HAL_DMA_Abort     stm32f4xx_hal_dma.o
    0x08002426   0x08002426   0x00000028   Code   RO         2597    i.HAL_DMA_Abort_IT  stm32f4xx_hal_dma.o
    0x0800244e   0x0800244e   0x00000006   Code   RO         2599    i.HAL_DMA_GetError  stm32f4xx_hal_dma.o
    0x08002454   0x08002454   0x00000240   Code   RO         2601    i.HAL_DMA_IRQHandler  stm32f4xx_hal_dma.o
    0x08002694   0x08002694   0x000000ec   Code   RO         2602    i.HAL_DMA_Init      stm32f4xx_hal_dma.o
    0x08002780   0x08002780   0x00000092   Code   RO         2606    i.HAL_DMA_Start_IT  stm32f4xx_hal_dma.o
    0x08002812   0x08002812   0x00000002   PAD
    0x08002814   0x08002814   0x000000ac   Code   RO         2375    i.HAL_FLASHEx_Erase  stm32f4xx_hal_flash_ex.o
    0x080028c0   0x080028c0   0x00000014   Code   RO         2254    i.HAL_FLASH_Lock    stm32f4xx_hal_flash.o
    0x080028d4   0x080028d4   0x00000098   Code   RO         2259    i.HAL_FLASH_Program  stm32f4xx_hal_flash.o
    0x0800296c   0x0800296c   0x00000034   Code   RO         2261    i.HAL_FLASH_Unlock  stm32f4xx_hal_flash.o
    0x080029a0   0x080029a0   0x000001f4   Code   RO         2489    i.HAL_GPIO_Init     stm32f4xx_hal_gpio.o
    0x08002b94   0x08002b94   0x00000010   Code   RO         2491    i.HAL_GPIO_ReadPin  stm32f4xx_hal_gpio.o
    0x08002ba4   0x08002ba4   0x0000000c   Code   RO         2493    i.HAL_GPIO_WritePin  stm32f4xx_hal_gpio.o
    0x08002bb0   0x08002bb0   0x0000000c   Code   RO         3044    i.HAL_GetTick       stm32f4xx_hal.o
    0x08002bbc   0x08002bbc   0x00000018   Code   RO         3050    i.HAL_IncTick       stm32f4xx_hal.o
    0x08002bd4   0x08002bd4   0x0000003c   Code   RO         3051    i.HAL_Init          stm32f4xx_hal.o
    0x08002c10   0x08002c10   0x000000b4   Code   RO          832    i.HAL_InitTick      stm32f4xx_hal_timebase_tim.o
    0x08002cc4   0x08002cc4   0x00000054   Code   RO          808    i.HAL_MspInit       stm32f4xx_hal_msp.o
    0x08002d18   0x08002d18   0x00000028   Code   RO         2881    i.HAL_NVIC_EnableIRQ  stm32f4xx_hal_cortex.o
    0x08002d40   0x08002d40   0x0000007c   Code   RO         2887    i.HAL_NVIC_SetPriority  stm32f4xx_hal_cortex.o
    0x08002dbc   0x08002dbc   0x00000028   Code   RO         2888    i.HAL_NVIC_SetPriorityGrouping  stm32f4xx_hal_cortex.o
    0x08002de4   0x08002de4   0x00000184   Code   RO         2090    i.HAL_RCC_ClockConfig  stm32f4xx_hal_rcc.o
    0x08002f68   0x08002f68   0x00000044   Code   RO         2094    i.HAL_RCC_GetClockConfig  stm32f4xx_hal_rcc.o
    0x08002fac   0x08002fac   0x0000000c   Code   RO         2095    i.HAL_RCC_GetHCLKFreq  stm32f4xx_hal_rcc.o
    0x08002fb8   0x08002fb8   0x00000020   Code   RO         2097    i.HAL_RCC_GetPCLK1Freq  stm32f4xx_hal_rcc.o
    0x08002fd8   0x08002fd8   0x00000020   Code   RO         2098    i.HAL_RCC_GetPCLK2Freq  stm32f4xx_hal_rcc.o
    0x08002ff8   0x08002ff8   0x000000ac   Code   RO         2099    i.HAL_RCC_GetSysClockFreq  stm32f4xx_hal_rcc.o
    0x080030a4   0x080030a4   0x0000049c   Code   RO         2102    i.HAL_RCC_OscConfig  stm32f4xx_hal_rcc.o
    0x08003540   0x08003540   0x00000002   Code   RO         1588    i.HAL_TIMEx_BreakCallback  stm32f4xx_hal_tim_ex.o
    0x08003542   0x08003542   0x00000002   Code   RO         1589    i.HAL_TIMEx_CommutCallback  stm32f4xx_hal_tim_ex.o
    0x08003544   0x08003544   0x000000b4   Code   RO         1607    i.HAL_TIMEx_MasterConfigSynchronization  stm32f4xx_hal_tim_ex.o
    0x080035f8   0x080035f8   0x00000066   Code   RO          873    i.HAL_TIM_Base_Init  stm32f4xx_hal_tim.o
    0x0800365e   0x0800365e   0x00000002   PAD
    0x08003660   0x08003660   0x00000144   Code   RO          415    i.HAL_TIM_Base_MspInit  tim.o
    0x080037a4   0x080037a4   0x000000a8   Code   RO          878    i.HAL_TIM_Base_Start_IT  stm32f4xx_hal_tim.o
    0x0800384c   0x0800384c   0x0000010c   Code   RO          882    i.HAL_TIM_ConfigClockSource  stm32f4xx_hal_tim.o
    0x08003958   0x08003958   0x00000002   Code   RO          907    i.HAL_TIM_IC_CaptureCallback  stm32f4xx_hal_tim.o
    0x0800395a   0x0800395a   0x0000016c   Code   RO          921    i.HAL_TIM_IRQHandler  stm32f4xx_hal_tim.o
    0x08003ac6   0x08003ac6   0x00000002   PAD
    0x08003ac8   0x08003ac8   0x00000138   Code   RO          416    i.HAL_TIM_MspPostInit  tim.o
    0x08003c00   0x08003c00   0x00000002   Code   RO          924    i.HAL_TIM_OC_DelayElapsedCallback  stm32f4xx_hal_tim.o
    0x08003c02   0x08003c02   0x00000104   Code   RO          945    i.HAL_TIM_PWM_ConfigChannel  stm32f4xx_hal_tim.o
    0x08003d06   0x08003d06   0x00000066   Code   RO          948    i.HAL_TIM_PWM_Init  stm32f4xx_hal_tim.o
    0x08003d6c   0x08003d6c   0x00000002   Code   RO          950    i.HAL_TIM_PWM_MspInit  stm32f4xx_hal_tim.o
    0x08003d6e   0x08003d6e   0x00000002   Code   RO          951    i.HAL_TIM_PWM_PulseFinishedCallback  stm32f4xx_hal_tim.o
    0x08003d70   0x08003d70   0x00000028   Code   RO           14    i.HAL_TIM_PeriodElapsedCallback  main.o
    0x08003d98   0x08003d98   0x00000002   Code   RO          964    i.HAL_TIM_TriggerCallback  stm32f4xx_hal_tim.o
    0x08003d9a   0x08003d9a   0x00000002   Code   RO         3301    i.HAL_UARTEx_RxEventCallback  stm32f4xx_hal_uart.o
    0x08003d9c   0x08003d9c   0x000000c4   Code   RO         3304    i.HAL_UART_AbortReceive  stm32f4xx_hal_uart.o
    0x08003e60   0x08003e60   0x00000002   Code   RO         3315    i.HAL_UART_ErrorCallback  stm32f4xx_hal_uart.o
    0x08003e62   0x08003e62   0x00000002   PAD
    0x08003e64   0x08003e64   0x000002e8   Code   RO         3318    i.HAL_UART_IRQHandler  stm32f4xx_hal_uart.o
    0x0800414c   0x0800414c   0x00000076   Code   RO         3319    i.HAL_UART_Init     stm32f4xx_hal_uart.o
    0x080041c2   0x080041c2   0x00000002   PAD
    0x080041c4   0x080041c4   0x00000688   Code   RO          487    i.HAL_UART_MspInit  usart.o
    0x0800484c   0x0800484c   0x0000002c   Code   RO         3323    i.HAL_UART_Receive_DMA  stm32f4xx_hal_uart.o
    0x08004878   0x08004878   0x00000002   Code   RO         3325    i.HAL_UART_RxCpltCallback  stm32f4xx_hal_uart.o
    0x0800487a   0x0800487a   0x00000002   Code   RO         3326    i.HAL_UART_RxHalfCpltCallback  stm32f4xx_hal_uart.o
    0x0800487c   0x0800487c   0x000000be   Code   RO         3327    i.HAL_UART_Transmit  stm32f4xx_hal_uart.o
    0x0800493a   0x0800493a   0x00000002   Code   RO         3330    i.HAL_UART_TxCpltCallback  stm32f4xx_hal_uart.o
    0x0800493c   0x0800493c   0x00000004   Code   RO          580    i.HardFault_Handler  stm32f4xx_it.o
    0x08004940   0x08004940   0x00000044   Code   RO          343    i.MX_CAN1_Init      can.o
    0x08004984   0x08004984   0x00000044   Code   RO          344    i.MX_CAN2_Init      can.o
    0x080049c8   0x080049c8   0x00000108   Code   RO          390    i.MX_DMA_Init       dma.o
    0x08004ad0   0x08004ad0   0x00000110   Code   RO          261    i.MX_FREERTOS_Init  freertos.o
    0x08004be0   0x08004be0   0x00000130   Code   RO          237    i.MX_GPIO_Init      gpio.o
    0x08004d10   0x08004d10   0x0000009c   Code   RO          417    i.MX_TIM12_Init     tim.o
    0x08004dac   0x08004dac   0x0000006c   Code   RO          418    i.MX_TIM3_Init      tim.o
    0x08004e18   0x08004e18   0x000000d4   Code   RO          419    i.MX_TIM4_Init      tim.o
    0x08004eec   0x08004eec   0x0000006c   Code   RO          420    i.MX_TIM5_Init      tim.o
    0x08004f58   0x08004f58   0x0000009c   Code   RO          421    i.MX_TIM9_Init      tim.o
    0x08004ff4   0x08004ff4   0x00000038   Code   RO          488    i.MX_UART4_Init     usart.o
    0x0800502c   0x0800502c   0x00000038   Code   RO          489    i.MX_UART5_Init     usart.o
    0x08005064   0x08005064   0x00000040   Code   RO          490    i.MX_USART1_UART_Init  usart.o
    0x080050a4   0x080050a4   0x00000038   Code   RO          491    i.MX_USART2_UART_Init  usart.o
    0x080050dc   0x080050dc   0x00000038   Code   RO          492    i.MX_USART3_UART_Init  usart.o
    0x08005114   0x08005114   0x00000038   Code   RO          493    i.MX_USART6_UART_Init  usart.o
    0x0800514c   0x0800514c   0x00000004   Code   RO          581    i.MemManage_Handler  stm32f4xx_it.o
    0x08005150   0x08005150   0x00000050   Code   RO         5590    i.MicroSwicth_Callback  micro_swicth.o
    0x080051a0   0x080051a0   0x00000030   Code   RO         6011    i.ModeSwitch_Task   modeswitch_task.o
    0x080051d0   0x080051d0   0x00000004   Code   RO          582    i.NMI_Handler       stm32f4xx_it.o
    0x080051d4   0x080051d4   0x00000170   Code   RO         6086    i.PID_Calculate     pid.o
    0x08005344   0x08005344   0x00000078   Code   RO         6087    i.PID_Init          pid.o
    0x080053bc   0x080053bc   0x00000084   Code   RO         5794    i.Relaod_Found_Zero  reload_task.o
    0x08005440   0x08005440   0x0000004c   Code   RO         5795    i.Reload_Control    reload_task.o
    0x0800548c   0x0800548c   0x00000014   Code   RO         5796    i.Reload_Current_Set  reload_task.o
    0x080054a0   0x080054a0   0x00000028   Code   RO         5797    i.Reload_Data_Update  reload_task.o
    0x080054c8   0x080054c8   0x0000000c   Code   RO         5798    i.Reload_Mode_Change  reload_task.o
    0x080054d4   0x080054d4   0x00000050   Code   RO         5799    i.Reload_Motor_Init  reload_task.o
    0x08005524   0x08005524   0x00000034   Code   RO         5800    i.Reload_Pid_Cal    reload_task.o
    0x08005558   0x08005558   0x00000080   Code   RO         5801    i.Reload_Reinit     reload_task.o
    0x080055d8   0x080055d8   0x000000b0   Code   RO         5802    i.Reload_Serial     reload_task.o
    0x08005688   0x08005688   0x00000074   Code   RO         5803    i.Reload_Single     reload_task.o
    0x080056fc   0x080056fc   0x00000018   Code   RO         5804    i.Reload_Status_Init  reload_task.o
    0x08005714   0x08005714   0x00000034   Code   RO         5805    i.Reload_Task       reload_task.o
    0x08005748   0x08005748   0x00000038   Code   RO         5806    i.Reload_Tick       reload_task.o
    0x08005780   0x08005780   0x000000a0   Code   RO         5438    i.STMFLASH_GetFlashSector  bsp_flash.o
    0x08005820   0x08005820   0x00000006   Code   RO         5439    i.STMFLASH_ReadWord  bsp_flash.o
    0x08005826   0x08005826   0x00000002   PAD
    0x08005828   0x08005828   0x00000090   Code   RO         5476    i.Screen_Game_Handle  bsp_serial_screen.o
    0x080058b8   0x080058b8   0x000000a8   Code   RO         5477    i.Screen_Game_Mode  bsp_serial_screen.o
    0x08005960   0x08005960   0x000000fc   Code   RO         5478    i.Screen_Init_Mode  bsp_serial_screen.o
    0x08005a5c   0x08005a5c   0x0000005c   Code   RO         5479    i.Screen_Test_Handle  bsp_serial_screen.o
    0x08005ab8   0x08005ab8   0x00000040   Code   RO         5480    i.Screen_Test_Mode  bsp_serial_screen.o
    0x08005af8   0x08005af8   0x00000044   Code   RO         5481    i.Serial_Screen_Handle  bsp_serial_screen.o
    0x08005b3c   0x08005b3c   0x0000006c   Code   RO         5482    i.Serial_Screen_Task  bsp_serial_screen.o
    0x08005ba8   0x08005ba8   0x000000d4   Code   RO         5625    i.Shoot_Control     shoot_task.o
    0x08005c7c   0x08005c7c   0x00000018   Code   RO         5626    i.Shoot_Current_Set  shoot_task.o
    0x08005c94   0x08005c94   0x00000078   Code   RO         5627    i.Shoot_Motor_Init  shoot_task.o
    0x08005d0c   0x08005d0c   0x0000005c   Code   RO         5628    i.Shoot_PID_calu    shoot_task.o
    0x08005d68   0x08005d68   0x00000018   Code   RO         5629    i.Shoot_Status_Init  shoot_task.o
    0x08005d80   0x08005d80   0x00000038   Code   RO         5630    i.Shoot_Task        shoot_task.o
    0x08005db8   0x08005db8   0x00000034   Code   RO         5631    i.Shoot_data_update  shoot_task.o
    0x08005dec   0x08005dec   0x0000000a   Code   RO          262    i.StartDefaultTask  freertos.o
    0x08005df6   0x08005df6   0x00000002   PAD
    0x08005df8   0x08005df8   0x00000034   Code   RO         5101    i.SysTick_Handler   port.o
    0x08005e2c   0x08005e2c   0x000000b4   Code   RO           15    i.SystemClock_Config  main.o
    0x08005ee0   0x08005ee0   0x00000014   Code   RO         3663    i.SystemInit        system_stm32f4xx.o
    0x08005ef4   0x08005ef4   0x00000010   Code   RO          583    i.TIM1_BRK_TIM9_IRQHandler  stm32f4xx_it.o
    0x08005f04   0x08005f04   0x00000010   Code   RO          584    i.TIM2_IRQHandler   stm32f4xx_it.o
    0x08005f14   0x08005f14   0x00000010   Code   RO          585    i.TIM3_IRQHandler   stm32f4xx_it.o
    0x08005f24   0x08005f24   0x00000010   Code   RO          586    i.TIM4_IRQHandler   stm32f4xx_it.o
    0x08005f34   0x08005f34   0x00000010   Code   RO          587    i.TIM5_IRQHandler   stm32f4xx_it.o
    0x08005f44   0x08005f44   0x00000010   Code   RO          588    i.TIM8_BRK_TIM12_IRQHandler  stm32f4xx_it.o
    0x08005f54   0x08005f54   0x000000e8   Code   RO          966    i.TIM_Base_SetConfig  stm32f4xx_hal_tim.o
    0x0800603c   0x0800603c   0x00000016   Code   RO          977    i.TIM_ETR_SetConfig  stm32f4xx_hal_tim.o
    0x08006052   0x08006052   0x00000012   Code   RO          978    i.TIM_ITRx_SetConfig  stm32f4xx_hal_tim.o
    0x08006064   0x08006064   0x00000070   Code   RO          979    i.TIM_OC1_SetConfig  stm32f4xx_hal_tim.o
    0x080060d4   0x080060d4   0x0000007c   Code   RO          980    i.TIM_OC2_SetConfig  stm32f4xx_hal_tim.o
    0x08006150   0x08006150   0x00000078   Code   RO          981    i.TIM_OC3_SetConfig  stm32f4xx_hal_tim.o
    0x080061c8   0x080061c8   0x00000054   Code   RO          982    i.TIM_OC4_SetConfig  stm32f4xx_hal_tim.o
    0x0800621c   0x0800621c   0x00000026   Code   RO          984    i.TIM_TI1_ConfigInputStage  stm32f4xx_hal_tim.o
    0x08006242   0x08006242   0x00000028   Code   RO          986    i.TIM_TI2_ConfigInputStage  stm32f4xx_hal_tim.o
    0x0800626a   0x0800626a   0x00000014   Code   RO         6055    i.Temp_Task         temp_task.o
    0x0800627e   0x0800627e   0x00000002   PAD
    0x08006280   0x08006280   0x00000010   Code   RO          589    i.UART4_IRQHandler  stm32f4xx_it.o
    0x08006290   0x08006290   0x00000014   Code   RO          590    i.UART5_IRQHandler  stm32f4xx_it.o
    0x080062a4   0x080062a4   0x00000014   Code   RO         3332    i.UART_DMAAbortOnError  stm32f4xx_hal_uart.o
    0x080062b8   0x080062b8   0x00000050   Code   RO         3333    i.UART_DMAError     stm32f4xx_hal_uart.o
    0x08006308   0x08006308   0x000000b4   Code   RO         3334    i.UART_DMAReceiveCplt  stm32f4xx_hal_uart.o
    0x080063bc   0x080063bc   0x00000024   Code   RO         3336    i.UART_DMARxHalfCplt  stm32f4xx_hal_uart.o
    0x080063e0   0x080063e0   0x0000006c   Code   RO         3342    i.UART_EndRxTransfer  stm32f4xx_hal_uart.o
    0x0800644c   0x0800644c   0x00000020   Code   RO         3343    i.UART_EndTransmit_IT  stm32f4xx_hal_uart.o
    0x0800646c   0x0800646c   0x00000026   Code   RO         3344    i.UART_EndTxTransfer  stm32f4xx_hal_uart.o
    0x08006492   0x08006492   0x000000fc   Code   RO         3345    i.UART_Receive_IT   stm32f4xx_hal_uart.o
    0x0800658e   0x0800658e   0x00000002   PAD
    0x08006590   0x08006590   0x0000022c   Code   RO         3346    i.UART_SetConfig    stm32f4xx_hal_uart.o
    0x080067bc   0x080067bc   0x000000c8   Code   RO         3347    i.UART_Start_Receive_DMA  stm32f4xx_hal_uart.o
    0x08006884   0x08006884   0x00000060   Code   RO         3349    i.UART_Transmit_IT  stm32f4xx_hal_uart.o
    0x080068e4   0x080068e4   0x0000008c   Code   RO         3350    i.UART_WaitOnFlagUntilTimeout  stm32f4xx_hal_uart.o
    0x08006970   0x08006970   0x00000014   Code   RO          591    i.USART1_IRQHandler  stm32f4xx_it.o
    0x08006984   0x08006984   0x00000010   Code   RO          592    i.USART2_IRQHandler  stm32f4xx_it.o
    0x08006994   0x08006994   0x00000014   Code   RO          593    i.USART3_IRQHandler  stm32f4xx_it.o
    0x080069a8   0x080069a8   0x00000010   Code   RO          594    i.USART6_IRQHandler  stm32f4xx_it.o
    0x080069b8   0x080069b8   0x00000080   Code   RO         5263    i.USER_UART_IDLECallback  bsp_usart.o
    0x08006a38   0x08006a38   0x00000032   Code   RO         5264    i.USER_UART_IRQHandler  bsp_usart.o
    0x08006a6a   0x08006a6a   0x00000002   PAD
    0x08006a6c   0x08006a6c   0x000000b8   Code   RO         5265    i.USER_UART_Init    bsp_usart.o
    0x08006b24   0x08006b24   0x00000050   Code   RO         5266    i.Uart_printf       bsp_usart.o
    0x08006b74   0x08006b74   0x00000004   Code   RO          595    i.UsageFault_Handler  stm32f4xx_it.o
    0x08006b78   0x08006b78   0x0000009c   Code   RO         5541    i.User_Can1_CallBack  can_comm.o
    0x08006c14   0x08006c14   0x00000090   Code   RO         5542    i.User_Can2_CallBack  can_comm.o
    0x08006ca4   0x08006ca4   0x000000c2   Code   RO         5403    i.User_Decode       bsp_remote_et08.o
    0x08006d66   0x08006d66   0x00000002   PAD
    0x08006d68   0x08006d68   0x000000b8   Code   RO         5440    i.WriteFlashData    bsp_flash.o
    0x08006e20   0x08006e20   0x0000002c   Code   RO         6355    i.__0vsnprintf      mc_w.l(printfa.o)
    0x08006e4c   0x08006e4c   0x00000010   Code   RO         2894    i.__NVIC_GetPriorityGrouping  stm32f4xx_hal_cortex.o
    0x08006e5c   0x08006e5c   0x00000028   Code   RO         2895    i.__NVIC_SetPriority  stm32f4xx_hal_cortex.o
    0x08006e84   0x08006e84   0x0000000e   Code   RO         6450    i.__scatterload_copy  mc_w.l(handlers.o)
    0x08006e92   0x08006e92   0x00000002   Code   RO         6451    i.__scatterload_null  mc_w.l(handlers.o)
    0x08006e94   0x08006e94   0x0000000e   Code   RO         6452    i.__scatterload_zeroinit  mc_w.l(handlers.o)
    0x08006ea2   0x08006ea2   0x00000002   PAD
    0x08006ea4   0x08006ea4   0x00000184   Code   RO         6357    i._fp_digits        mc_w.l(printfa.o)
    0x08007028   0x08007028   0x000006dc   Code   RO         6358    i._printf_core      mc_w.l(printfa.o)
    0x08007704   0x08007704   0x00000024   Code   RO         6359    i._printf_post_padding  mc_w.l(printfa.o)
    0x08007728   0x08007728   0x0000002e   Code   RO         6360    i._printf_pre_padding  mc_w.l(printfa.o)
    0x08007756   0x08007756   0x00000016   Code   RO         6361    i._snputc           mc_w.l(printfa.o)
    0x0800776c   0x0800776c   0x000000a0   Code   RO         5187    i.can1_send_message  bsp_can.o
    0x0800780c   0x0800780c   0x00000098   Code   RO         5188    i.can2_send_message  bsp_can.o
    0x080078a4   0x080078a4   0x0000006c   Code   RO         5189    i.canx_init         bsp_can.o
    0x08007910   0x08007910   0x0000005c   Code   RO         5327    i.encoder_data_handler  dji_motor.o
    0x0800796c   0x0800796c   0x000000c8   Code   RO         6088    i.f_Changing_Integral_Rate  pid.o
    0x08007a34   0x08007a34   0x00000026   Code   RO         6089    i.f_Derivative_Filter  pid.o
    0x08007a5a   0x08007a5a   0x0000001a   Code   RO         6090    i.f_Derivative_On_Measurement  pid.o
    0x08007a74   0x08007a74   0x000000b4   Code   RO         6091    i.f_Integral_Limit  pid.o
    0x08007b28   0x08007b28   0x00000026   Code   RO         6092    i.f_Output_Filter   pid.o
    0x08007b4e   0x08007b4e   0x0000003e   Code   RO         6093    i.f_Output_Limit    pid.o
    0x08007b8c   0x08007b8c   0x000000a0   Code   RO         6094    i.f_PID_ErrorHandle  pid.o
    0x08007c2c   0x08007c2c   0x00000074   Code   RO         6095    i.f_PID_param_init  pid.o
    0x08007ca0   0x08007ca0   0x00000028   Code   RO         6096    i.f_PID_reset       pid.o
    0x08007cc8   0x08007cc8   0x0000003e   Code   RO         6097    i.f_Proportion_Limit  pid.o
    0x08007d06   0x08007d06   0x00000022   Code   RO         6098    i.f_Trapezoid_Intergral  pid.o
    0x08007d28   0x08007d28   0x00000010   Code   RO         5328    i.get_moto_offset   dji_motor.o
    0x08007d38   0x08007d38   0x00000010   Code   RO         4676    i.inHandlerMode     cmsis_os.o
    0x08007d48   0x08007d48   0x00000064   Code   RO           16    i.main              main.o
    0x08007dac   0x08007dac   0x0000000e   Code   RO         4678    i.makeFreeRtosPriority  cmsis_os.o
    0x08007dba   0x08007dba   0x00000018   Code   RO         4680    i.osDelay           cmsis_os.o
    0x08007dd2   0x08007dd2   0x0000001c   Code   RO         4681    i.osDelayUntil      cmsis_os.o
    0x08007dee   0x08007dee   0x0000000a   Code   RO         4683    i.osKernelStart     cmsis_os.o
    0x08007df8   0x08007df8   0x00000014   Code   RO         4684    i.osKernelSysTick   cmsis_os.o
    0x08007e0c   0x08007e0c   0x00000060   Code   RO         4714    i.osSignalSet       cmsis_os.o
    0x08007e6c   0x08007e6c   0x00000062   Code   RO         4715    i.osSignalWait      cmsis_os.o
    0x08007ece   0x08007ece   0x0000005e   Code   RO         4717    i.osThreadCreate    cmsis_os.o
    0x08007f2c   0x08007f2c   0x00000098   Code   RO         4180    i.prvAddCurrentTaskToDelayedList  tasks.o
    0x08007fc4   0x08007fc4   0x000000b4   Code   RO         4181    i.prvAddNewTaskToReadyList  tasks.o
    0x08008078   0x08008078   0x00000074   Code   RO         4522    i.prvCheckForValidListAndQueue  timers.o
    0x080080ec   0x080080ec   0x00000048   Code   RO         4182    i.prvCheckTasksWaitingTermination  tasks.o
    0x08008134   0x08008134   0x0000002a   Code   RO         3840    i.prvCopyDataFromQueue  queue.o
    0x0800815e   0x0800815e   0x0000007e   Code   RO         3841    i.prvCopyDataToQueue  queue.o
    0x080081dc   0x080081dc   0x00000050   Code   RO         4183    i.prvDeleteTCB      tasks.o
    0x0800822c   0x0800822c   0x00000028   Code   RO         4523    i.prvGetNextExpireTime  timers.o
    0x08008254   0x08008254   0x0000007c   Code   RO         5045    i.prvHeapInit       heap_4.o
    0x080082d0   0x080082d0   0x00000028   Code   RO         4184    i.prvIdleTask       tasks.o
    0x080082f8   0x080082f8   0x00000026   Code   RO         3844    i.prvInitialiseNewQueue  queue.o
    0x0800831e   0x0800831e   0x000000be   Code   RO         4185    i.prvInitialiseNewTask  tasks.o
    0x080083dc   0x080083dc   0x00000068   Code   RO         4186    i.prvInitialiseTaskLists  tasks.o
    0x08008444   0x08008444   0x00000068   Code   RO         5046    i.prvInsertBlockIntoFreeList  heap_4.o
    0x080084ac   0x080084ac   0x00000058   Code   RO         4525    i.prvInsertTimerInActiveList  timers.o
    0x08008504   0x08008504   0x0000001a   Code   RO         3845    i.prvIsQueueEmpty   queue.o
    0x0800851e   0x0800851e   0x0000001e   Code   RO         3846    i.prvIsQueueFull    queue.o
    0x0800853c   0x0800853c   0x00000074   Code   RO         4526    i.prvProcessExpiredTimer  timers.o
    0x080085b0   0x080085b0   0x00000138   Code   RO         4527    i.prvProcessReceivedCommands  timers.o
    0x080086e8   0x080086e8   0x00000074   Code   RO         4528    i.prvProcessTimerOrBlockTask  timers.o
    0x0800875c   0x0800875c   0x00000034   Code   RO         4187    i.prvResetNextTaskUnblockTime  tasks.o
    0x08008790   0x08008790   0x0000002c   Code   RO         4529    i.prvSampleTimeNow  timers.o
    0x080087bc   0x080087bc   0x000000a4   Code   RO         4530    i.prvSwitchTimerLists  timers.o
    0x08008860   0x08008860   0x00000040   Code   RO         5102    i.prvTaskExitError  port.o
    0x080088a0   0x080088a0   0x0000001a   Code   RO         4531    i.prvTimerTask      timers.o
    0x080088ba   0x080088ba   0x0000007e   Code   RO         3847    i.prvUnlockQueue    queue.o
    0x08008938   0x08008938   0x0000014c   Code   RO         5047    i.pvPortMalloc      heap_4.o
    0x08008a84   0x08008a84   0x0000002c   Code   RO         5103    i.pxPortInitialiseStack  port.o
    0x08008ab0   0x08008ab0   0x00000030   Code   RO         5807    i.reload_auto_handler  reload_task.o
    0x08008ae0   0x08008ae0   0x00000038   Code   RO         5808    i.reload_init_handler  reload_task.o
    0x08008b18   0x08008b18   0x00000018   Code   RO         5809    i.reload_lock_handler  reload_task.o
    0x08008b30   0x08008b30   0x0000009c   Code   RO         5810    i.reload_mode_sw    reload_task.o
    0x08008bcc   0x08008bcc   0x00000038   Code   RO         5811    i.reload_protect_handler  reload_task.o
    0x08008c04   0x08008c04   0x00000028   Code   RO         5812    i.reload_remote_handler  reload_task.o
    0x08008c2c   0x08008c2c   0x000000dc   Code   RO         5813    i.reload_status_transition  reload_task.o
    0x08008d08   0x08008d08   0x0000013c   Code   RO         5404    i.sbus_callback_handler  bsp_remote_et08.o
    0x08008e44   0x08008e44   0x00000030   Code   RO         5632    i.shoot_auto_handler  shoot_task.o
    0x08008e74   0x08008e74   0x00000038   Code   RO         5633    i.shoot_init_handler  shoot_task.o
    0x08008eac   0x08008eac   0x00000018   Code   RO         5634    i.shoot_lock_handler  shoot_task.o
    0x08008ec4   0x08008ec4   0x00000078   Code   RO         5635    i.shoot_mode_sw     shoot_task.o
    0x08008f3c   0x08008f3c   0x00000028   Code   RO         5636    i.shoot_protect_handler  shoot_task.o
    0x08008f64   0x08008f64   0x00000028   Code   RO         5637    i.shoot_remote_handler  shoot_task.o
    0x08008f8c   0x08008f8c   0x000000cc   Code   RO         5638    i.shoot_status_transition  shoot_task.o
    0x08009058   0x08009058   0x00000068   Code   RO         6012    i.sw1_mode_handler  modeswitch_task.o
    0x080090c0   0x080090c0   0x00000044   Code   RO         6013    i.unlock_init       modeswitch_task.o
    0x08009104   0x08009104   0x00000028   Code   RO         3800    i.uxListRemove      list.o
    0x0800912c   0x0800912c   0x00000018   Code   RO          263    i.vApplicationGetIdleTaskMemory  freertos.o
    0x08009144   0x08009144   0x00000018   Code   RO          264    i.vApplicationGetTimerTaskMemory  freertos.o
    0x0800915c   0x0800915c   0x0000001a   Code   RO         3801    i.vListInitialise   list.o
    0x08009176   0x08009176   0x00000006   Code   RO         3802    i.vListInitialiseItem  list.o
    0x0800917c   0x0800917c   0x00000034   Code   RO         3803    i.vListInsert       list.o
    0x080091b0   0x080091b0   0x00000018   Code   RO         3804    i.vListInsertEnd    list.o
    0x080091c8   0x080091c8   0x00000054   Code   RO         5105    i.vPortEnterCritical  port.o
    0x0800921c   0x0800921c   0x0000003c   Code   RO         5106    i.vPortExitCritical  port.o
    0x08009258   0x08009258   0x000000a4   Code   RO         5048    i.vPortFree         heap_4.o
    0x080092fc   0x080092fc   0x00000028   Code   RO         5107    i.vPortSetupTimerInterrupt  port.o
    0x08009324   0x08009324   0x00000078   Code   RO         5108    i.vPortValidateInterruptPriority  port.o
    0x0800939c   0x0800939c   0x0000002c   Code   RO         3851    i.vQueueAddToRegistry  queue.o
    0x080093c8   0x080093c8   0x0000004a   Code   RO         3854    i.vQueueWaitForMessageRestricted  queue.o
    0x08009412   0x08009412   0x00000002   PAD
    0x08009414   0x08009414   0x0000005c   Code   RO         4198    i.vTaskDelay        tasks.o
    0x08009470   0x08009470   0x000000d4   Code   RO         4199    i.vTaskDelayUntil   tasks.o
    0x08009544   0x08009544   0x00000018   Code   RO         4202    i.vTaskInternalSetTimeOutState  tasks.o
    0x0800955c   0x0800955c   0x0000000c   Code   RO         4203    i.vTaskMissedYield  tasks.o
    0x08009568   0x08009568   0x00000038   Code   RO         4205    i.vTaskPlaceOnEventList  tasks.o
    0x080095a0   0x080095a0   0x00000040   Code   RO         4206    i.vTaskPlaceOnEventListRestricted  tasks.o
    0x080095e0   0x080095e0   0x000000b8   Code   RO         4213    i.vTaskStartScheduler  tasks.o
    0x08009698   0x08009698   0x00000010   Code   RO         4215    i.vTaskSuspendAll   tasks.o
    0x080096a8   0x080096a8   0x0000008c   Code   RO         4216    i.vTaskSwitchContext  tasks.o
    0x08009734   0x08009734   0x00000168   Code   RO         5109    i.xPortStartScheduler  port.o
    0x0800989c   0x0800989c   0x000000e0   Code   RO         3858    i.xQueueGenericCreateStatic  queue.o
    0x0800997c   0x0800997c   0x00000098   Code   RO         3859    i.xQueueGenericReset  queue.o
    0x08009a14   0x08009a14   0x000001a8   Code   RO         3860    i.xQueueGenericSend  queue.o
    0x08009bbc   0x08009bbc   0x000000fc   Code   RO         3861    i.xQueueGenericSendFromISR  queue.o
    0x08009cb8   0x08009cb8   0x00000168   Code   RO         3867    i.xQueueReceive     queue.o
    0x08009e20   0x08009e20   0x0000008c   Code   RO         4218    i.xTaskCheckForTimeOut  tasks.o
    0x08009eac   0x08009eac   0x00000064   Code   RO         4219    i.xTaskCreate       tasks.o
    0x08009f10   0x08009f10   0x000000ba   Code   RO         4220    i.xTaskCreateStatic  tasks.o
    0x08009fca   0x08009fca   0x00000002   PAD
    0x08009fcc   0x08009fcc   0x00000128   Code   RO         4221    i.xTaskGenericNotify  tasks.o
    0x0800a0f4   0x0800a0f4   0x00000168   Code   RO         4222    i.xTaskGenericNotifyFromISR  tasks.o
    0x0800a25c   0x0800a25c   0x00000020   Code   RO         4224    i.xTaskGetSchedulerState  tasks.o
    0x0800a27c   0x0800a27c   0x0000000c   Code   RO         4225    i.xTaskGetTickCount  tasks.o
    0x0800a288   0x0800a288   0x00000014   Code   RO         4226    i.xTaskGetTickCountFromISR  tasks.o
    0x0800a29c   0x0800a29c   0x00000148   Code   RO         4227    i.xTaskIncrementTick  tasks.o
    0x0800a3e4   0x0800a3e4   0x000000a0   Code   RO         4229    i.xTaskNotifyWait   tasks.o
    0x0800a484   0x0800a484   0x000000c8   Code   RO         4230    i.xTaskPriorityDisinherit  tasks.o
    0x0800a54c   0x0800a54c   0x00000098   Code   RO         4232    i.xTaskRemoveFromEventList  tasks.o
    0x0800a5e4   0x0800a5e4   0x00000104   Code   RO         4233    i.xTaskResumeAll    tasks.o
    0x0800a6e8   0x0800a6e8   0x00000078   Code   RO         4538    i.xTimerCreateTimerTask  timers.o
    0x0800a760   0x0800a760   0x00000084   Code   RO         4539    i.xTimerGenericCommand  timers.o
    0x0800a7e4   0x0800a7e4   0x000000fc   Data   RO          266    .constdata          freertos.o
    0x0800a8e0   0x0800a8e0   0x00000008   Data   RO         2608    .constdata          stm32f4xx_hal_dma.o
    0x0800a8e8   0x0800a8e8   0x00000018   Data   RO         3664    .constdata          system_stm32f4xx.o
    0x0800a900   0x0800a900   0x0000002c   Data   RO         5544    .constdata          can_comm.o
    0x0800a92c   0x0800a92c   0x0000006e   Data   RO          267    .conststring        freertos.o
    0x0800a99a   0x0800a99a   0x00000002   PAD
    0x0800a99c   0x0800a99c   0x00000020   Data   RO         6448    Region$$Table       anon$$obj.o


    Execution Region RW_IRAM1 (Exec base: 0x20000000, Load base: 0x0800a9bc, Size: 0x00005a00, Max: 0x0001c000, ABSOLUTE)

    Exec Addr    Load Addr    Size         Type   Attr      Idx    E Section Name        Object

    0x20000000   0x0800a9bc   0x00000024   Data   RW          268    .data               freertos.o
    0x20000024   0x0800a9e0   0x00000004   Data   RW          346    .data               can.o
    0x20000028   0x0800a9e4   0x00000009   Data   RW         3058    .data               stm32f4xx_hal.o
    0x20000031   0x0800a9ed   0x00000003   PAD
    0x20000034   0x0800a9f0   0x00000004   Data   RW         3665    .data               system_stm32f4xx.o
    0x20000038   0x0800a9f4   0x0000003c   Data   RW         4236    .data               tasks.o
    0x20000074   0x0800aa30   0x00000014   Data   RW         4545    .data               timers.o
    0x20000088   0x0800aa44   0x00000020   Data   RW         5054    .data               heap_4.o
    0x200000a8   0x0800aa64   0x0000000c   Data   RW         5110    .data               port.o
    0x200000b4   0x0800aa70   0x00000010   Data   RW         5191    .data               bsp_can.o
    0x200000c4   0x0800aa80   0x00000002   Data   RW         5268    .data               bsp_usart.o
    0x200000c6   0x0800aa82   0x0000000f   Data   RW         5484    .data               bsp_serial_screen.o
    0x200000d5   0x0800aa91   0x00000001   PAD
    0x200000d6   0x0800aa92   0x00000009   Data   RW         5545    .data               can_comm.o
    0x200000df   0x0800aa9b   0x00000001   PAD
    0x200000e0   0x0800aa9c   0x00000004   Data   RW         5591    .data               micro_swicth.o
    0x200000e4   0x0800aaa0   0x00000011   Data   RW         5640    .data               shoot_task.o
    0x200000f5   0x0800aab1   0x00000001   Data   RW         5741    .data               debug_task.o
    0x200000f6   0x0800aab2   0x00000002   PAD
    0x200000f8   0x0800aab4   0x00000013   Data   RW         5815    .data               reload_task.o
    0x2000010b   0x0800aac7   0x00000001   PAD
    0x2000010c   0x0800aac8   0x0000000e   Data   RW         5941    .data               gimbal_task.o
    0x2000011a   0x0800aad6   0x00000002   Data   RW         6014    .data               modeswitch_task.o
    0x2000011c        -       0x000006a8   Zero   RW          265    .bss                freertos.o
    0x200007c4        -       0x00000050   Zero   RW          345    .bss                can.o
    0x20000814        -       0x00000168   Zero   RW          422    .bss                tim.o
    0x2000097c        -       0x00000630   Zero   RW          494    .bss                usart.o
    0x20000fac        -       0x00000048   Zero   RW          835    .bss                stm32f4xx_hal_timebase_tim.o
    0x20000ff4        -       0x00000020   Zero   RW         2262    .bss                stm32f4xx_hal_flash.o
    0x20001014        -       0x00000040   Zero   RW         3870    .bss                queue.o
    0x20001054        -       0x000000f0   Zero   RW         4235    .bss                tasks.o
    0x20001144        -       0x000000e8   Zero   RW         4544    .bss                timers.o
    0x2000122c        -       0x00003c00   Zero   RW         5053    .bss                heap_4.o
    0x20004e2c        -       0x00000024   Zero   RW         5190    .bss                bsp_can.o
    0x20004e50        -       0x000000af   Zero   RW         5267    .bss                bsp_usart.o
    0x20004eff        -       0x00000042   Zero   RW         5357    .bss                data_scope.o
    0x20004f41   0x0800aad8   0x00000001   PAD
    0x20004f42        -       0x0000002c   Zero   RW         5405    .bss                bsp_remote_et08.o
    0x20004f6e   0x0800aad8   0x00000002   PAD
    0x20004f70        -       0x00000028   Zero   RW         5483    .bss                bsp_serial_screen.o
    0x20004f98        -       0x00000060   Zero   RW         5543    .bss                can_comm.o
    0x20004ff8        -       0x00000128   Zero   RW         5639    .bss                shoot_task.o
    0x20005120        -       0x000001b8   Zero   RW         5814    .bss                reload_task.o
    0x200052d8        -       0x00000128   Zero   RW         5940    .bss                gimbal_task.o
    0x20005400        -       0x00000600   Zero   RW            1    STACK               startup_stm32f407xx.o


    Execution Region RW_IRAM2 (Exec base: 0x2001c000, Load base: 0x0800aad8, Size: 0x00000000, Max: 0x00004000, ABSOLUTE)

    **** No section assigned to this execution region ****


==============================================================================

Image component sizes


      Code (inc. data)   RO Data    RW Data    ZI Data      Debug   Object Name

       960         72          0         16         36       7918   bsp_can.o
       350         48          0          0          0       3149   bsp_flash.o
       510          0          0          0         44       2579   bsp_remote_et08.o
       896        326          0         15         40       5786   bsp_serial_screen.o
       442         62          0          2        175       4090   bsp_usart.o
       588         42          0          4         80       2594   can.o
       488         44         44          9         96       4046   can_comm.o
       400          4          0          0          0      32189   cmsis_os.o
       232         14          0          0         66       3112   data_scope.o
       544         42          0          1          0       3505   debug_task.o
       108          0          0          0          0       2033   dji_motor.o
       264          6          0          0          0        930   dma.o
         0          0          0          0          0      20020   event_groups.o
       330         60        362         36       1704       8857   freertos.o
      1252        212          0         14        296       9789   gimbal_task.o
       304         14          0          0          0       1131   gpio.o
       724         74          0         32      15360       4983   heap_4.o
       148          0          0          0          0       3682   list.o
       326         22          0          0          0     740596   main.o
        80         16          0          4          0       1225   micro_swicth.o
       220         30          0          2          0       2488   modeswitch_task.o
      1444         40          0          0          0      10701   pid.o
      1014         92          0         12          0      12273   port.o
      1918         20          0          0         64      17664   queue.o
      1776        344          0         19        440      12115   reload_task.o
      1132        168          0         17        296      12150   shoot_task.o
        36          8        392          0       1536        856   startup_stm32f407xx.o
        96         20          0          9          0       8198   stm32f4xx_hal.o
      2200          6          0          0          0      14885   stm32f4xx_hal_can.o
       260         22          0          0          0      33674   stm32f4xx_hal_cortex.o
      1442         16          8          0          0       7829   stm32f4xx_hal_dma.o
       640         64          0          0         32       6162   stm32f4xx_hal_flash.o
       432         26          0          0          0       3354   stm32f4xx_hal_flash_ex.o
       528         46          0          0          0       2863   stm32f4xx_hal_gpio.o
        84          6          0          0          0        898   stm32f4xx_hal_msp.o
      1884         90          0          0          0       6421   stm32f4xx_hal_rcc.o
      2064        112          0          0          0      15408   stm32f4xx_hal_tim.o
       184         30          0          0          0       2605   stm32f4xx_hal_tim_ex.o
       180         18          0          0         72       1527   stm32f4xx_hal_timebase_tim.o
      3040         28          0          0          0      18046   stm32f4xx_hal_uart.o
       546        186          0          0          0      19608   stm32f4xx_it.o
         0          0          0          0          0        392   stream_buffer.o
        20          6         24          4          0       1187   system_stm32f4xx.o
      3916        428          0         60        240      33766   tasks.o
        20          0          0          0          0        568   temp_task.o
      1376        102          0          0        360       5762   tim.o
      1274        124          0         20        232      30963   timers.o
      2016        184          0          0       1584       6403   usart.o

    ----------------------------------------------------------------------
     38732       3274        864        284      22756    1150980   Object Totals
         0          0         32          0          0          0   (incl. Generated)
        44          0          2          8          3          0   (incl. Padding)

    ----------------------------------------------------------------------

      Code (inc. data)   RO Data    RW Data    ZI Data      Debug   Library Member Name

         0          0          0          0          0          0   entry.o
         0          0          0          0          0          0   entry10a.o
         0          0          0          0          0          0   entry11a.o
         8          4          0          0          0          0   entry2.o
         4          0          0          0          0          0   entry5.o
         0          0          0          0          0          0   entry7b.o
         0          0          0          0          0          0   entry8b.o
         8          4          0          0          0          0   entry9a.o
        30          0          0          0          0          0   handlers.o
        36          8          0          0          0         68   init.o
         0          0          0          0          0          0   iusefp.o
        30          0          0          0          0         68   llshl.o
        36          0          0          0          0         68   llsshr.o
        32          0          0          0          0         68   llushr.o
        36          0          0          0          0         68   memcpya.o
        36          0          0          0          0        108   memseta.o
      2292         84          0          0          0        516   printfa.o
        44          0          0          0          0         80   uidiv.o
        98          0          0          0          0         92   uldiv.o
        48          0          0          0          0         68   cdrcmple.o
       334          0          0          0          0        148   dadd.o
       222          0          0          0          0        100   ddiv.o
       186          0          0          0          0        176   depilogue.o
        62          0          0          0          0         80   dfixi.o
        48          0          0          0          0         68   dfixul.o
        34          0          0          0          0         76   dflti.o
       228          0          0          0          0         96   dmul.o

    ----------------------------------------------------------------------
      3856        100          0          0          0       1948   Library Totals
         4          0          0          0          0          0   (incl. Padding)

    ----------------------------------------------------------------------

      Code (inc. data)   RO Data    RW Data    ZI Data      Debug   Library Name

      2690        100          0          0          0       1136   mc_w.l
      1162          0          0          0          0        812   mf_w.l

    ----------------------------------------------------------------------
      3856        100          0          0          0       1948   Library Totals

    ----------------------------------------------------------------------

==============================================================================


      Code (inc. data)   RO Data    RW Data    ZI Data      Debug   

     42588       3374        864        284      22756    1117192   Grand Totals
     42588       3374        864        284      22756    1117192   ELF Image Totals
     42588       3374        864        284          0          0   ROM Totals

==============================================================================

    Total RO  Size (Code + RO Data)                43452 (  42.43kB)
    Total RW  Size (RW Data + ZI Data)             23040 (  22.50kB)
    Total ROM Size (Code + RO Data + RW Data)      43736 (  42.71kB)

==============================================================================

